Device: cpu | mode: leave_one_out | unify: False

train:   0%|          | 0/62 [00:00<?, ?it/s]
train:   2%|▏         | 1/62 [00:04<04:54,  4.83s/it]
train:   3%|▎         | 2/62 [00:08<04:04,  4.08s/it]
train:   5%|▍         | 3/62 [00:10<03:15,  3.31s/it]
train:   6%|▋         | 4/62 [00:12<02:39,  2.75s/it]
train:   8%|▊         | 5/62 [00:14<02:15,  2.38s/it]
train:  10%|▉         | 6/62 [00:16<02:03,  2.21s/it]
train:  11%|█▏        | 7/62 [00:19<02:26,  2.66s/it]
train:  13%|█▎        | 8/62 [00:23<02:37,  2.92s/it]
train:  15%|█▍        | 9/62 [00:26<02:45,  3.12s/it]
train:  16%|█▌        | 10/62 [00:29<02:39,  3.07s/it]
train:  18%|█▊        | 11/62 [00:32<02:23,  2.82s/it]
train:  19%|█▉        | 12/62 [00:34<02:12,  2.65s/it]
train:  21%|██        | 13/62 [00:36<02:02,  2.49s/it]
train:  23%|██▎       | 14/62 [00:38<01:53,  2.37s/it]
train:  24%|██▍       | 15/62 [00:40<01:49,  2.34s/it]
train:  26%|██▌       | 16/62 [00:43<01:45,  2.29s/it]
train:  27%|██▋       | 17/62 [00:45<01:41,  2.24s/it]
train:  29%|██▉       | 18/62 [00:47<01:40,  2.29s/it]
train:  31%|███       | 19/62 [00:49<01:35,  2.22s/it]
train:  32%|███▏      | 20/62 [00:51<01:31,  2.17s/it]
train:  34%|███▍      | 21/62 [00:53<01:26,  2.10s/it]
train:  35%|███▌      | 22/62 [00:55<01:25,  2.15s/it]
train:  37%|███▋      | 23/62 [00:58<01:23,  2.15s/it]
train:  39%|███▊      | 24/62 [01:00<01:20,  2.11s/it]
train:  40%|████      | 25/62 [01:01<01:15,  2.05s/it]
train:  42%|████▏     | 26/62 [01:04<01:15,  2.09s/it]
train:  44%|████▎     | 27/62 [01:06<01:13,  2.10s/it]
train:  45%|████▌     | 28/62 [01:08<01:11,  2.11s/it]
train:  47%|████▋     | 29/62 [01:10<01:12,  2.18s/it]
train:  48%|████▊     | 30/62 [01:13<01:13,  2.30s/it]
train:  50%|█████     | 31/62 [01:15<01:12,  2.33s/it]
train:  52%|█████▏    | 32/62 [01:17<01:08,  2.29s/it]
train:  53%|█████▎    | 33/62 [01:20<01:07,  2.31s/it]
train:  55%|█████▍    | 34/62 [01:22<01:03,  2.26s/it]
train:  56%|█████▋    | 35/62 [01:26<01:14,  2.75s/it]
train:  58%|█████▊    | 36/62 [01:29<01:14,  2.88s/it]
train:  60%|█████▉    | 37/62 [01:32<01:11,  2.87s/it]
train:  61%|██████▏   | 38/62 [01:34<01:05,  2.74s/it]
train:  63%|██████▎   | 39/62 [01:36<00:57,  2.51s/it]
train:  65%|██████▍   | 40/62 [01:38<00:52,  2.36s/it]
train:  66%|██████▌   | 41/62 [01:40<00:46,  2.23s/it]
train:  68%|██████▊   | 42/62 [01:42<00:43,  2.16s/it]
train:  69%|██████▉   | 43/62 [01:45<00:42,  2.23s/it]
train:  71%|███████   | 44/62 [01:47<00:39,  2.18s/it]
train:  73%|███████▎  | 45/62 [01:49<00:35,  2.11s/it]
train:  74%|███████▍  | 46/62 [01:50<00:32,  2.04s/it]
train:  76%|███████▌  | 47/62 [01:52<00:30,  2.00s/it]
train:  77%|███████▋  | 48/62 [01:54<00:28,  2.03s/it]
train:  79%|███████▉  | 49/62 [01:56<00:25,  1.98s/it]
train:  81%|████████  | 50/62 [01:58<00:23,  1.96s/it]
train:  82%|████████▏ | 51/62 [02:00<00:21,  1.98s/it]
train:  84%|████████▍ | 52/62 [02:02<00:19,  1.98s/it]
train:  85%|████████▌ | 53/62 [02:04<00:17,  1.96s/it]
train:  87%|████████▋ | 54/62 [02:06<00:15,  1.95s/it]
train:  89%|████████▊ | 55/62 [02:08<00:13,  1.93s/it]
train:  90%|█████████ | 56/62 [02:10<00:11,  1.94s/it]
train:  92%|█████████▏| 57/62 [02:12<00:09,  1.95s/it]
train:  94%|█████████▎| 58/62 [02:14<00:07,  1.97s/it]
train:  95%|█████████▌| 59/62 [02:16<00:05,  1.97s/it]
train:  97%|█████████▋| 60/62 [02:18<00:03,  1.97s/it]
train:  98%|█████████▊| 61/62 [02:20<00:01,  2.00s/it]
train: 100%|██████████| 62/62 [02:22<00:00,  2.02s/it]
                                                      

val:   0%|          | 0/7 [00:00<?, ?it/s]
val:  14%|█▍        | 1/7 [00:00<00:02,  2.52it/s]
val:  29%|██▊       | 2/7 [00:00<00:01,  2.70it/s]
val:  43%|████▎     | 3/7 [00:01<00:02,  2.00it/s]
val:  57%|█████▋    | 4/7 [00:01<00:01,  2.17it/s]
val:  71%|███████▏  | 5/7 [00:02<00:00,  2.29it/s]
val:  86%|████████▌ | 6/7 [00:02<00:00,  2.02it/s]
val: 100%|██████████| 7/7 [00:03<00:00,  2.37it/s]
                                                  
Epoch 1/5 | train_loss=2.0754 | val_loss=2.0240

train:   0%|          | 0/62 [00:00<?, ?it/s]
train:   2%|▏         | 1/62 [00:01<01:56,  1.91s/it]
train:   3%|▎         | 2/62 [00:03<01:55,  1.93s/it]
train:   5%|▍         | 3/62 [00:05<01:53,  1.92s/it]
train:   6%|▋         | 4/62 [00:07<01:51,  1.93s/it]
train:   8%|▊         | 5/62 [00:09<01:47,  1.89s/it]
train:  10%|▉         | 6/62 [00:11<01:45,  1.89s/it]
train:  11%|█▏        | 7/62 [00:13<01:43,  1.87s/it]
train:  13%|█▎        | 8/62 [00:15<01:41,  1.88s/it]
train:  15%|█▍        | 9/62 [00:17<01:44,  1.96s/it]
train:  16%|█▌        | 10/62 [00:19<01:41,  1.95s/it]
train:  18%|█▊        | 11/62 [00:21<01:40,  1.97s/it]
train:  19%|█▉        | 12/62 [00:23<01:44,  2.09s/it]
train:  21%|██        | 13/62 [00:25<01:44,  2.13s/it]
train:  23%|██▎       | 14/62 [00:27<01:39,  2.08s/it]
train:  24%|██▍       | 15/62 [00:29<01:35,  2.03s/it]
train:  26%|██▌       | 16/62 [00:32<01:42,  2.24s/it]
train:  27%|██▋       | 17/62 [00:34<01:39,  2.21s/it]
train:  29%|██▉       | 18/62 [00:36<01:34,  2.16s/it]
train:  31%|███       | 19/62 [00:38<01:31,  2.12s/it]
train:  32%|███▏      | 20/62 [00:40<01:27,  2.08s/it]
train:  34%|███▍      | 21/62 [00:42<01:26,  2.11s/it]
train:  35%|███▌      | 22/62 [00:45<01:25,  2.14s/it]
train:  37%|███▋      | 23/62 [00:46<01:21,  2.08s/it]
train:  39%|███▊      | 24/62 [00:49<01:23,  2.21s/it]
train:  40%|████      | 25/62 [00:51<01:19,  2.15s/it]
train:  42%|████▏     | 26/62 [00:53<01:15,  2.09s/it]
train:  44%|████▎     | 27/62 [00:55<01:11,  2.05s/it]
train:  45%|████▌     | 28/62 [00:57<01:09,  2.04s/it]
train:  47%|████▋     | 29/62 [00:59<01:08,  2.09s/it]
train:  48%|████▊     | 30/62 [01:01<01:05,  2.04s/it]
train:  50%|█████     | 31/62 [01:03<01:02,  2.01s/it]
train:  52%|█████▏    | 32/62 [01:05<00:59,  1.99s/it]
train:  53%|█████▎    | 33/62 [01:07<01:00,  2.07s/it]
train:  55%|█████▍    | 34/62 [01:09<00:58,  2.08s/it]
train:  56%|█████▋    | 35/62 [01:11<00:55,  2.06s/it]
train:  58%|█████▊    | 36/62 [01:13<00:51,  1.99s/it]
train:  60%|█████▉    | 37/62 [01:15<00:49,  1.98s/it]
train:  61%|██████▏   | 38/62 [01:17<00:48,  2.01s/it]
train:  63%|██████▎   | 39/62 [01:19<00:45,  1.97s/it]
train:  65%|██████▍   | 40/62 [01:21<00:42,  1.93s/it]
train:  66%|██████▌   | 41/62 [01:23<00:40,  1.94s/it]
train:  68%|██████▊   | 42/62 [01:25<00:41,  2.06s/it]
train:  69%|██████▉   | 43/62 [01:27<00:38,  2.03s/it]
train:  71%|███████   | 44/62 [01:45<02:03,  6.83s/it]
train:  73%|███████▎  | 45/62 [01:48<01:33,  5.52s/it]
train:  74%|███████▍  | 46/62 [01:54<01:32,  5.79s/it]
train:  76%|███████▌  | 47/62 [01:58<01:20,  5.37s/it]
train:  77%|███████▋  | 48/62 [02:02<01:06,  4.76s/it]
train:  79%|███████▉  | 49/62 [02:04<00:51,  3.93s/it]
train:  81%|████████  | 50/62 [02:06<00:39,  3.33s/it]
train:  82%|████████▏ | 51/62 [02:38<02:12, 12.00s/it]
train:  84%|████████▍ | 52/62 [02:40<01:31,  9.15s/it]
train:  85%|████████▌ | 53/62 [02:42<01:03,  7.01s/it]
train:  87%|████████▋ | 54/62 [02:44<00:43,  5.47s/it]
train:  89%|████████▊ | 55/62 [02:46<00:31,  4.45s/it]
train:  90%|█████████ | 56/62 [02:48<00:22,  3.71s/it]
train:  92%|█████████▏| 57/62 [02:50<00:16,  3.21s/it]
train:  94%|█████████▎| 58/62 [02:52<00:11,  2.86s/it]
train:  95%|█████████▌| 59/62 [02:54<00:07,  2.58s/it]
train:  97%|█████████▋| 60/62 [02:57<00:04,  2.45s/it]
train:  98%|█████████▊| 61/62 [02:59<00:02,  2.34s/it]
train: 100%|██████████| 62/62 [03:00<00:00,  2.20s/it]
                                                      

val:   0%|          | 0/7 [00:00<?, ?it/s]
val:  14%|█▍        | 1/7 [00:00<00:03,  1.60it/s]
val:  29%|██▊       | 2/7 [00:00<00:02,  2.19it/s]
val:  43%|████▎     | 3/7 [00:01<00:01,  2.51it/s]
val:  57%|█████▋    | 4/7 [00:01<00:01,  2.66it/s]
val:  71%|███████▏  | 5/7 [00:01<00:00,  2.80it/s]
val:  86%|████████▌ | 6/7 [00:02<00:00,  2.79it/s]
val: 100%|██████████| 7/7 [00:02<00:00,  3.32it/s]
                                                  
Epoch 2/5 | train_loss=2.0738 | val_loss=2.0240

train:   0%|          | 0/62 [00:00<?, ?it/s]
train:   2%|▏         | 1/62 [00:10<10:14, 10.08s/it]
train:   3%|▎         | 2/62 [00:20<10:04, 10.07s/it]
train:   5%|▍         | 3/62 [00:22<06:15,  6.36s/it]
train:   6%|▋         | 4/62 [00:25<05:12,  5.38s/it]
train:   8%|▊         | 5/62 [00:31<05:03,  5.33s/it]
train:  10%|▉         | 6/62 [00:33<03:53,  4.18s/it]
train:  11%|█▏        | 7/62 [00:35<03:08,  3.42s/it]
train:  13%|█▎        | 8/62 [00:38<03:01,  3.37s/it]
train:  15%|█▍        | 9/62 [00:40<02:37,  2.97s/it]
train:  16%|█▌        | 10/62 [00:42<02:19,  2.67s/it]
train:  18%|█▊        | 11/62 [00:44<02:07,  2.51s/it]
train:  19%|█▉        | 12/62 [00:46<01:59,  2.38s/it]
train:  21%|██        | 13/62 [00:48<01:51,  2.28s/it]
train:  23%|██▎       | 14/62 [00:50<01:47,  2.23s/it]
train:  24%|██▍       | 15/62 [00:52<01:43,  2.21s/it]
train:  26%|██▌       | 16/62 [00:54<01:38,  2.13s/it]
train:  27%|██▋       | 17/62 [00:56<01:35,  2.12s/it]
train:  29%|██▉       | 18/62 [00:59<01:32,  2.11s/it]
train:  31%|███       | 19/62 [01:01<01:30,  2.11s/it]
train:  32%|███▏      | 20/62 [01:03<01:25,  2.03s/it]
train:  34%|███▍      | 21/62 [01:04<01:22,  2.02s/it]
train:  35%|███▌      | 22/62 [01:06<01:17,  1.95s/it]
train:  37%|███▋      | 23/62 [01:08<01:16,  1.95s/it]
train:  39%|███▊      | 24/62 [01:10<01:16,  2.02s/it]
train:  40%|████      | 25/62 [01:12<01:13,  1.98s/it]
train:  42%|████▏     | 26/62 [01:14<01:09,  1.94s/it]
train:  44%|████▎     | 27/62 [01:16<01:06,  1.89s/it]
train:  45%|████▌     | 28/62 [01:18<01:01,  1.80s/it]
train:  47%|████▋     | 29/62 [01:19<00:58,  1.77s/it]
train:  48%|████▊     | 30/62 [01:21<00:55,  1.74s/it]
train:  50%|█████     | 31/62 [01:23<00:55,  1.79s/it]
train:  52%|█████▏    | 32/62 [01:25<00:54,  1.83s/it]
train:  53%|█████▎    | 33/62 [01:27<00:53,  1.84s/it]
train:  55%|█████▍    | 34/62 [01:28<00:50,  1.80s/it]
train:  56%|█████▋    | 35/62 [01:30<00:49,  1.82s/it]
train:  58%|█████▊    | 36/62 [01:32<00:46,  1.80s/it]
train:  60%|█████▉    | 37/62 [01:34<00:44,  1.78s/it]
train:  61%|██████▏   | 38/62 [01:36<00:45,  1.88s/it]
train:  63%|██████▎   | 39/62 [01:38<00:42,  1.85s/it]
train:  65%|██████▍   | 40/62 [01:39<00:40,  1.83s/it]
train:  66%|██████▌   | 41/62 [01:41<00:39,  1.86s/it]
train:  68%|██████▊   | 42/62 [01:43<00:37,  1.88s/it]
train:  69%|██████▉   | 43/62 [01:45<00:34,  1.83s/it]
train:  71%|███████   | 44/62 [01:47<00:34,  1.92s/it]
train:  73%|███████▎  | 45/62 [01:49<00:32,  1.92s/it]
train:  74%|███████▍  | 46/62 [01:51<00:31,  1.95s/it]
train:  76%|███████▌  | 47/62 [01:54<00:33,  2.25s/it]
train:  77%|███████▋  | 48/62 [01:57<00:33,  2.38s/it]
train:  79%|███████▉  | 49/62 [01:59<00:30,  2.34s/it]
train:  81%|████████  | 50/62 [02:01<00:25,  2.17s/it]
train:  82%|████████▏ | 51/62 [02:02<00:22,  2.05s/it]
train:  84%|████████▍ | 52/62 [02:04<00:20,  2.05s/it]
train:  85%|████████▌ | 53/62 [02:06<00:17,  1.94s/it]
train:  87%|████████▋ | 54/62 [02:08<00:15,  1.91s/it]
train:  89%|████████▊ | 55/62 [02:10<00:13,  1.99s/it]
train:  90%|█████████ | 56/62 [02:12<00:11,  1.92s/it]
train:  92%|█████████▏| 57/62 [02:14<00:09,  1.87s/it]
train:  94%|█████████▎| 58/62 [02:16<00:07,  1.92s/it]
train:  95%|█████████▌| 59/62 [02:18<00:05,  1.93s/it]
train:  97%|█████████▋| 60/62 [02:20<00:03,  1.92s/it]
train:  98%|█████████▊| 61/62 [02:21<00:01,  1.86s/it]
train: 100%|██████████| 62/62 [02:23<00:00,  1.84s/it]
                                                      

val:   0%|          | 0/7 [00:00<?, ?it/s]
val:  14%|█▍        | 1/7 [00:00<00:01,  3.04it/s]
val:  29%|██▊       | 2/7 [00:00<00:01,  3.09it/s]
val:  43%|████▎     | 3/7 [00:00<00:01,  3.23it/s]
val:  57%|█████▋    | 4/7 [00:01<00:00,  3.31it/s]
val:  71%|███████▏  | 5/7 [00:01<00:00,  3.26it/s]
val:  86%|████████▌ | 6/7 [00:02<00:00,  2.49it/s]
val: 100%|██████████| 7/7 [00:02<00:00,  2.94it/s]
                                                  
Epoch 3/5 | train_loss=2.0745 | val_loss=2.0240

train:   0%|          | 0/62 [00:00<?, ?it/s]
train:   2%|▏         | 1/62 [00:01<01:46,  1.75s/it]
train:   3%|▎         | 2/62 [00:03<01:46,  1.77s/it]
train:   5%|▍         | 3/62 [00:05<02:01,  2.06s/it]
train:   6%|▋         | 4/62 [00:08<02:01,  2.10s/it]
train:   8%|▊         | 5/62 [00:10<02:02,  2.14s/it]
train:  10%|▉         | 6/62 [00:12<02:04,  2.22s/it]
train:  11%|█▏        | 7/62 [00:14<02:01,  2.20s/it]
train:  13%|█▎        | 8/62 [00:16<01:55,  2.14s/it]
train:  15%|█▍        | 9/62 [00:19<02:08,  2.43s/it]
train:  16%|█▌        | 10/62 [00:21<02:00,  2.32s/it]
train:  18%|█▊        | 11/62 [00:24<01:57,  2.31s/it]
train:  19%|█▉        | 12/62 [00:26<01:52,  2.25s/it]
train:  21%|██        | 13/62 [00:28<01:51,  2.28s/it]
train:  23%|██▎       | 14/62 [00:31<01:49,  2.27s/it]
train:  24%|██▍       | 15/62 [00:33<01:43,  2.21s/it]
train:  26%|██▌       | 16/62 [00:35<01:48,  2.37s/it]
train:  27%|██▋       | 17/62 [00:38<01:45,  2.35s/it]
train:  29%|██▉       | 18/62 [00:39<01:36,  2.20s/it]
train:  31%|███       | 19/62 [00:41<01:30,  2.10s/it]
train:  32%|███▏      | 20/62 [00:43<01:28,  2.10s/it]
train:  34%|███▍      | 21/62 [00:45<01:24,  2.05s/it]
train:  35%|███▌      | 22/62 [00:47<01:19,  2.00s/it]
train:  37%|███▋      | 23/62 [00:49<01:16,  1.96s/it]
train:  39%|███▊      | 24/62 [00:51<01:13,  1.94s/it]
train:  40%|████      | 25/62 [00:53<01:13,  2.00s/it]
train:  42%|████▏     | 26/62 [00:55<01:14,  2.07s/it]
train:  44%|████▎     | 27/62 [00:57<01:11,  2.05s/it]
train:  45%|████▌     | 28/62 [00:59<01:09,  2.04s/it]
train:  47%|████▋     | 29/62 [01:01<01:06,  2.02s/it]
train:  48%|████▊     | 30/62 [01:03<01:04,  2.01s/it]
train:  50%|█████     | 31/62 [01:05<01:02,  2.03s/it]
train:  52%|█████▏    | 32/62 [01:08<01:02,  2.08s/it]
train:  53%|█████▎    | 33/62 [01:10<01:03,  2.19s/it]
train:  55%|█████▍    | 34/62 [01:12<01:01,  2.21s/it]
train:  56%|█████▋    | 35/62 [01:14<00:57,  2.12s/it]
train:  58%|█████▊    | 36/62 [01:17<00:57,  2.21s/it]
train:  60%|█████▉    | 37/62 [01:19<00:54,  2.16s/it]
train:  61%|██████▏   | 38/62 [01:20<00:49,  2.04s/it]
train:  63%|██████▎   | 39/62 [01:23<00:47,  2.08s/it]
train:  65%|██████▍   | 40/62 [01:25<00:45,  2.07s/it]
train:  66%|██████▌   | 41/62 [01:27<00:42,  2.04s/it]
train:  68%|██████▊   | 42/62 [01:29<00:42,  2.11s/it]
train:  69%|██████▉   | 43/62 [01:31<00:39,  2.06s/it]
train:  71%|███████   | 44/62 [01:33<00:35,  1.98s/it]
train:  73%|███████▎  | 45/62 [01:35<00:35,  2.11s/it]
train:  74%|███████▍  | 46/62 [01:38<00:35,  2.25s/it]
train:  76%|███████▌  | 47/62 [01:40<00:33,  2.25s/it]
train:  77%|███████▋  | 48/62 [01:42<00:31,  2.22s/it]
train:  79%|███████▉  | 49/62 [01:44<00:27,  2.15s/it]
train:  81%|████████  | 50/62 [01:46<00:25,  2.13s/it]
train:  82%|████████▏ | 51/62 [01:48<00:23,  2.17s/it]
train:  84%|████████▍ | 52/62 [01:50<00:21,  2.14s/it]
train:  85%|████████▌ | 53/62 [01:53<00:21,  2.39s/it]
train:  87%|████████▋ | 54/62 [01:55<00:18,  2.26s/it]
train:  89%|████████▊ | 55/62 [01:57<00:14,  2.14s/it]
train:  90%|█████████ | 56/62 [01:59<00:12,  2.15s/it]
train:  92%|█████████▏| 57/62 [02:02<00:11,  2.34s/it]
train:  94%|█████████▎| 58/62 [02:05<00:09,  2.42s/it]
train:  95%|█████████▌| 59/62 [02:07<00:06,  2.32s/it]
train:  97%|█████████▋| 60/62 [02:09<00:04,  2.23s/it]
train:  98%|█████████▊| 61/62 [02:11<00:02,  2.23s/it]
train: 100%|██████████| 62/62 [02:13<00:00,  2.25s/it]
                                                      

val:   0%|          | 0/7 [00:00<?, ?it/s]
val:  14%|█▍        | 1/7 [00:00<00:02,  2.44it/s]
val:  29%|██▊       | 2/7 [00:00<00:01,  2.56it/s]
val:  43%|████▎     | 3/7 [00:01<00:02,  1.67it/s]
val:  57%|█████▋    | 4/7 [00:02<00:01,  1.72it/s]
val:  71%|███████▏  | 5/7 [00:02<00:01,  1.68it/s]
val:  86%|████████▌ | 6/7 [00:03<00:00,  1.44it/s]
val: 100%|██████████| 7/7 [00:03<00:00,  1.81it/s]
                                                  
Epoch 4/5 | train_loss=2.0738 | val_loss=2.0240

train:   0%|          | 0/62 [00:00<?, ?it/s]
train:   2%|▏         | 1/62 [00:02<02:13,  2.19s/it]
train:   3%|▎         | 2/62 [00:04<02:01,  2.02s/it]
train:   5%|▍         | 3/62 [00:06<02:20,  2.38s/it]
train:   6%|▋         | 4/62 [00:09<02:18,  2.39s/it]
train:   8%|▊         | 5/62 [00:11<02:12,  2.33s/it]
train:  10%|▉         | 6/62 [00:14<02:15,  2.42s/it]
train:  11%|█▏        | 7/62 [00:16<02:10,  2.36s/it]
train:  13%|█▎        | 8/62 [00:19<02:17,  2.55s/it]
train:  15%|█▍        | 9/62 [00:21<02:10,  2.46s/it]
train:  16%|█▌        | 10/62 [00:23<02:07,  2.44s/it]
train:  18%|█▊        | 11/62 [00:26<02:00,  2.37s/it]
train:  19%|█▉        | 12/62 [00:28<01:53,  2.27s/it]
train:  21%|██        | 13/62 [00:30<01:52,  2.30s/it]
train:  23%|██▎       | 14/62 [00:33<01:52,  2.34s/it]
train:  24%|██▍       | 15/62 [00:35<01:45,  2.25s/it]
train:  26%|██▌       | 16/62 [00:37<01:43,  2.26s/it]
train:  27%|██▋       | 17/62 [00:39<01:40,  2.24s/it]
train:  29%|██▉       | 18/62 [00:41<01:38,  2.23s/it]
train:  31%|███       | 19/62 [00:43<01:32,  2.15s/it]
train:  32%|███▏      | 20/62 [00:45<01:28,  2.11s/it]
train:  34%|███▍      | 21/62 [00:48<01:33,  2.29s/it]
train:  35%|███▌      | 22/62 [00:50<01:27,  2.19s/it]
train:  37%|███▋      | 23/62 [00:52<01:22,  2.12s/it]
train:  39%|███▊      | 24/62 [00:54<01:18,  2.07s/it]
train:  40%|████      | 25/62 [00:56<01:19,  2.15s/it]
train:  42%|████▏     | 26/62 [00:58<01:16,  2.13s/it]
train:  44%|████▎     | 27/62 [01:00<01:15,  2.16s/it]
train:  45%|████▌     | 28/62 [01:03<01:16,  2.25s/it]
train:  47%|████▋     | 29/62 [01:06<01:18,  2.37s/it]
train:  48%|████▊     | 30/62 [01:08<01:12,  2.28s/it]
train:  50%|█████     | 31/62 [01:10<01:09,  2.24s/it]
train:  52%|█████▏    | 32/62 [01:12<01:03,  2.13s/it]
train:  53%|█████▎    | 33/62 [01:14<01:00,  2.09s/it]
train:  55%|█████▍    | 34/62 [01:16<00:57,  2.06s/it]
train:  56%|█████▋    | 35/62 [01:18<00:54,  2.03s/it]
train:  58%|█████▊    | 36/62 [01:20<00:52,  2.04s/it]
train:  60%|█████▉    | 37/62 [01:22<00:49,  1.99s/it]
train:  61%|██████▏   | 38/62 [01:24<00:49,  2.06s/it]
train:  63%|██████▎   | 39/62 [01:26<00:47,  2.04s/it]
train:  65%|██████▍   | 40/62 [01:28<00:45,  2.07s/it]
train:  66%|██████▌   | 41/62 [01:30<00:46,  2.21s/it]
train:  68%|██████▊   | 42/62 [01:33<00:45,  2.29s/it]
train:  69%|██████▉   | 43/62 [01:35<00:43,  2.30s/it]
train:  71%|███████   | 44/62 [01:37<00:40,  2.28s/it]
train:  73%|███████▎  | 45/62 [01:39<00:37,  2.20s/it]
train:  74%|███████▍  | 46/62 [01:41<00:34,  2.13s/it]
train:  76%|███████▌  | 47/62 [01:43<00:30,  2.06s/it]
train:  77%|███████▋  | 48/62 [01:45<00:27,  2.00s/it]
train:  79%|███████▉  | 49/62 [01:47<00:27,  2.08s/it]
train:  81%|████████  | 50/62 [01:50<00:25,  2.16s/it]
train:  82%|████████▏ | 51/62 [01:52<00:22,  2.07s/it]
train:  84%|████████▍ | 52/62 [01:54<00:20,  2.06s/it]
train:  85%|████████▌ | 53/62 [01:56<00:18,  2.03s/it]
train:  87%|████████▋ | 54/62 [01:58<00:16,  2.01s/it]
train:  89%|████████▊ | 55/62 [02:00<00:14,  2.01s/it]
train:  90%|█████████ | 56/62 [02:02<00:11,  1.98s/it]
train:  92%|█████████▏| 57/62 [02:04<00:10,  2.07s/it]
train:  94%|█████████▎| 58/62 [02:06<00:08,  2.06s/it]
train:  95%|█████████▌| 59/62 [02:08<00:06,  2.10s/it]
train:  97%|█████████▋| 60/62 [02:10<00:04,  2.15s/it]
train:  98%|█████████▊| 61/62 [02:12<00:02,  2.07s/it]
train: 100%|██████████| 62/62 [02:14<00:00,  2.02s/it]
                                                      

val:   0%|          | 0/7 [00:00<?, ?it/s]
val:  14%|█▍        | 1/7 [00:00<00:02,  2.74it/s]
val:  29%|██▊       | 2/7 [00:01<00:02,  1.76it/s]
val:  43%|████▎     | 3/7 [00:01<00:01,  2.14it/s]
val:  57%|█████▋    | 4/7 [00:01<00:01,  2.40it/s]
val:  71%|███████▏  | 5/7 [00:02<00:00,  2.54it/s]
val:  86%|████████▌ | 6/7 [00:02<00:00,  2.62it/s]
val: 100%|██████████| 7/7 [00:02<00:00,  3.06it/s]
                                                  
Epoch 5/5 | train_loss=2.0740 | val_loss=2.0240
Checkpoints saved to outputs/pretrain_cinc_cpu
