Device: cpu | mode: leave_one_out | unify: True

train:   0%|          | 0/62 [00:00<?, ?it/s]
train:   2%|▏         | 1/62 [00:02<02:47,  2.74s/it]
train:   3%|▎         | 2/62 [00:05<02:27,  2.46s/it]
train:   5%|▍         | 3/62 [00:07<02:16,  2.31s/it]
train:   6%|▋         | 4/62 [00:09<02:12,  2.29s/it]
train:   8%|▊         | 5/62 [00:11<02:06,  2.23s/it]
train:  10%|▉         | 6/62 [00:13<02:00,  2.15s/it]
train:  11%|█▏        | 7/62 [00:15<01:59,  2.17s/it]
train:  13%|█▎        | 8/62 [00:17<01:55,  2.14s/it]
train:  15%|█▍        | 9/62 [00:20<02:05,  2.38s/it]
train:  16%|█▌        | 10/62 [00:23<02:17,  2.65s/it]
train:  18%|█▊        | 11/62 [00:27<02:31,  2.97s/it]
train:  19%|█▉        | 12/62 [00:30<02:27,  2.95s/it]
train:  21%|██        | 13/62 [00:34<02:40,  3.28s/it]
train:  23%|██▎       | 14/62 [00:37<02:34,  3.21s/it]
train:  24%|██▍       | 15/62 [00:41<02:33,  3.26s/it]
train:  26%|██▌       | 16/62 [00:43<02:25,  3.17s/it]
train:  27%|██▋       | 17/62 [00:46<02:20,  3.12s/it]
train:  29%|██▉       | 18/62 [00:50<02:17,  3.12s/it]
train:  31%|███       | 19/62 [00:52<02:08,  2.99s/it]
train:  32%|███▏      | 20/62 [00:55<02:07,  3.04s/it]
train:  34%|███▍      | 21/62 [00:58<02:00,  2.94s/it]
train:  35%|███▌      | 22/62 [01:01<01:59,  2.99s/it]
train:  37%|███▋      | 23/62 [01:04<01:54,  2.93s/it]
train:  39%|███▊      | 24/62 [01:07<01:48,  2.86s/it]
train:  40%|████      | 25/62 [01:10<01:48,  2.94s/it]
train:  42%|████▏     | 26/62 [01:13<01:47,  3.00s/it]
train:  44%|████▎     | 27/62 [01:16<01:48,  3.09s/it]
train:  45%|████▌     | 28/62 [01:19<01:43,  3.05s/it]
train:  47%|████▋     | 29/62 [01:22<01:41,  3.06s/it]
train:  48%|████▊     | 30/62 [01:25<01:37,  3.05s/it]
train:  50%|█████     | 31/62 [01:28<01:32,  2.98s/it]
train:  52%|█████▏    | 32/62 [01:31<01:29,  2.97s/it]
train:  53%|█████▎    | 33/62 [01:34<01:25,  2.93s/it]
train:  55%|█████▍    | 34/62 [01:37<01:24,  3.03s/it]
train:  56%|█████▋    | 35/62 [01:40<01:22,  3.07s/it]
train:  58%|█████▊    | 36/62 [01:44<01:22,  3.16s/it]
train:  60%|█████▉    | 37/62 [01:47<01:18,  3.14s/it]
train:  61%|██████▏   | 38/62 [01:50<01:14,  3.08s/it]
train:  63%|██████▎   | 39/62 [01:53<01:09,  3.01s/it]
train:  65%|██████▍   | 40/62 [01:56<01:06,  3.02s/it]
train:  66%|██████▌   | 41/62 [01:58<00:57,  2.76s/it]
train:  68%|██████▊   | 42/62 [02:00<00:50,  2.53s/it]
train:  69%|██████▉   | 43/62 [02:02<00:46,  2.42s/it]
train:  71%|███████   | 44/62 [02:04<00:40,  2.27s/it]
train:  73%|███████▎  | 45/62 [02:06<00:36,  2.16s/it]
train:  74%|███████▍  | 46/62 [02:08<00:33,  2.10s/it]
train:  76%|███████▌  | 47/62 [02:10<00:31,  2.11s/it]
train:  77%|███████▋  | 48/62 [02:12<00:28,  2.06s/it]
train:  79%|███████▉  | 49/62 [02:14<00:26,  2.05s/it]
train:  81%|████████  | 50/62 [02:16<00:24,  2.03s/it]
train:  82%|████████▏ | 51/62 [02:18<00:22,  2.02s/it]
train:  84%|████████▍ | 52/62 [02:20<00:20,  2.00s/it]
train:  85%|████████▌ | 53/62 [02:22<00:17,  1.99s/it]
train:  87%|████████▋ | 54/62 [02:24<00:15,  1.98s/it]
train:  89%|████████▊ | 55/62 [02:26<00:13,  1.98s/it]
train:  90%|█████████ | 56/62 [02:28<00:11,  1.99s/it]
train:  92%|█████████▏| 57/62 [02:30<00:09,  2.00s/it]
train:  94%|█████████▎| 58/62 [02:32<00:08,  2.01s/it]
train:  95%|█████████▌| 59/62 [02:34<00:06,  2.03s/it]
train:  97%|█████████▋| 60/62 [02:36<00:04,  2.06s/it]
train:  98%|█████████▊| 61/62 [02:38<00:02,  2.11s/it]
train: 100%|██████████| 62/62 [02:40<00:00,  2.09s/it]
                                                      

val:   0%|          | 0/7 [00:00<?, ?it/s]
val:  14%|█▍        | 1/7 [00:00<00:02,  2.78it/s]
val:  29%|██▊       | 2/7 [00:00<00:01,  2.80it/s]
val:  43%|████▎     | 3/7 [00:01<00:02,  1.87it/s]
val:  57%|█████▋    | 4/7 [00:01<00:01,  2.10it/s]
val:  71%|███████▏  | 5/7 [00:02<00:00,  2.27it/s]
val:  86%|████████▌ | 6/7 [00:02<00:00,  2.29it/s]
val: 100%|██████████| 7/7 [00:02<00:00,  2.67it/s]
                                                  
Epoch 1/5 | train_loss=3.0791 | val_loss=3.1791

train:   0%|          | 0/62 [00:00<?, ?it/s]
train:   2%|▏         | 1/62 [00:02<02:11,  2.15s/it]
train:   3%|▎         | 2/62 [00:04<02:06,  2.11s/it]
train:   5%|▍         | 3/62 [00:06<02:00,  2.04s/it]
train:   6%|▋         | 4/62 [00:08<02:01,  2.09s/it]
train:   8%|▊         | 5/62 [00:10<02:06,  2.22s/it]
train:  10%|▉         | 6/62 [00:13<02:04,  2.22s/it]
train:  11%|█▏        | 7/62 [00:15<02:02,  2.22s/it]
train:  13%|█▎        | 8/62 [00:17<01:59,  2.20s/it]
train:  15%|█▍        | 9/62 [00:20<02:04,  2.35s/it]
train:  16%|█▌        | 10/62 [00:22<02:00,  2.31s/it]
train:  18%|█▊        | 11/62 [00:24<01:52,  2.21s/it]
train:  19%|█▉        | 12/62 [00:26<01:47,  2.16s/it]
train:  21%|██        | 13/62 [00:28<01:52,  2.29s/it]
train:  23%|██▎       | 14/62 [00:30<01:45,  2.20s/it]
train:  24%|██▍       | 15/62 [00:32<01:41,  2.15s/it]
train:  26%|██▌       | 16/62 [00:35<01:37,  2.13s/it]
train:  27%|██▋       | 17/62 [00:37<01:35,  2.11s/it]
train:  29%|██▉       | 18/62 [00:39<01:34,  2.15s/it]
train:  31%|███       | 19/62 [00:41<01:36,  2.25s/it]
train:  32%|███▏      | 20/62 [00:44<01:34,  2.25s/it]
train:  34%|███▍      | 21/62 [00:46<01:38,  2.41s/it]
train:  35%|███▌      | 22/62 [00:49<01:34,  2.35s/it]
train:  37%|███▋      | 23/62 [00:51<01:28,  2.27s/it]
train:  39%|███▊      | 24/62 [00:53<01:21,  2.15s/it]
train:  40%|████      | 25/62 [00:54<01:15,  2.04s/it]
train:  42%|████▏     | 26/62 [00:56<01:11,  1.99s/it]
train:  44%|████▎     | 27/62 [00:58<01:10,  2.02s/it]
train:  45%|████▌     | 28/62 [01:00<01:08,  2.01s/it]
train:  47%|████▋     | 29/62 [01:02<01:05,  1.99s/it]
train:  48%|████▊     | 30/62 [01:04<01:02,  1.96s/it]
train:  50%|█████     | 31/62 [01:06<01:02,  2.01s/it]
train:  52%|█████▏    | 32/62 [01:08<00:59,  2.00s/it]
train:  53%|█████▎    | 33/62 [01:10<00:59,  2.04s/it]
train:  55%|█████▍    | 34/62 [01:12<00:56,  2.01s/it]
train:  56%|█████▋    | 35/62 [01:15<00:56,  2.11s/it]
train:  58%|█████▊    | 36/62 [01:17<00:53,  2.05s/it]
train:  60%|█████▉    | 37/62 [01:18<00:49,  1.98s/it]
train:  61%|██████▏   | 38/62 [01:20<00:46,  1.95s/it]
train:  63%|██████▎   | 39/62 [01:22<00:44,  1.92s/it]
train:  65%|██████▍   | 40/62 [01:24<00:43,  1.97s/it]
train:  66%|██████▌   | 41/62 [01:26<00:41,  1.98s/it]
train:  68%|██████▊   | 42/62 [01:28<00:40,  2.00s/it]
train:  69%|██████▉   | 43/62 [01:30<00:38,  2.00s/it]
train:  71%|███████   | 44/62 [01:32<00:36,  2.04s/it]
train:  73%|███████▎  | 45/62 [01:34<00:34,  2.05s/it]
train:  74%|███████▍  | 46/62 [01:37<00:35,  2.20s/it]
train:  76%|███████▌  | 47/62 [01:40<00:34,  2.32s/it]
train:  77%|███████▋  | 48/62 [01:42<00:31,  2.24s/it]
train:  79%|███████▉  | 49/62 [01:44<00:28,  2.18s/it]
train:  81%|████████  | 50/62 [01:46<00:25,  2.15s/it]
train:  82%|████████▏ | 51/62 [01:48<00:23,  2.11s/it]
train:  84%|████████▍ | 52/62 [01:50<00:20,  2.07s/it]
train:  85%|████████▌ | 53/62 [01:52<00:18,  2.00s/it]
train:  87%|████████▋ | 54/62 [01:54<00:16,  2.07s/it]
train:  89%|████████▊ | 55/62 [01:56<00:14,  2.05s/it]
train:  90%|█████████ | 56/62 [01:58<00:12,  2.01s/it]
train:  92%|█████████▏| 57/62 [02:00<00:09,  1.98s/it]
train:  94%|█████████▎| 58/62 [02:02<00:07,  1.95s/it]
train:  95%|█████████▌| 59/62 [02:04<00:05,  1.97s/it]
train:  97%|█████████▋| 60/62 [02:05<00:03,  1.93s/it]
train:  98%|█████████▊| 61/62 [02:07<00:01,  1.93s/it]
train: 100%|██████████| 62/62 [02:09<00:00,  1.97s/it]
                                                      

val:   0%|          | 0/7 [00:00<?, ?it/s]
val:  14%|█▍        | 1/7 [00:00<00:02,  2.64it/s]
val:  29%|██▊       | 2/7 [00:00<00:01,  2.68it/s]
val:  43%|████▎     | 3/7 [00:01<00:01,  2.63it/s]
val:  57%|█████▋    | 4/7 [00:01<00:01,  2.32it/s]
val:  71%|███████▏  | 5/7 [00:02<00:00,  2.34it/s]
val:  86%|████████▌ | 6/7 [00:02<00:00,  2.41it/s]
val: 100%|██████████| 7/7 [00:03<00:00,  2.06it/s]
                                                  
Epoch 2/5 | train_loss=3.0797 | val_loss=3.1775

train:   0%|          | 0/62 [00:00<?, ?it/s]
train:   2%|▏         | 1/62 [00:02<02:18,  2.27s/it]
train:   3%|▎         | 2/62 [00:04<02:22,  2.37s/it]
train:   5%|▍         | 3/62 [00:06<02:06,  2.14s/it]
train:   6%|▋         | 4/62 [00:08<01:58,  2.05s/it]
train:   8%|▊         | 5/62 [00:10<01:56,  2.04s/it]
train:  10%|▉         | 6/62 [00:12<01:55,  2.05s/it]
train:  11%|█▏        | 7/62 [00:14<01:50,  2.00s/it]
train:  13%|█▎        | 8/62 [00:16<01:46,  1.98s/it]
train:  15%|█▍        | 9/62 [00:18<01:44,  1.96s/it]
train:  16%|█▌        | 10/62 [00:20<01:40,  1.94s/it]
train:  18%|█▊        | 11/62 [00:22<01:44,  2.04s/it]
train:  19%|█▉        | 12/62 [00:24<01:41,  2.02s/it]
train:  21%|██        | 13/62 [00:26<01:38,  2.01s/it]
train:  23%|██▎       | 14/62 [00:28<01:35,  1.99s/it]
train:  24%|██▍       | 15/62 [00:30<01:34,  2.00s/it]
train:  26%|██▌       | 16/62 [00:32<01:30,  1.98s/it]
train:  27%|██▋       | 17/62 [00:34<01:27,  1.94s/it]
train:  29%|██▉       | 18/62 [00:36<01:24,  1.91s/it]
train:  31%|███       | 19/62 [00:37<01:21,  1.89s/it]
train:  32%|███▏      | 20/62 [00:39<01:20,  1.92s/it]
train:  34%|███▍      | 21/62 [00:41<01:17,  1.90s/it]
train:  35%|███▌      | 22/62 [00:43<01:15,  1.89s/it]
train:  37%|███▋      | 23/62 [00:45<01:16,  1.97s/it]
train:  39%|███▊      | 24/62 [00:47<01:12,  1.92s/it]
train:  40%|████      | 25/62 [00:49<01:10,  1.91s/it]
train:  42%|████▏     | 26/62 [00:51<01:11,  1.98s/it]
train:  44%|████▎     | 27/62 [00:53<01:10,  2.01s/it]
train:  45%|████▌     | 28/62 [00:55<01:09,  2.05s/it]
train:  47%|████▋     | 29/62 [00:57<01:08,  2.07s/it]
train:  48%|████▊     | 30/62 [00:59<01:05,  2.05s/it]
train:  50%|█████     | 31/62 [01:02<01:04,  2.08s/it]
train:  52%|█████▏    | 32/62 [01:04<01:03,  2.13s/it]
train:  53%|█████▎    | 33/62 [01:06<01:01,  2.11s/it]
train:  55%|█████▍    | 34/62 [01:08<00:57,  2.06s/it]
train:  56%|█████▋    | 35/62 [01:10<00:54,  2.00s/it]
train:  58%|█████▊    | 36/62 [01:12<00:51,  1.99s/it]
train:  60%|█████▉    | 37/62 [01:14<00:49,  1.99s/it]
train:  61%|██████▏   | 38/62 [01:16<00:47,  1.98s/it]
train:  63%|██████▎   | 39/62 [01:18<00:45,  1.97s/it]
train:  65%|██████▍   | 40/62 [01:19<00:43,  1.96s/it]
train:  66%|██████▌   | 41/62 [01:22<00:41,  1.99s/it]
train:  68%|██████▊   | 42/62 [01:23<00:39,  1.96s/it]
train:  69%|██████▉   | 43/62 [01:25<00:37,  1.97s/it]
train:  71%|███████   | 44/62 [01:27<00:35,  1.96s/it]
train:  73%|███████▎  | 45/62 [01:29<00:33,  1.97s/it]
train:  74%|███████▍  | 46/62 [01:31<00:31,  1.96s/it]
train:  76%|███████▌  | 47/62 [01:33<00:29,  1.96s/it]
train:  77%|███████▋  | 48/62 [01:35<00:27,  1.96s/it]
train:  79%|███████▉  | 49/62 [01:37<00:25,  1.96s/it]
train:  81%|████████  | 50/62 [01:39<00:23,  1.96s/it]
train:  82%|████████▏ | 51/62 [01:41<00:21,  1.96s/it]
train:  84%|████████▍ | 52/62 [01:43<00:19,  1.93s/it]
train:  85%|████████▌ | 53/62 [01:45<00:17,  1.95s/it]
train:  87%|████████▋ | 54/62 [01:47<00:15,  1.94s/it]
train:  89%|████████▊ | 55/62 [01:49<00:13,  1.98s/it]
train:  90%|█████████ | 56/62 [01:51<00:11,  1.96s/it]
train:  92%|█████████▏| 57/62 [01:53<00:09,  1.95s/it]
train:  94%|█████████▎| 58/62 [01:55<00:07,  1.93s/it]
train:  95%|█████████▌| 59/62 [01:57<00:05,  1.95s/it]
train:  97%|█████████▋| 60/62 [01:59<00:03,  1.95s/it]
train:  98%|█████████▊| 61/62 [02:01<00:01,  1.95s/it]
train: 100%|██████████| 62/62 [02:03<00:00,  1.97s/it]
                                                      

val:   0%|          | 0/7 [00:00<?, ?it/s]
val:  14%|█▍        | 1/7 [00:00<00:02,  2.65it/s]
val:  29%|██▊       | 2/7 [00:00<00:01,  2.71it/s]
val:  43%|████▎     | 3/7 [00:01<00:01,  2.70it/s]
val:  57%|█████▋    | 4/7 [00:01<00:01,  2.72it/s]
val:  71%|███████▏  | 5/7 [00:01<00:00,  2.75it/s]
val:  86%|████████▌ | 6/7 [00:02<00:00,  2.75it/s]
val: 100%|██████████| 7/7 [00:02<00:00,  3.24it/s]
                                                  
Epoch 3/5 | train_loss=3.0675 | val_loss=3.1794

train:   0%|          | 0/62 [00:00<?, ?it/s]
train:   2%|▏         | 1/62 [00:02<02:02,  2.00s/it]
train:   3%|▎         | 2/62 [00:03<01:58,  1.98s/it]
train:   5%|▍         | 3/62 [00:06<02:01,  2.06s/it]
train:   6%|▋         | 4/62 [00:08<01:56,  2.01s/it]
train:   8%|▊         | 5/62 [00:10<01:54,  2.00s/it]
train:  10%|▉         | 6/62 [00:12<01:54,  2.04s/it]
train:  11%|█▏        | 7/62 [00:14<01:51,  2.02s/it]
train:  13%|█▎        | 8/62 [00:16<01:50,  2.05s/it]
train:  15%|█▍        | 9/62 [00:18<01:51,  2.10s/it]
train:  16%|█▌        | 10/62 [00:20<01:48,  2.08s/it]
train:  18%|█▊        | 11/62 [00:22<01:43,  2.04s/it]
train:  19%|█▉        | 12/62 [00:24<01:39,  1.99s/it]
train:  21%|██        | 13/62 [00:26<01:37,  1.99s/it]
train:  23%|██▎       | 14/62 [00:28<01:34,  1.98s/it]
train:  24%|██▍       | 15/62 [00:30<01:32,  1.96s/it]
train:  26%|██▌       | 16/62 [00:32<01:29,  1.95s/it]
train:  27%|██▋       | 17/62 [00:33<01:26,  1.93s/it]
train:  29%|██▉       | 18/62 [00:35<01:25,  1.95s/it]
train:  31%|███       | 19/62 [00:37<01:23,  1.94s/it]
train:  32%|███▏      | 20/62 [00:39<01:20,  1.92s/it]
train:  34%|███▍      | 21/62 [00:41<01:19,  1.94s/it]
train:  35%|███▌      | 22/62 [00:43<01:20,  2.02s/it]
train:  37%|███▋      | 23/62 [00:45<01:18,  2.01s/it]
train:  39%|███▊      | 24/62 [00:47<01:16,  2.01s/it]
train:  40%|████      | 25/62 [00:49<01:14,  2.01s/it]
train:  42%|████▏     | 26/62 [00:52<01:13,  2.04s/it]
train:  44%|████▎     | 27/62 [00:54<01:10,  2.01s/it]
train:  45%|████▌     | 28/62 [00:55<01:07,  1.98s/it]
train:  47%|████▋     | 29/62 [00:57<01:04,  1.97s/it]
train:  48%|████▊     | 30/62 [00:59<01:02,  1.94s/it]
train:  50%|█████     | 31/62 [01:01<01:00,  1.96s/it]
train:  52%|█████▏    | 32/62 [01:03<00:59,  1.97s/it]
train:  53%|█████▎    | 33/62 [01:05<00:56,  1.93s/it]
train:  55%|█████▍    | 34/62 [01:07<00:53,  1.93s/it]
train:  56%|█████▋    | 35/62 [01:09<00:51,  1.91s/it]
train:  58%|█████▊    | 36/62 [01:11<00:50,  1.96s/it]
train:  60%|█████▉    | 37/62 [01:13<00:48,  1.93s/it]
train:  61%|██████▏   | 38/62 [01:15<00:45,  1.91s/it]
train:  63%|██████▎   | 39/62 [01:17<00:44,  1.95s/it]
train:  65%|██████▍   | 40/62 [01:19<00:42,  1.95s/it]
train:  66%|██████▌   | 41/62 [01:21<00:41,  1.97s/it]
train:  68%|██████▊   | 42/62 [01:23<00:39,  1.97s/it]
train:  69%|██████▉   | 43/62 [01:25<00:37,  1.96s/it]
train:  71%|███████   | 44/62 [01:27<00:35,  1.96s/it]
train:  73%|███████▎  | 45/62 [01:29<00:33,  1.99s/it]
train:  74%|███████▍  | 46/62 [01:31<00:31,  1.98s/it]
train:  76%|███████▌  | 47/62 [01:33<00:29,  1.98s/it]
train:  77%|███████▋  | 48/62 [01:34<00:27,  1.97s/it]
train:  79%|███████▉  | 49/62 [01:36<00:25,  1.98s/it]
train:  81%|████████  | 50/62 [01:38<00:23,  1.98s/it]
train:  82%|████████▏ | 51/62 [01:41<00:22,  2.04s/it]
train:  84%|████████▍ | 52/62 [01:43<00:20,  2.06s/it]
train:  85%|████████▌ | 53/62 [01:45<00:19,  2.19s/it]
train:  87%|████████▋ | 54/62 [01:47<00:17,  2.16s/it]
train:  89%|████████▊ | 55/62 [01:49<00:14,  2.11s/it]
train:  90%|█████████ | 56/62 [01:51<00:12,  2.07s/it]
train:  92%|█████████▏| 57/62 [01:53<00:10,  2.08s/it]
train:  94%|█████████▎| 58/62 [01:55<00:08,  2.02s/it]
train:  95%|█████████▌| 59/62 [01:57<00:05,  1.98s/it]
train:  97%|█████████▋| 60/62 [01:59<00:03,  1.96s/it]
train:  98%|█████████▊| 61/62 [02:01<00:01,  1.93s/it]
train: 100%|██████████| 62/62 [02:03<00:00,  1.96s/it]
                                                      

val:   0%|          | 0/7 [00:00<?, ?it/s]
val:  14%|█▍        | 1/7 [00:00<00:02,  2.81it/s]
val:  29%|██▊       | 2/7 [00:00<00:01,  2.89it/s]
val:  43%|████▎     | 3/7 [00:01<00:01,  2.85it/s]
val:  57%|█████▋    | 4/7 [00:01<00:01,  2.83it/s]
val:  71%|███████▏  | 5/7 [00:01<00:00,  2.84it/s]
val:  86%|████████▌ | 6/7 [00:02<00:00,  2.89it/s]
val: 100%|██████████| 7/7 [00:02<00:00,  3.38it/s]
                                                  
Epoch 4/5 | train_loss=3.0491 | val_loss=3.1757

train:   0%|          | 0/62 [00:00<?, ?it/s]
train:   2%|▏         | 1/62 [00:01<01:58,  1.95s/it]
train:   3%|▎         | 2/62 [00:03<01:55,  1.93s/it]
train:   5%|▍         | 3/62 [00:05<01:54,  1.94s/it]
train:   6%|▋         | 4/62 [00:07<01:52,  1.94s/it]
train:   8%|▊         | 5/62 [00:09<01:52,  1.98s/it]
train:  10%|▉         | 6/62 [00:11<01:50,  1.97s/it]
train:  11%|█▏        | 7/62 [00:13<01:46,  1.94s/it]
train:  13%|█▎        | 8/62 [00:15<01:43,  1.91s/it]
train:  15%|█▍        | 9/62 [00:17<01:40,  1.89s/it]
train:  16%|█▌        | 10/62 [00:19<01:38,  1.89s/it]
train:  18%|█▊        | 11/62 [00:21<01:42,  2.00s/it]
train:  19%|█▉        | 12/62 [00:23<01:39,  1.98s/it]
train:  21%|██        | 13/62 [00:25<01:35,  1.96s/it]
train:  23%|██▎       | 14/62 [00:27<01:36,  2.00s/it]
train:  24%|██▍       | 15/62 [00:29<01:34,  2.01s/it]
train:  26%|██▌       | 16/62 [00:31<01:31,  1.99s/it]
train:  27%|██▋       | 17/62 [00:33<01:29,  1.99s/it]
train:  29%|██▉       | 18/62 [00:35<01:27,  1.99s/it]
train:  31%|███       | 19/62 [00:37<01:23,  1.95s/it]
train:  32%|███▏      | 20/62 [00:39<01:22,  1.97s/it]
train:  34%|███▍      | 21/62 [00:41<01:20,  1.97s/it]
train:  35%|███▌      | 22/62 [00:43<01:19,  1.99s/it]
train:  37%|███▋      | 23/62 [00:45<01:18,  2.00s/it]
train:  39%|███▊      | 24/62 [00:47<01:14,  1.96s/it]
train:  40%|████      | 25/62 [00:49<01:12,  1.95s/it]
train:  42%|████▏     | 26/62 [00:51<01:17,  2.16s/it]
train:  44%|████▎     | 27/62 [00:53<01:13,  2.11s/it]
train:  45%|████▌     | 28/62 [00:55<01:11,  2.09s/it]
train:  47%|████▋     | 29/62 [00:57<01:08,  2.06s/it]
train:  48%|████▊     | 30/62 [00:59<01:07,  2.10s/it]
train:  50%|█████     | 31/62 [01:02<01:05,  2.12s/it]
train:  52%|█████▏    | 32/62 [01:04<01:03,  2.13s/it]
train:  53%|█████▎    | 33/62 [01:06<01:02,  2.15s/it]
train:  55%|█████▍    | 34/62 [01:08<01:01,  2.19s/it]
train:  56%|█████▋    | 35/62 [01:11<01:00,  2.23s/it]
train:  58%|█████▊    | 36/62 [01:13<00:58,  2.25s/it]
train:  60%|█████▉    | 37/62 [01:15<00:57,  2.31s/it]
train:  61%|██████▏   | 38/62 [01:18<00:55,  2.33s/it]
train:  63%|██████▎   | 39/62 [01:20<00:53,  2.31s/it]
train:  65%|██████▍   | 40/62 [01:22<00:50,  2.30s/it]
train:  66%|██████▌   | 41/62 [01:24<00:47,  2.27s/it]
train:  68%|██████▊   | 42/62 [01:27<00:47,  2.39s/it]
train:  69%|██████▉   | 43/62 [01:29<00:44,  2.34s/it]
train:  71%|███████   | 44/62 [01:32<00:42,  2.34s/it]
train:  73%|███████▎  | 45/62 [01:34<00:38,  2.28s/it]
train:  74%|███████▍  | 46/62 [01:36<00:36,  2.28s/it]
train:  76%|███████▌  | 47/62 [01:39<00:36,  2.40s/it]
train:  77%|███████▋  | 48/62 [01:41<00:32,  2.31s/it]
train:  79%|███████▉  | 49/62 [01:43<00:29,  2.26s/it]
train:  81%|████████  | 50/62 [01:45<00:27,  2.27s/it]
train:  82%|████████▏ | 51/62 [01:47<00:24,  2.24s/it]
train:  84%|████████▍ | 52/62 [01:50<00:22,  2.21s/it]
train:  85%|████████▌ | 53/62 [01:52<00:19,  2.19s/it]
train:  87%|████████▋ | 54/62 [01:54<00:18,  2.27s/it]
train:  89%|████████▊ | 55/62 [01:57<00:16,  2.33s/it]
train:  90%|█████████ | 56/62 [01:59<00:13,  2.30s/it]
train:  92%|█████████▏| 57/62 [02:01<00:11,  2.32s/it]
train:  94%|█████████▎| 58/62 [02:04<00:09,  2.40s/it]
train:  95%|█████████▌| 59/62 [02:06<00:07,  2.38s/it]
train:  97%|█████████▋| 60/62 [02:09<00:04,  2.39s/it]
train:  98%|█████████▊| 61/62 [02:11<00:02,  2.40s/it]
train: 100%|██████████| 62/62 [02:13<00:00,  2.31s/it]
                                                      

val:   0%|          | 0/7 [00:00<?, ?it/s]
val:  14%|█▍        | 1/7 [00:00<00:02,  2.56it/s]
val:  29%|██▊       | 2/7 [00:00<00:01,  2.69it/s]
val:  43%|████▎     | 3/7 [00:01<00:01,  2.74it/s]
val:  57%|█████▋    | 4/7 [00:01<00:01,  2.71it/s]
val:  71%|███████▏  | 5/7 [00:01<00:00,  2.64it/s]
val:  86%|████████▌ | 6/7 [00:02<00:00,  2.67it/s]
val: 100%|██████████| 7/7 [00:02<00:00,  3.08it/s]
                                                  
Epoch 5/5 | train_loss=3.0538 | val_loss=3.1792
Checkpoints saved to outputs/unify_cinc_cpu
