Device: cpu | mode: leave_one_out | unify: True

train:   0%|          | 0/212 [00:00<?, ?it/s]
train:   0%|          | 1/212 [00:03<11:19,  3.22s/it]
train:   1%|          | 2/212 [00:05<08:27,  2.42s/it]
train:   1%|▏         | 3/212 [00:06<07:15,  2.08s/it]
train:   2%|▏         | 4/212 [00:08<06:46,  1.95s/it]
train:   2%|▏         | 5/212 [00:10<06:31,  1.89s/it]
train:   3%|▎         | 6/212 [00:12<06:21,  1.85s/it]
train:   3%|▎         | 7/212 [00:13<06:12,  1.82s/it]
train:   4%|▍         | 8/212 [00:15<06:10,  1.82s/it]
train:   4%|▍         | 9/212 [00:17<06:09,  1.82s/it]
train:   5%|▍         | 10/212 [00:19<06:01,  1.79s/it]
train:   5%|▌         | 11/212 [00:21<06:26,  1.92s/it]
train:   6%|▌         | 12/212 [00:23<06:20,  1.90s/it]
train:   6%|▌         | 13/212 [00:25<06:20,  1.91s/it]
train:   7%|▋         | 14/212 [00:27<06:32,  1.98s/it]
train:   7%|▋         | 15/212 [00:29<06:20,  1.93s/it]
train:   8%|▊         | 16/212 [00:30<06:11,  1.90s/it]
train:   8%|▊         | 17/212 [00:33<06:22,  1.96s/it]
train:   8%|▊         | 18/212 [00:35<06:19,  1.96s/it]
train:   9%|▉         | 19/212 [00:36<06:06,  1.90s/it]
train:   9%|▉         | 20/212 [00:38<06:16,  1.96s/it]
train:  10%|▉         | 21/212 [00:40<06:02,  1.90s/it]
train:  10%|█         | 22/212 [00:42<05:53,  1.86s/it]
train:  11%|█         | 23/212 [00:44<06:12,  1.97s/it]
train:  11%|█▏        | 24/212 [00:46<05:56,  1.90s/it]
train:  12%|█▏        | 25/212 [00:48<05:48,  1.86s/it]
train:  12%|█▏        | 26/212 [00:50<06:05,  1.96s/it]
train:  13%|█▎        | 27/212 [00:52<05:49,  1.89s/it]
train:  13%|█▎        | 28/212 [00:54<05:50,  1.90s/it]
train:  14%|█▎        | 29/212 [00:56<06:02,  1.98s/it]
train:  14%|█▍        | 30/212 [00:58<05:52,  1.94s/it]
train:  15%|█▍        | 31/212 [00:59<05:45,  1.91s/it]
train:  15%|█▌        | 32/212 [01:02<06:06,  2.04s/it]
train:  16%|█▌        | 33/212 [01:04<05:59,  2.01s/it]
train:  16%|█▌        | 34/212 [01:05<05:42,  1.93s/it]
train:  17%|█▋        | 35/212 [01:07<05:46,  1.96s/it]
train:  17%|█▋        | 36/212 [01:09<05:37,  1.92s/it]
train:  17%|█▋        | 37/212 [01:11<05:34,  1.91s/it]
train:  18%|█▊        | 38/212 [01:13<05:45,  1.99s/it]
train:  18%|█▊        | 39/212 [01:15<05:32,  1.92s/it]
train:  19%|█▉        | 40/212 [01:17<05:23,  1.88s/it]
train:  19%|█▉        | 41/212 [01:19<05:38,  1.98s/it]
train:  20%|█▉        | 42/212 [01:21<05:29,  1.94s/it]
train:  20%|██        | 43/212 [01:23<05:18,  1.89s/it]
train:  21%|██        | 44/212 [01:25<05:28,  1.95s/it]
train:  21%|██        | 45/212 [01:27<05:16,  1.90s/it]
train:  22%|██▏       | 46/212 [01:28<05:07,  1.85s/it]
train:  22%|██▏       | 47/212 [01:31<05:28,  1.99s/it]
train:  23%|██▎       | 48/212 [01:32<05:16,  1.93s/it]
train:  23%|██▎       | 49/212 [01:34<05:07,  1.89s/it]
train:  24%|██▎       | 50/212 [01:36<05:15,  1.95s/it]
train:  24%|██▍       | 51/212 [01:38<05:01,  1.87s/it]
train:  25%|██▍       | 52/212 [01:40<04:52,  1.83s/it]
train:  25%|██▌       | 53/212 [01:42<04:52,  1.84s/it]
train:  25%|██▌       | 54/212 [01:43<04:46,  1.81s/it]
train:  26%|██▌       | 55/212 [01:45<04:42,  1.80s/it]
train:  26%|██▋       | 56/212 [01:47<04:40,  1.80s/it]
train:  27%|██▋       | 57/212 [01:49<04:36,  1.78s/it]
train:  27%|██▋       | 58/212 [01:50<04:35,  1.79s/it]
train:  28%|██▊       | 59/212 [01:52<04:35,  1.80s/it]
train:  28%|██▊       | 60/212 [01:54<04:48,  1.90s/it]
train:  29%|██▉       | 61/212 [01:56<04:43,  1.88s/it]
train:  29%|██▉       | 62/212 [01:58<04:37,  1.85s/it]
train:  30%|██▉       | 63/212 [02:00<04:44,  1.91s/it]
train:  30%|███       | 64/212 [02:02<04:37,  1.88s/it]
train:  31%|███       | 65/212 [02:04<04:30,  1.84s/it]
train:  31%|███       | 66/212 [02:06<04:47,  1.97s/it]
train:  32%|███▏      | 67/212 [02:08<04:37,  1.92s/it]
train:  32%|███▏      | 68/212 [02:09<04:27,  1.86s/it]
train:  33%|███▎      | 69/212 [02:12<04:42,  1.97s/it]
train:  33%|███▎      | 70/212 [02:13<04:33,  1.93s/it]
train:  33%|███▎      | 71/212 [02:15<04:24,  1.88s/it]
train:  34%|███▍      | 72/212 [02:17<04:35,  1.97s/it]
train:  34%|███▍      | 73/212 [02:19<04:27,  1.93s/it]
train:  35%|███▍      | 74/212 [02:21<04:23,  1.91s/it]
train:  35%|███▌      | 75/212 [02:23<04:31,  1.98s/it]
train:  36%|███▌      | 76/212 [02:25<04:20,  1.92s/it]
train:  36%|███▋      | 77/212 [02:27<04:12,  1.87s/it]
train:  37%|███▋      | 78/212 [02:29<04:25,  1.98s/it]
train:  37%|███▋      | 79/212 [02:31<04:19,  1.95s/it]
train:  38%|███▊      | 80/212 [02:33<04:12,  1.91s/it]
train:  38%|███▊      | 81/212 [02:35<04:19,  1.98s/it]
train:  39%|███▊      | 82/212 [02:37<04:10,  1.93s/it]
train:  39%|███▉      | 83/212 [02:38<04:03,  1.89s/it]
train:  40%|███▉      | 84/212 [02:41<04:11,  1.97s/it]
train:  40%|████      | 85/212 [02:43<04:11,  1.98s/it]
train:  41%|████      | 86/212 [02:45<04:09,  1.98s/it]
train:  41%|████      | 87/212 [02:47<04:12,  2.02s/it]
train:  42%|████▏     | 88/212 [02:48<04:02,  1.95s/it]
train:  42%|████▏     | 89/212 [02:50<03:56,  1.92s/it]
train:  42%|████▏     | 90/212 [02:52<04:01,  1.98s/it]
train:  43%|████▎     | 91/212 [02:54<03:53,  1.93s/it]
train:  43%|████▎     | 92/212 [02:56<03:47,  1.90s/it]
train:  44%|████▍     | 93/212 [02:58<03:54,  1.97s/it]
train:  44%|████▍     | 94/212 [03:00<03:45,  1.91s/it]
train:  45%|████▍     | 95/212 [03:02<03:42,  1.91s/it]
train:  45%|████▌     | 96/212 [03:04<03:50,  1.99s/it]
train:  46%|████▌     | 97/212 [03:06<03:40,  1.92s/it]
train:  46%|████▌     | 98/212 [03:08<03:32,  1.87s/it]
train:  47%|████▋     | 99/212 [03:10<03:47,  2.01s/it]
train:  47%|████▋     | 100/212 [03:12<03:39,  1.96s/it]
train:  48%|████▊     | 101/212 [03:14<03:32,  1.91s/it]
train:  48%|████▊     | 102/212 [03:16<03:41,  2.01s/it]
train:  49%|████▊     | 103/212 [03:18<03:32,  1.95s/it]
train:  49%|████▉     | 104/212 [03:19<03:25,  1.91s/it]
train:  50%|████▉     | 105/212 [03:22<03:34,  2.00s/it]
train:  50%|█████     | 106/212 [03:23<03:27,  1.96s/it]
train:  50%|█████     | 107/212 [03:25<03:20,  1.91s/it]
train:  51%|█████     | 108/212 [03:27<03:28,  2.01s/it]
train:  51%|█████▏    | 109/212 [03:29<03:22,  1.96s/it]
train:  52%|█████▏    | 110/212 [03:31<03:18,  1.95s/it]
train:  52%|█████▏    | 111/212 [03:33<03:23,  2.02s/it]
train:  53%|█████▎    | 112/212 [03:35<03:17,  1.97s/it]
train:  53%|█████▎    | 113/212 [03:37<03:10,  1.93s/it]
train:  54%|█████▍    | 114/212 [03:39<03:13,  1.98s/it]
train:  54%|█████▍    | 115/212 [03:41<03:07,  1.94s/it]
train:  55%|█████▍    | 116/212 [03:43<03:01,  1.89s/it]
train:  55%|█████▌    | 117/212 [03:45<03:12,  2.02s/it]
train:  56%|█████▌    | 118/212 [03:47<03:07,  1.99s/it]
train:  56%|█████▌    | 119/212 [03:49<03:02,  1.96s/it]
train:  57%|█████▋    | 120/212 [03:51<03:04,  2.00s/it]
train:  57%|█████▋    | 121/212 [03:53<02:59,  1.97s/it]
train:  58%|█████▊    | 122/212 [03:55<03:00,  2.00s/it]
train:  58%|█████▊    | 123/212 [03:57<02:59,  2.02s/it]
train:  58%|█████▊    | 124/212 [03:59<02:52,  1.96s/it]
train:  59%|█████▉    | 125/212 [04:01<02:47,  1.92s/it]
train:  59%|█████▉    | 126/212 [04:03<02:50,  1.98s/it]
train:  60%|█████▉    | 127/212 [04:05<02:45,  1.95s/it]
train:  60%|██████    | 128/212 [04:07<02:40,  1.92s/it]
train:  61%|██████    | 129/212 [04:09<02:44,  1.98s/it]
train:  61%|██████▏   | 130/212 [04:11<02:37,  1.92s/it]
train:  62%|██████▏   | 131/212 [04:12<02:33,  1.89s/it]
train:  62%|██████▏   | 132/212 [04:15<02:37,  1.97s/it]
train:  63%|██████▎   | 133/212 [04:16<02:32,  1.93s/it]
train:  63%|██████▎   | 134/212 [04:18<02:27,  1.89s/it]
train:  64%|██████▎   | 135/212 [04:20<02:35,  2.02s/it]
train:  64%|██████▍   | 136/212 [04:22<02:28,  1.96s/it]
train:  65%|██████▍   | 137/212 [04:24<02:23,  1.91s/it]
train:  65%|██████▌   | 138/212 [04:26<02:26,  1.99s/it]
train:  66%|██████▌   | 139/212 [04:28<02:24,  1.98s/it]
train:  66%|██████▌   | 140/212 [04:30<02:22,  1.98s/it]
train:  67%|██████▋   | 141/212 [04:32<02:25,  2.05s/it]
train:  67%|██████▋   | 142/212 [04:34<02:20,  2.00s/it]
train:  67%|██████▋   | 143/212 [04:36<02:15,  1.96s/it]
train:  68%|██████▊   | 144/212 [04:38<02:15,  1.99s/it]
train:  68%|██████▊   | 145/212 [04:40<02:08,  1.92s/it]
train:  69%|██████▉   | 146/212 [04:42<02:03,  1.87s/it]
train:  69%|██████▉   | 147/212 [04:44<02:06,  1.95s/it]
train:  70%|██████▉   | 148/212 [04:46<02:01,  1.90s/it]
train:  70%|███████   | 149/212 [04:47<01:58,  1.89s/it]
train:  71%|███████   | 150/212 [04:50<02:03,  1.99s/it]
train:  71%|███████   | 151/212 [04:51<01:56,  1.91s/it]
train:  72%|███████▏  | 152/212 [04:53<01:52,  1.88s/it]
train:  72%|███████▏  | 153/212 [04:55<01:56,  1.97s/it]
train:  73%|███████▎  | 154/212 [04:57<01:50,  1.91s/it]
train:  73%|███████▎  | 155/212 [04:59<01:46,  1.88s/it]
train:  74%|███████▎  | 156/212 [05:01<01:50,  1.98s/it]
train:  74%|███████▍  | 157/212 [05:03<01:45,  1.92s/it]
train:  75%|███████▍  | 158/212 [05:05<01:42,  1.89s/it]
train:  75%|███████▌  | 159/212 [05:07<01:44,  1.98s/it]
train:  75%|███████▌  | 160/212 [05:09<01:40,  1.92s/it]
train:  76%|███████▌  | 161/212 [05:11<01:37,  1.91s/it]
train:  76%|███████▋  | 162/212 [05:13<01:38,  1.98s/it]
train:  77%|███████▋  | 163/212 [05:15<01:33,  1.91s/it]
train:  77%|███████▋  | 164/212 [05:16<01:29,  1.87s/it]
train:  78%|███████▊  | 165/212 [05:19<01:33,  1.99s/it]
train:  78%|███████▊  | 166/212 [05:21<01:30,  1.96s/it]
train:  79%|███████▉  | 167/212 [05:22<01:25,  1.91s/it]
train:  79%|███████▉  | 168/212 [05:24<01:26,  1.97s/it]
train:  80%|███████▉  | 169/212 [05:26<01:22,  1.91s/it]
train:  80%|████████  | 170/212 [05:28<01:19,  1.89s/it]
train:  81%|████████  | 171/212 [05:30<01:23,  2.02s/it]
train:  81%|████████  | 172/212 [05:32<01:19,  1.98s/it]
train:  82%|████████▏ | 173/212 [05:34<01:15,  1.94s/it]
train:  82%|████████▏ | 174/212 [05:36<01:14,  1.96s/it]
train:  83%|████████▎ | 175/212 [05:38<01:10,  1.91s/it]
train:  83%|████████▎ | 176/212 [05:40<01:09,  1.92s/it]
train:  83%|████████▎ | 177/212 [05:42<01:09,  2.00s/it]
train:  84%|████████▍ | 178/212 [05:44<01:06,  1.95s/it]
train:  84%|████████▍ | 179/212 [05:46<01:02,  1.90s/it]
train:  85%|████████▍ | 180/212 [05:48<01:03,  1.97s/it]
train:  85%|████████▌ | 181/212 [05:50<00:59,  1.91s/it]
train:  86%|████████▌ | 182/212 [05:51<00:57,  1.91s/it]
train:  86%|████████▋ | 183/212 [05:54<00:57,  1.97s/it]
train:  87%|████████▋ | 184/212 [05:55<00:53,  1.92s/it]
train:  87%|████████▋ | 185/212 [05:57<00:50,  1.87s/it]
train:  88%|████████▊ | 186/212 [05:59<00:51,  1.96s/it]
train:  88%|████████▊ | 187/212 [06:01<00:48,  1.93s/it]
train:  89%|████████▊ | 188/212 [06:03<00:45,  1.89s/it]
train:  89%|████████▉ | 189/212 [06:05<00:45,  1.97s/it]
train:  90%|████████▉ | 190/212 [06:07<00:42,  1.92s/it]
train:  90%|█████████ | 191/212 [06:09<00:39,  1.87s/it]
train:  91%|█████████ | 192/212 [06:11<00:41,  2.05s/it]
train:  91%|█████████ | 193/212 [06:13<00:38,  2.03s/it]
train:  92%|█████████▏| 194/212 [06:15<00:36,  2.01s/it]
train:  92%|█████████▏| 195/212 [06:17<00:34,  2.02s/it]
train:  92%|█████████▏| 196/212 [06:19<00:31,  1.95s/it]
train:  93%|█████████▎| 197/212 [06:21<00:28,  1.90s/it]
train:  93%|█████████▎| 198/212 [06:23<00:27,  1.96s/it]
train:  94%|█████████▍| 199/212 [06:25<00:24,  1.89s/it]
train:  94%|█████████▍| 200/212 [06:26<00:22,  1.85s/it]
train:  95%|█████████▍| 201/212 [06:29<00:21,  1.97s/it]
train:  95%|█████████▌| 202/212 [06:30<00:19,  1.90s/it]
train:  96%|█████████▌| 203/212 [06:32<00:17,  1.91s/it]
train:  96%|█████████▌| 204/212 [06:34<00:15,  1.99s/it]
train:  97%|█████████▋| 205/212 [06:36<00:13,  1.91s/it]
train:  97%|█████████▋| 206/212 [06:38<00:11,  1.87s/it]
train:  98%|█████████▊| 207/212 [06:40<00:09,  1.96s/it]
train:  98%|█████████▊| 208/212 [06:42<00:07,  1.92s/it]
train:  99%|█████████▊| 209/212 [06:44<00:05,  1.87s/it]
train:  99%|█████████▉| 210/212 [06:46<00:03,  1.97s/it]
train: 100%|█████████▉| 211/212 [06:48<00:01,  1.89s/it]
train: 100%|██████████| 212/212 [06:49<00:00,  1.82s/it]
                                                        

val:   0%|          | 0/13 [00:00<?, ?it/s]
val:   8%|▊         | 1/13 [00:00<00:04,  2.99it/s]
val:  15%|█▌        | 2/13 [00:01<00:05,  1.84it/s]
val:  23%|██▎       | 3/13 [00:01<00:04,  2.15it/s]
val:  31%|███       | 4/13 [00:01<00:03,  2.38it/s]
val:  38%|███▊      | 5/13 [00:02<00:03,  2.61it/s]
val:  46%|████▌     | 6/13 [00:02<00:02,  2.74it/s]
val:  54%|█████▍    | 7/13 [00:02<00:02,  2.91it/s]
val:  62%|██████▏   | 8/13 [00:03<00:01,  3.00it/s]
val:  69%|██████▉   | 9/13 [00:03<00:01,  3.05it/s]
val:  77%|███████▋  | 10/13 [00:03<00:00,  3.01it/s]
val:  85%|████████▍ | 11/13 [00:04<00:00,  2.84it/s]
val:  92%|█████████▏| 12/13 [00:04<00:00,  2.70it/s]
val: 100%|██████████| 13/13 [00:04<00:00,  2.96it/s]
                                                    
Epoch 1/5 | train_loss=3.0869 | val_loss=3.2219

train:   0%|          | 0/212 [00:00<?, ?it/s]
train:   0%|          | 1/212 [00:01<06:07,  1.74s/it]
train:   1%|          | 2/212 [00:03<06:12,  1.77s/it]
train:   1%|▏         | 3/212 [00:05<06:51,  1.97s/it]
train:   2%|▏         | 4/212 [00:07<06:31,  1.88s/it]
train:   2%|▏         | 5/212 [00:09<06:33,  1.90s/it]
train:   3%|▎         | 6/212 [00:11<06:46,  1.97s/it]
train:   3%|▎         | 7/212 [00:13<06:31,  1.91s/it]
train:   4%|▍         | 8/212 [00:15<06:20,  1.87s/it]
train:   4%|▍         | 9/212 [00:17<06:42,  1.98s/it]
train:   5%|▍         | 10/212 [00:19<06:27,  1.92s/it]
train:   5%|▌         | 11/212 [00:20<06:20,  1.89s/it]
train:   6%|▌         | 12/212 [00:23<06:44,  2.02s/it]
train:   6%|▌         | 13/212 [00:25<06:29,  1.96s/it]
train:   7%|▋         | 14/212 [00:26<06:17,  1.91s/it]
train:   7%|▋         | 15/212 [00:28<06:23,  1.95s/it]
train:   8%|▊         | 16/212 [00:30<06:12,  1.90s/it]
train:   8%|▊         | 17/212 [00:32<06:09,  1.89s/it]
train:   8%|▊         | 18/212 [00:34<06:25,  1.99s/it]
train:   9%|▉         | 19/212 [00:36<06:06,  1.90s/it]
train:   9%|▉         | 20/212 [00:38<05:55,  1.85s/it]
train:  10%|▉         | 21/212 [00:40<06:20,  1.99s/it]
train:  10%|█         | 22/212 [00:42<06:06,  1.93s/it]
train:  11%|█         | 23/212 [00:44<06:05,  1.93s/it]
train:  11%|█▏        | 24/212 [00:46<06:13,  1.99s/it]
train:  12%|█▏        | 25/212 [00:48<06:03,  1.94s/it]
train:  12%|█▏        | 26/212 [00:50<05:56,  1.92s/it]
train:  13%|█▎        | 27/212 [00:52<06:06,  1.98s/it]
train:  13%|█▎        | 28/212 [00:53<05:52,  1.92s/it]
train:  14%|█▎        | 29/212 [00:55<05:49,  1.91s/it]
train:  14%|█▍        | 30/212 [00:58<06:12,  2.05s/it]
train:  15%|█▍        | 31/212 [01:00<06:00,  1.99s/it]
train:  15%|█▌        | 32/212 [01:01<05:52,  1.96s/it]
train:  16%|█▌        | 33/212 [01:04<06:03,  2.03s/it]
train:  16%|█▌        | 34/212 [01:05<05:43,  1.93s/it]
train:  17%|█▋        | 35/212 [01:07<05:29,  1.86s/it]
train:  17%|█▋        | 36/212 [01:09<05:37,  1.92s/it]
train:  17%|█▋        | 37/212 [01:11<05:22,  1.84s/it]
train:  18%|█▊        | 38/212 [01:13<05:16,  1.82s/it]
train:  18%|█▊        | 39/212 [01:14<05:11,  1.80s/it]
train:  19%|█▉        | 40/212 [01:16<05:09,  1.80s/it]
train:  19%|█▉        | 41/212 [01:18<05:04,  1.78s/it]
train:  20%|█▉        | 42/212 [01:20<05:00,  1.77s/it]
train:  20%|██        | 43/212 [01:21<04:57,  1.76s/it]
train:  21%|██        | 44/212 [01:23<04:57,  1.77s/it]
train:  21%|██        | 45/212 [01:25<04:49,  1.73s/it]
train:  22%|██▏       | 46/212 [01:26<04:44,  1.71s/it]
train:  22%|██▏       | 47/212 [01:28<04:41,  1.70s/it]
train:  23%|██▎       | 48/212 [01:30<04:39,  1.71s/it]
train:  23%|██▎       | 49/212 [01:32<04:46,  1.76s/it]
train:  24%|██▎       | 50/212 [01:33<04:42,  1.74s/it]
train:  24%|██▍       | 51/212 [01:35<04:44,  1.77s/it]
train:  25%|██▍       | 52/212 [01:38<05:12,  1.95s/it]
train:  25%|██▌       | 53/212 [01:39<05:06,  1.93s/it]
train:  25%|██▌       | 54/212 [01:41<05:03,  1.92s/it]
train:  26%|██▌       | 55/212 [01:44<05:20,  2.04s/it]
train:  26%|██▋       | 56/212 [01:46<05:11,  2.00s/it]
train:  27%|██▋       | 57/212 [01:47<04:57,  1.92s/it]
train:  27%|██▋       | 58/212 [01:49<04:54,  1.92s/it]
train:  28%|██▊       | 59/212 [01:51<04:41,  1.84s/it]
train:  28%|██▊       | 60/212 [01:53<04:34,  1.80s/it]
train:  29%|██▉       | 61/212 [01:54<04:28,  1.78s/it]
train:  29%|██▉       | 62/212 [01:56<04:23,  1.76s/it]
train:  30%|██▉       | 63/212 [01:58<04:19,  1.74s/it]
train:  30%|███       | 64/212 [01:59<04:16,  1.74s/it]
train:  31%|███       | 65/212 [02:01<04:16,  1.75s/it]
train:  31%|███       | 66/212 [02:03<04:11,  1.72s/it]
train:  32%|███▏      | 67/212 [02:05<04:13,  1.75s/it]
train:  32%|███▏      | 68/212 [02:06<04:11,  1.75s/it]
train:  33%|███▎      | 69/212 [02:08<04:07,  1.73s/it]
train:  33%|███▎      | 70/212 [02:10<04:02,  1.71s/it]
train:  33%|███▎      | 71/212 [02:12<04:13,  1.80s/it]
train:  34%|███▍      | 72/212 [02:14<04:13,  1.81s/it]
train:  34%|███▍      | 73/212 [02:15<04:07,  1.78s/it]
train:  35%|███▍      | 74/212 [02:17<04:17,  1.86s/it]
train:  35%|███▌      | 75/212 [02:19<04:11,  1.83s/it]
train:  36%|███▌      | 76/212 [02:21<04:08,  1.83s/it]
train:  36%|███▋      | 77/212 [02:23<04:32,  2.02s/it]
train:  37%|███▋      | 78/212 [02:25<04:20,  1.94s/it]
train:  37%|███▋      | 79/212 [02:27<04:13,  1.90s/it]
train:  38%|███▊      | 80/212 [02:29<04:21,  1.98s/it]
train:  38%|███▊      | 81/212 [02:31<04:12,  1.93s/it]
train:  39%|███▊      | 82/212 [02:33<04:05,  1.89s/it]
train:  39%|███▉      | 83/212 [02:35<04:18,  2.00s/it]
train:  40%|███▉      | 84/212 [02:37<04:08,  1.94s/it]
train:  40%|████      | 85/212 [02:39<03:55,  1.86s/it]
train:  41%|████      | 86/212 [02:41<04:08,  1.97s/it]
train:  41%|████      | 87/212 [02:43<03:59,  1.91s/it]
train:  42%|████▏     | 88/212 [02:44<03:56,  1.91s/it]
train:  42%|████▏     | 89/212 [02:47<04:05,  2.00s/it]
train:  42%|████▏     | 90/212 [02:48<03:54,  1.92s/it]
train:  43%|████▎     | 91/212 [02:50<03:45,  1.87s/it]
train:  43%|████▎     | 92/212 [02:52<03:56,  1.97s/it]
train:  44%|████▍     | 93/212 [02:54<03:46,  1.91s/it]
train:  44%|████▍     | 94/212 [02:56<03:44,  1.90s/it]
train:  45%|████▍     | 95/212 [02:58<03:51,  1.98s/it]
train:  45%|████▌     | 96/212 [03:00<03:42,  1.92s/it]
train:  46%|████▌     | 97/212 [03:02<03:36,  1.88s/it]
train:  46%|████▌     | 98/212 [03:04<03:44,  1.97s/it]
train:  47%|████▋     | 99/212 [03:06<03:39,  1.94s/it]
train:  47%|████▋     | 100/212 [03:08<03:33,  1.91s/it]
train:  48%|████▊     | 101/212 [03:10<03:42,  2.00s/it]
train:  48%|████▊     | 102/212 [03:12<03:34,  1.95s/it]
train:  49%|████▊     | 103/212 [03:13<03:28,  1.91s/it]
train:  49%|████▉     | 104/212 [03:16<03:38,  2.02s/it]
train:  50%|████▉     | 105/212 [03:18<03:31,  1.97s/it]
train:  50%|█████     | 106/212 [03:19<03:23,  1.92s/it]
train:  50%|█████     | 107/212 [03:22<03:26,  1.97s/it]
train:  51%|█████     | 108/212 [03:23<03:18,  1.91s/it]
train:  51%|█████▏    | 109/212 [03:25<03:14,  1.89s/it]
train:  52%|█████▏    | 110/212 [03:28<03:28,  2.04s/it]
train:  52%|█████▏    | 111/212 [03:29<03:17,  1.96s/it]
train:  53%|█████▎    | 112/212 [03:31<03:10,  1.91s/it]
train:  53%|█████▎    | 113/212 [03:33<03:17,  2.00s/it]
train:  54%|█████▍    | 114/212 [03:35<03:18,  2.02s/it]
train:  54%|█████▍    | 115/212 [03:37<03:08,  1.95s/it]
train:  55%|█████▍    | 116/212 [03:39<03:06,  1.94s/it]
train:  55%|█████▌    | 117/212 [03:41<03:00,  1.90s/it]
train:  56%|█████▌    | 118/212 [03:43<02:55,  1.87s/it]
train:  56%|█████▌    | 119/212 [03:45<03:04,  1.99s/it]
train:  57%|█████▋    | 120/212 [03:47<02:59,  1.95s/it]
train:  57%|█████▋    | 121/212 [03:49<02:51,  1.89s/it]
train:  58%|█████▊    | 122/212 [03:51<02:54,  1.93s/it]
train:  58%|█████▊    | 123/212 [03:52<02:45,  1.86s/it]
train:  58%|█████▊    | 124/212 [03:54<02:42,  1.84s/it]
train:  59%|█████▉    | 125/212 [03:57<02:57,  2.04s/it]
train:  59%|█████▉    | 126/212 [03:59<02:52,  2.01s/it]
train:  60%|█████▉    | 127/212 [04:00<02:49,  1.99s/it]
train:  60%|██████    | 128/212 [04:02<02:46,  1.99s/it]
train:  61%|██████    | 129/212 [04:04<02:44,  1.98s/it]
train:  61%|██████▏   | 130/212 [04:06<02:40,  1.96s/it]
train:  62%|██████▏   | 131/212 [04:08<02:39,  1.97s/it]
train:  62%|██████▏   | 132/212 [04:10<02:34,  1.93s/it]
train:  63%|██████▎   | 133/212 [04:12<02:28,  1.88s/it]
train:  63%|██████▎   | 134/212 [04:14<02:33,  1.97s/it]
train:  64%|██████▎   | 135/212 [04:16<02:27,  1.92s/it]
train:  64%|██████▍   | 136/212 [04:18<02:23,  1.89s/it]
train:  65%|██████▍   | 137/212 [04:20<02:28,  1.98s/it]
train:  65%|██████▌   | 138/212 [04:22<02:21,  1.92s/it]
train:  66%|██████▌   | 139/212 [04:23<02:17,  1.88s/it]
train:  66%|██████▌   | 140/212 [04:26<02:22,  1.98s/it]
train:  67%|██████▋   | 141/212 [04:28<02:17,  1.94s/it]
train:  67%|██████▋   | 142/212 [04:29<02:12,  1.90s/it]
train:  67%|██████▋   | 143/212 [04:31<02:16,  1.97s/it]
train:  68%|██████▊   | 144/212 [04:33<02:09,  1.91s/it]
train:  68%|██████▊   | 145/212 [04:35<02:04,  1.86s/it]
train:  69%|██████▉   | 146/212 [04:37<02:12,  2.01s/it]
train:  69%|██████▉   | 147/212 [04:39<02:05,  1.94s/it]
train:  70%|██████▉   | 148/212 [04:41<02:00,  1.88s/it]
train:  70%|███████   | 149/212 [04:43<02:04,  1.97s/it]
train:  71%|███████   | 150/212 [04:45<01:58,  1.91s/it]
train:  71%|███████   | 151/212 [04:47<01:53,  1.86s/it]
train:  72%|███████▏  | 152/212 [04:49<02:00,  2.00s/it]
train:  72%|███████▏  | 153/212 [04:51<01:53,  1.92s/it]
train:  73%|███████▎  | 154/212 [04:52<01:48,  1.86s/it]
train:  73%|███████▎  | 155/212 [04:55<01:52,  1.97s/it]
train:  74%|███████▎  | 156/212 [04:57<01:51,  2.00s/it]
train:  74%|███████▍  | 157/212 [04:58<01:47,  1.95s/it]
train:  75%|███████▍  | 158/212 [05:01<01:47,  1.99s/it]
train:  75%|███████▌  | 159/212 [05:02<01:42,  1.94s/it]
train:  75%|███████▌  | 160/212 [05:04<01:38,  1.90s/it]
train:  76%|███████▌  | 161/212 [05:06<01:42,  2.01s/it]
train:  76%|███████▋  | 162/212 [05:08<01:37,  1.94s/it]
train:  77%|███████▋  | 163/212 [05:10<01:33,  1.90s/it]
train:  77%|███████▋  | 164/212 [05:12<01:33,  1.94s/it]
train:  78%|███████▊  | 165/212 [05:14<01:29,  1.90s/it]
train:  78%|███████▊  | 166/212 [05:16<01:27,  1.89s/it]
train:  79%|███████▉  | 167/212 [05:18<01:29,  2.00s/it]
train:  79%|███████▉  | 168/212 [05:20<01:24,  1.93s/it]
train:  80%|███████▉  | 169/212 [05:22<01:20,  1.88s/it]
train:  80%|████████  | 170/212 [05:24<01:23,  1.98s/it]
train:  81%|████████  | 171/212 [05:26<01:19,  1.94s/it]
train:  81%|████████  | 172/212 [05:27<01:17,  1.93s/it]
train:  82%|████████▏ | 173/212 [05:30<01:17,  1.99s/it]
train:  82%|████████▏ | 174/212 [05:31<01:13,  1.92s/it]
train:  83%|████████▎ | 175/212 [05:33<01:09,  1.89s/it]
train:  83%|████████▎ | 176/212 [05:35<01:10,  1.96s/it]
train:  83%|████████▎ | 177/212 [05:37<01:09,  2.00s/it]
train:  84%|████████▍ | 178/212 [05:39<01:07,  1.98s/it]
train:  84%|████████▍ | 179/212 [05:42<01:07,  2.04s/it]
train:  85%|████████▍ | 180/212 [05:44<01:05,  2.03s/it]
train:  85%|████████▌ | 181/212 [05:46<01:02,  2.02s/it]
train:  86%|████████▌ | 182/212 [05:48<01:00,  2.01s/it]
train:  86%|████████▋ | 183/212 [05:49<00:56,  1.94s/it]
train:  87%|████████▋ | 184/212 [05:51<00:53,  1.91s/it]
train:  87%|████████▋ | 185/212 [05:53<00:53,  1.96s/it]
train:  88%|████████▊ | 186/212 [05:55<00:49,  1.90s/it]
train:  88%|████████▊ | 187/212 [05:57<00:46,  1.86s/it]
train:  89%|████████▊ | 188/212 [05:59<00:47,  1.97s/it]
train:  89%|████████▉ | 189/212 [06:01<00:43,  1.90s/it]
train:  90%|████████▉ | 190/212 [06:02<00:40,  1.86s/it]
train:  90%|█████████ | 191/212 [06:05<00:41,  1.95s/it]
train:  91%|█████████ | 192/212 [06:06<00:37,  1.90s/it]
train:  91%|█████████ | 193/212 [06:08<00:35,  1.89s/it]
train:  92%|█████████▏| 194/212 [06:10<00:35,  1.99s/it]
train:  92%|█████████▏| 195/212 [06:12<00:32,  1.93s/it]
train:  92%|█████████▏| 196/212 [06:14<00:30,  1.89s/it]
train:  93%|█████████▎| 197/212 [06:16<00:29,  1.99s/it]
train:  93%|█████████▎| 198/212 [06:18<00:26,  1.91s/it]
train:  94%|█████████▍| 199/212 [06:20<00:24,  1.88s/it]
train:  94%|█████████▍| 200/212 [06:22<00:23,  1.99s/it]
train:  95%|█████████▍| 201/212 [06:24<00:21,  1.94s/it]
train:  95%|█████████▌| 202/212 [06:26<00:19,  1.90s/it]
train:  96%|█████████▌| 203/212 [06:28<00:17,  1.99s/it]
train:  96%|█████████▌| 204/212 [06:30<00:15,  1.93s/it]
train:  97%|█████████▋| 205/212 [06:32<00:13,  1.90s/it]
train:  97%|█████████▋| 206/212 [06:34<00:12,  2.01s/it]
train:  98%|█████████▊| 207/212 [06:36<00:09,  1.94s/it]
train:  98%|█████████▊| 208/212 [06:37<00:07,  1.90s/it]
train:  99%|█████████▊| 209/212 [06:40<00:05,  1.98s/it]
train:  99%|█████████▉| 210/212 [06:41<00:03,  1.89s/it]
train: 100%|█████████▉| 211/212 [06:43<00:01,  1.88s/it]
train: 100%|██████████| 212/212 [06:45<00:00,  2.00s/it]
                                                        

val:   0%|          | 0/13 [00:00<?, ?it/s]
val:   8%|▊         | 1/13 [00:00<00:03,  3.20it/s]
val:  15%|█▌        | 2/13 [00:00<00:03,  3.05it/s]
val:  23%|██▎       | 3/13 [00:00<00:03,  3.15it/s]
val:  31%|███       | 4/13 [00:01<00:02,  3.16it/s]
val:  38%|███▊      | 5/13 [00:01<00:02,  3.21it/s]
val:  46%|████▌     | 6/13 [00:01<00:02,  3.19it/s]
val:  54%|█████▍    | 7/13 [00:02<00:01,  3.21it/s]
val:  62%|██████▏   | 8/13 [00:02<00:01,  3.21it/s]
val:  69%|██████▉   | 9/13 [00:02<00:01,  3.20it/s]
val:  77%|███████▋  | 10/13 [00:03<00:00,  3.21it/s]
val:  85%|████████▍ | 11/13 [00:03<00:00,  3.27it/s]
val:  92%|█████████▏| 12/13 [00:04<00:00,  2.14it/s]
val: 100%|██████████| 13/13 [00:04<00:00,  2.60it/s]
                                                    
Epoch 2/5 | train_loss=3.1109 | val_loss=3.2243

train:   0%|          | 0/212 [00:00<?, ?it/s]
train:   0%|          | 1/212 [00:01<06:44,  1.92s/it]
train:   1%|          | 2/212 [00:03<06:25,  1.83s/it]
train:   1%|▏         | 3/212 [00:05<06:39,  1.91s/it]
train:   2%|▏         | 4/212 [00:07<06:26,  1.86s/it]
train:   2%|▏         | 5/212 [00:09<06:18,  1.83s/it]
train:   3%|▎         | 6/212 [00:11<06:43,  1.96s/it]
train:   3%|▎         | 7/212 [00:13<06:29,  1.90s/it]
train:   4%|▍         | 8/212 [00:15<06:21,  1.87s/it]
train:   4%|▍         | 9/212 [00:17<06:42,  1.98s/it]
train:   5%|▍         | 10/212 [00:19<06:28,  1.92s/it]
train:   5%|▌         | 11/212 [00:20<06:26,  1.92s/it]
train:   6%|▌         | 12/212 [00:23<06:29,  1.95s/it]
train:   6%|▌         | 13/212 [00:24<06:19,  1.91s/it]
train:   7%|▋         | 14/212 [00:26<06:10,  1.87s/it]
train:   7%|▋         | 15/212 [00:28<06:30,  1.98s/it]
train:   8%|▊         | 16/212 [00:30<06:30,  1.99s/it]
train:   8%|▊         | 17/212 [00:32<06:24,  1.97s/it]
train:   8%|▊         | 18/212 [00:34<06:31,  2.02s/it]
train:   9%|▉         | 19/212 [00:36<06:17,  1.96s/it]
train:   9%|▉         | 20/212 [00:38<06:02,  1.89s/it]
train:  10%|▉         | 21/212 [00:40<06:21,  2.00s/it]
train:  10%|█         | 22/212 [00:42<06:10,  1.95s/it]
train:  11%|█         | 23/212 [00:44<06:02,  1.92s/it]
train:  11%|█▏        | 24/212 [00:46<06:12,  1.98s/it]
train:  12%|█▏        | 25/212 [00:48<05:58,  1.92s/it]
train:  12%|█▏        | 26/212 [00:50<05:50,  1.88s/it]
train:  13%|█▎        | 27/212 [00:52<06:07,  1.99s/it]
train:  13%|█▎        | 28/212 [00:54<05:54,  1.93s/it]
train:  14%|█▎        | 29/212 [00:55<05:41,  1.87s/it]
train:  14%|█▍        | 30/212 [00:58<06:00,  1.98s/it]
train:  15%|█▍        | 31/212 [00:59<05:47,  1.92s/it]
train:  15%|█▌        | 32/212 [01:01<05:36,  1.87s/it]
train:  16%|█▌        | 33/212 [01:03<05:55,  1.99s/it]
train:  16%|█▌        | 34/212 [01:05<05:39,  1.90s/it]
train:  17%|█▋        | 35/212 [01:07<05:28,  1.86s/it]
train:  17%|█▋        | 36/212 [01:09<05:43,  1.95s/it]
train:  17%|█▋        | 37/212 [01:11<05:34,  1.91s/it]
train:  18%|█▊        | 38/212 [01:13<05:26,  1.88s/it]
train:  18%|█▊        | 39/212 [01:15<05:50,  2.03s/it]
train:  19%|█▉        | 40/212 [01:17<05:36,  1.96s/it]
train:  19%|█▉        | 41/212 [01:19<05:28,  1.92s/it]
train:  20%|█▉        | 42/212 [01:21<05:36,  1.98s/it]
train:  20%|██        | 43/212 [01:23<05:27,  1.94s/it]
train:  21%|██        | 44/212 [01:24<05:23,  1.92s/it]
train:  21%|██        | 45/212 [01:27<05:30,  1.98s/it]
train:  22%|██▏       | 46/212 [01:28<05:18,  1.92s/it]
train:  22%|██▏       | 47/212 [01:30<05:10,  1.88s/it]
train:  23%|██▎       | 48/212 [01:32<05:22,  1.97s/it]
train:  23%|██▎       | 49/212 [01:34<05:09,  1.90s/it]
train:  24%|██▎       | 50/212 [01:36<05:09,  1.91s/it]
train:  24%|██▍       | 51/212 [01:38<05:23,  2.01s/it]
train:  25%|██▍       | 52/212 [01:40<05:12,  1.95s/it]
train:  25%|██▌       | 53/212 [01:42<05:02,  1.90s/it]
train:  25%|██▌       | 54/212 [01:44<05:14,  1.99s/it]
train:  26%|██▌       | 55/212 [01:46<05:02,  1.93s/it]
train:  26%|██▋       | 56/212 [01:48<04:54,  1.89s/it]
train:  27%|██▋       | 57/212 [01:50<05:01,  1.95s/it]
train:  27%|██▋       | 58/212 [01:51<04:50,  1.89s/it]
train:  28%|██▊       | 59/212 [01:53<04:41,  1.84s/it]
train:  28%|██▊       | 60/212 [01:55<05:00,  1.98s/it]
train:  29%|██▉       | 61/212 [01:57<04:48,  1.91s/it]
train:  29%|██▉       | 62/212 [01:59<04:40,  1.87s/it]
train:  30%|██▉       | 63/212 [02:01<04:48,  1.93s/it]
train:  30%|███       | 64/212 [02:03<04:37,  1.87s/it]
train:  31%|███       | 65/212 [02:05<04:31,  1.85s/it]
train:  31%|███       | 66/212 [02:07<04:52,  2.01s/it]
train:  32%|███▏      | 67/212 [02:09<04:43,  1.96s/it]
train:  32%|███▏      | 68/212 [02:11<04:34,  1.91s/it]
train:  33%|███▎      | 69/212 [02:13<04:41,  1.97s/it]
train:  33%|███▎      | 70/212 [02:15<04:37,  1.95s/it]
train:  33%|███▎      | 71/212 [02:17<04:36,  1.96s/it]
train:  34%|███▍      | 72/212 [02:19<04:44,  2.03s/it]
train:  34%|███▍      | 73/212 [02:21<04:36,  1.99s/it]
train:  35%|███▍      | 74/212 [02:23<04:27,  1.94s/it]
train:  35%|███▌      | 75/212 [02:25<04:31,  1.98s/it]
train:  36%|███▌      | 76/212 [02:26<04:26,  1.96s/it]
train:  36%|███▋      | 77/212 [02:28<04:17,  1.91s/it]
train:  37%|███▋      | 78/212 [02:30<04:24,  1.98s/it]
train:  37%|███▋      | 79/212 [02:32<04:15,  1.92s/it]
train:  38%|███▊      | 80/212 [02:34<04:06,  1.87s/it]
train:  38%|███▊      | 81/212 [02:36<04:19,  1.98s/it]
train:  39%|███▊      | 82/212 [02:38<04:12,  1.94s/it]
train:  39%|███▉      | 83/212 [02:40<04:06,  1.91s/it]
train:  40%|███▉      | 84/212 [02:42<04:13,  1.98s/it]
train:  40%|████      | 85/212 [02:44<04:05,  1.93s/it]
train:  41%|████      | 86/212 [02:46<03:58,  1.90s/it]
train:  41%|████      | 87/212 [02:48<04:12,  2.02s/it]
train:  42%|████▏     | 88/212 [02:50<04:01,  1.95s/it]
train:  42%|████▏     | 89/212 [02:52<03:55,  1.92s/it]
train:  42%|████▏     | 90/212 [02:54<03:58,  1.96s/it]
train:  43%|████▎     | 91/212 [02:55<03:51,  1.91s/it]
train:  43%|████▎     | 92/212 [02:57<03:45,  1.88s/it]
train:  44%|████▍     | 93/212 [02:59<03:54,  1.97s/it]
train:  44%|████▍     | 94/212 [03:01<03:45,  1.91s/it]
train:  45%|████▍     | 95/212 [03:03<03:52,  1.99s/it]
train:  45%|████▌     | 96/212 [03:05<03:53,  2.01s/it]
train:  46%|████▌     | 97/212 [03:07<03:44,  1.95s/it]
train:  46%|████▌     | 98/212 [03:09<03:37,  1.91s/it]
train:  47%|████▋     | 99/212 [03:11<03:49,  2.03s/it]
train:  47%|████▋     | 100/212 [03:13<03:43,  2.00s/it]
train:  48%|████▊     | 101/212 [03:15<03:36,  1.95s/it]
train:  48%|████▊     | 102/212 [03:17<03:40,  2.00s/it]
train:  49%|████▊     | 103/212 [03:19<03:29,  1.92s/it]
train:  49%|████▉     | 104/212 [03:21<03:25,  1.90s/it]
train:  50%|████▉     | 105/212 [03:23<03:29,  1.96s/it]
train:  50%|█████     | 106/212 [03:25<03:24,  1.93s/it]
train:  50%|█████     | 107/212 [03:27<03:16,  1.87s/it]
train:  51%|█████     | 108/212 [03:29<03:24,  1.97s/it]
train:  51%|█████▏    | 109/212 [03:31<03:17,  1.91s/it]
train:  52%|█████▏    | 110/212 [03:32<03:12,  1.89s/it]
train:  52%|█████▏    | 111/212 [03:35<03:23,  2.01s/it]
train:  53%|█████▎    | 112/212 [03:36<03:15,  1.95s/it]
train:  53%|█████▎    | 113/212 [03:38<03:08,  1.90s/it]
train:  54%|█████▍    | 114/212 [03:40<03:11,  1.95s/it]
train:  54%|█████▍    | 115/212 [03:42<03:03,  1.89s/it]
train:  55%|█████▍    | 116/212 [03:44<03:00,  1.88s/it]
train:  55%|█████▌    | 117/212 [03:46<03:09,  1.99s/it]
train:  56%|█████▌    | 118/212 [03:48<03:02,  1.94s/it]
train:  56%|█████▌    | 119/212 [03:50<02:56,  1.90s/it]
train:  57%|█████▋    | 120/212 [03:52<03:00,  1.97s/it]
train:  57%|█████▋    | 121/212 [03:54<02:54,  1.92s/it]
train:  58%|█████▊    | 122/212 [03:56<02:53,  1.93s/it]
train:  58%|█████▊    | 123/212 [03:58<02:59,  2.01s/it]
train:  58%|█████▊    | 124/212 [04:00<02:56,  2.00s/it]
train:  59%|█████▉    | 125/212 [04:02<02:52,  1.99s/it]
train:  59%|█████▉    | 126/212 [04:04<02:52,  2.00s/it]
train:  60%|█████▉    | 127/212 [04:06<02:47,  1.97s/it]
train:  60%|██████    | 128/212 [04:08<02:40,  1.91s/it]
train:  61%|██████    | 129/212 [04:10<02:43,  1.96s/it]
train:  61%|██████▏   | 130/212 [04:11<02:36,  1.91s/it]
train:  62%|██████▏   | 131/212 [04:13<02:31,  1.87s/it]
train:  62%|██████▏   | 132/212 [04:15<02:38,  1.98s/it]
train:  63%|██████▎   | 133/212 [04:17<02:31,  1.92s/it]
train:  63%|██████▎   | 134/212 [04:19<02:26,  1.88s/it]
train:  64%|██████▎   | 135/212 [04:21<02:31,  1.97s/it]
train:  64%|██████▍   | 136/212 [04:23<02:27,  1.95s/it]
train:  65%|██████▍   | 137/212 [04:25<02:21,  1.89s/it]
train:  65%|██████▌   | 138/212 [04:27<02:28,  2.01s/it]
train:  66%|██████▌   | 139/212 [04:29<02:20,  1.93s/it]
train:  66%|██████▌   | 140/212 [04:31<02:13,  1.86s/it]
train:  67%|██████▋   | 141/212 [04:33<02:17,  1.94s/it]
train:  67%|██████▋   | 142/212 [04:34<02:12,  1.90s/it]
train:  67%|██████▋   | 143/212 [04:36<02:08,  1.87s/it]
train:  68%|██████▊   | 144/212 [04:39<02:16,  2.01s/it]
train:  68%|██████▊   | 145/212 [04:40<02:10,  1.95s/it]
train:  69%|██████▉   | 146/212 [04:42<02:06,  1.91s/it]
train:  69%|██████▉   | 147/212 [04:44<02:07,  1.95s/it]
train:  70%|██████▉   | 148/212 [04:46<02:02,  1.91s/it]
train:  70%|███████   | 149/212 [04:48<02:01,  1.93s/it]
train:  71%|███████   | 150/212 [04:50<02:04,  2.01s/it]
train:  71%|███████   | 151/212 [04:52<02:00,  1.97s/it]
train:  72%|███████▏  | 152/212 [04:54<01:56,  1.94s/it]
train:  72%|███████▏  | 153/212 [04:56<01:58,  2.02s/it]
train:  73%|███████▎  | 154/212 [04:58<01:53,  1.96s/it]
train:  73%|███████▎  | 155/212 [05:00<01:52,  1.97s/it]
train:  74%|███████▎  | 156/212 [05:02<01:51,  1.99s/it]
train:  74%|███████▍  | 157/212 [05:04<01:46,  1.94s/it]
train:  75%|███████▍  | 158/212 [05:06<01:42,  1.90s/it]
train:  75%|███████▌  | 159/212 [05:08<01:45,  1.99s/it]
train:  75%|███████▌  | 160/212 [05:10<01:43,  1.99s/it]
train:  76%|███████▌  | 161/212 [05:12<01:39,  1.95s/it]
train:  76%|███████▋  | 162/212 [05:14<01:40,  2.01s/it]
train:  77%|███████▋  | 163/212 [05:16<01:36,  1.98s/it]
train:  77%|███████▋  | 164/212 [05:18<01:33,  1.94s/it]
train:  78%|███████▊  | 165/212 [05:20<01:35,  2.04s/it]
train:  78%|███████▊  | 166/212 [05:22<01:31,  1.99s/it]
train:  79%|███████▉  | 167/212 [05:24<01:27,  1.95s/it]
train:  79%|███████▉  | 168/212 [05:26<01:26,  1.97s/it]
train:  80%|███████▉  | 169/212 [05:27<01:22,  1.91s/it]
train:  80%|████████  | 170/212 [05:29<01:19,  1.90s/it]
train:  81%|████████  | 171/212 [05:31<01:21,  1.98s/it]
train:  81%|████████  | 172/212 [05:33<01:17,  1.93s/it]
train:  82%|████████▏ | 173/212 [05:35<01:14,  1.90s/it]
train:  82%|████████▏ | 174/212 [05:37<01:14,  1.96s/it]
train:  83%|████████▎ | 175/212 [05:39<01:10,  1.91s/it]
train:  83%|████████▎ | 176/212 [05:41<01:08,  1.90s/it]
train:  83%|████████▎ | 177/212 [05:43<01:10,  2.03s/it]
train:  84%|████████▍ | 178/212 [05:45<01:07,  1.97s/it]
train:  84%|████████▍ | 179/212 [05:47<01:04,  1.95s/it]
train:  85%|████████▍ | 180/212 [05:49<01:03,  1.99s/it]
train:  85%|████████▌ | 181/212 [05:51<01:00,  1.95s/it]
train:  86%|████████▌ | 182/212 [05:53<00:56,  1.90s/it]
train:  86%|████████▋ | 183/212 [05:55<00:56,  1.96s/it]
train:  87%|████████▋ | 184/212 [05:57<00:53,  1.92s/it]
train:  87%|████████▋ | 185/212 [05:58<00:50,  1.88s/it]
train:  88%|████████▊ | 186/212 [06:00<00:50,  1.94s/it]
train:  88%|████████▊ | 187/212 [06:02<00:48,  1.92s/it]
train:  89%|████████▊ | 188/212 [06:04<00:44,  1.86s/it]
train:  89%|████████▉ | 189/212 [06:06<00:45,  1.98s/it]
train:  90%|████████▉ | 190/212 [06:08<00:42,  1.93s/it]
train:  90%|█████████ | 191/212 [06:10<00:39,  1.88s/it]
train:  91%|█████████ | 192/212 [06:12<00:39,  1.97s/it]
train:  91%|█████████ | 193/212 [06:14<00:36,  1.94s/it]
train:  92%|█████████▏| 194/212 [06:16<00:33,  1.89s/it]
train:  92%|█████████▏| 195/212 [06:18<00:33,  1.96s/it]
train:  92%|█████████▏| 196/212 [06:20<00:30,  1.92s/it]
train:  93%|█████████▎| 197/212 [06:21<00:28,  1.88s/it]
train:  93%|█████████▎| 198/212 [06:24<00:27,  1.99s/it]
train:  94%|█████████▍| 199/212 [06:26<00:25,  1.97s/it]
train:  94%|█████████▍| 200/212 [06:28<00:23,  1.95s/it]
train:  95%|█████████▍| 201/212 [06:29<00:21,  1.95s/it]
train:  95%|█████████▌| 202/212 [06:31<00:19,  1.91s/it]
train:  96%|█████████▌| 203/212 [06:33<00:17,  1.89s/it]
train:  96%|█████████▌| 204/212 [06:35<00:16,  2.00s/it]
train:  97%|█████████▋| 205/212 [06:37<00:13,  1.96s/it]
train:  97%|█████████▋| 206/212 [06:39<00:11,  1.91s/it]
train:  98%|█████████▊| 207/212 [06:41<00:09,  1.96s/it]
train:  98%|█████████▊| 208/212 [06:43<00:07,  1.92s/it]
train:  99%|█████████▊| 209/212 [06:45<00:05,  1.95s/it]
train:  99%|█████████▉| 210/212 [06:47<00:03,  1.98s/it]
train: 100%|█████████▉| 211/212 [06:49<00:01,  1.93s/it]
train: 100%|██████████| 212/212 [06:51<00:00,  1.89s/it]
                                                        

val:   0%|          | 0/13 [00:00<?, ?it/s]
val:   8%|▊         | 1/13 [00:00<00:08,  1.45it/s]
val:  15%|█▌        | 2/13 [00:01<00:05,  2.11it/s]
val:  23%|██▎       | 3/13 [00:01<00:04,  2.42it/s]
val:  31%|███       | 4/13 [00:01<00:03,  2.65it/s]
val:  38%|███▊      | 5/13 [00:01<00:02,  2.84it/s]
val:  46%|████▌     | 6/13 [00:02<00:02,  2.93it/s]
val:  54%|█████▍    | 7/13 [00:02<00:01,  3.00it/s]
val:  62%|██████▏   | 8/13 [00:02<00:01,  3.07it/s]
val:  69%|██████▉   | 9/13 [00:03<00:01,  3.09it/s]
val:  77%|███████▋  | 10/13 [00:03<00:00,  3.01it/s]
val:  85%|████████▍ | 11/13 [00:04<00:00,  2.82it/s]
val:  92%|█████████▏| 12/13 [00:04<00:00,  2.89it/s]
val: 100%|██████████| 13/13 [00:04<00:00,  3.25it/s]
                                                    
Epoch 3/5 | train_loss=3.0858 | val_loss=3.2169

train:   0%|          | 0/212 [00:00<?, ?it/s]
train:   0%|          | 1/212 [00:01<06:17,  1.79s/it]
train:   1%|          | 2/212 [00:03<06:18,  1.80s/it]
train:   1%|▏         | 3/212 [00:06<07:15,  2.08s/it]
train:   2%|▏         | 4/212 [00:07<06:55,  2.00s/it]
train:   2%|▏         | 5/212 [00:09<06:40,  1.94s/it]
train:   3%|▎         | 6/212 [00:11<06:48,  1.98s/it]
train:   3%|▎         | 7/212 [00:13<06:31,  1.91s/it]
train:   4%|▍         | 8/212 [00:15<06:23,  1.88s/it]
train:   4%|▍         | 9/212 [00:17<06:43,  1.99s/it]
train:   5%|▍         | 10/212 [00:19<06:24,  1.90s/it]
train:   5%|▌         | 11/212 [00:21<06:14,  1.86s/it]
train:   6%|▌         | 12/212 [00:23<06:37,  1.99s/it]
train:   6%|▌         | 13/212 [00:25<06:21,  1.92s/it]
train:   7%|▋         | 14/212 [00:27<06:30,  1.97s/it]
train:   7%|▋         | 15/212 [00:29<06:46,  2.06s/it]
train:   8%|▊         | 16/212 [00:31<06:37,  2.03s/it]
train:   8%|▊         | 17/212 [00:33<06:25,  1.98s/it]
train:   8%|▊         | 18/212 [00:35<06:30,  2.01s/it]
train:   9%|▉         | 19/212 [00:37<06:22,  1.98s/it]
train:   9%|▉         | 20/212 [00:39<06:12,  1.94s/it]
train:  10%|▉         | 21/212 [00:41<06:18,  1.98s/it]
train:  10%|█         | 22/212 [00:43<06:06,  1.93s/it]
train:  11%|█         | 23/212 [00:44<05:55,  1.88s/it]
train:  11%|█▏        | 24/212 [00:46<06:10,  1.97s/it]
train:  12%|█▏        | 25/212 [00:48<06:01,  1.93s/it]
train:  12%|█▏        | 26/212 [00:50<05:55,  1.91s/it]
train:  13%|█▎        | 27/212 [00:52<06:03,  1.97s/it]
train:  13%|█▎        | 28/212 [00:54<05:49,  1.90s/it]
train:  14%|█▎        | 29/212 [00:56<05:36,  1.84s/it]
train:  14%|█▍        | 30/212 [00:58<06:01,  1.99s/it]
train:  15%|█▍        | 31/212 [01:00<05:52,  1.95s/it]
train:  15%|█▌        | 32/212 [01:02<05:41,  1.90s/it]
train:  16%|█▌        | 33/212 [01:04<05:52,  1.97s/it]
train:  16%|█▌        | 34/212 [01:06<05:39,  1.91s/it]
train:  17%|█▋        | 35/212 [01:08<05:49,  1.98s/it]
train:  17%|█▋        | 36/212 [01:10<05:49,  1.99s/it]
train:  17%|█▋        | 37/212 [01:11<05:34,  1.91s/it]
train:  18%|█▊        | 38/212 [01:13<05:29,  1.89s/it]
train:  18%|█▊        | 39/212 [01:16<05:48,  2.01s/it]
train:  19%|█▉        | 40/212 [01:17<05:34,  1.95s/it]
train:  19%|█▉        | 41/212 [01:19<05:23,  1.89s/it]
train:  20%|█▉        | 42/212 [01:21<05:32,  1.96s/it]
train:  20%|██        | 43/212 [01:23<05:20,  1.90s/it]
train:  21%|██        | 44/212 [01:25<05:19,  1.90s/it]
train:  21%|██        | 45/212 [01:27<05:34,  2.00s/it]
train:  22%|██▏       | 46/212 [01:29<05:22,  1.95s/it]
train:  22%|██▏       | 47/212 [01:31<05:14,  1.91s/it]
train:  23%|██▎       | 48/212 [01:33<05:28,  2.00s/it]
train:  23%|██▎       | 49/212 [01:35<05:17,  1.95s/it]
train:  24%|██▎       | 50/212 [01:37<05:10,  1.92s/it]
train:  24%|██▍       | 51/212 [01:39<05:21,  2.00s/it]
train:  25%|██▍       | 52/212 [01:41<05:10,  1.94s/it]
train:  25%|██▌       | 53/212 [01:43<05:06,  1.93s/it]
train:  25%|██▌       | 54/212 [01:45<05:12,  1.98s/it]
train:  26%|██▌       | 55/212 [01:46<05:00,  1.92s/it]
train:  26%|██▋       | 56/212 [01:48<04:54,  1.89s/it]
train:  27%|██▋       | 57/212 [01:51<05:12,  2.01s/it]
train:  27%|██▋       | 58/212 [01:52<05:00,  1.95s/it]
train:  28%|██▊       | 59/212 [01:54<04:50,  1.90s/it]
train:  28%|██▊       | 60/212 [01:56<05:00,  1.98s/it]
train:  29%|██▉       | 61/212 [01:58<04:50,  1.92s/it]
train:  29%|██▉       | 62/212 [02:00<04:44,  1.90s/it]
train:  30%|██▉       | 63/212 [02:02<04:54,  1.98s/it]
train:  30%|███       | 64/212 [02:04<04:41,  1.90s/it]
train:  31%|███       | 65/212 [02:06<04:34,  1.87s/it]
train:  31%|███       | 66/212 [02:08<04:49,  1.99s/it]
train:  32%|███▏      | 67/212 [02:10<04:44,  1.96s/it]
train:  32%|███▏      | 68/212 [02:12<04:47,  2.00s/it]
train:  33%|███▎      | 69/212 [02:14<04:50,  2.03s/it]
train:  33%|███▎      | 70/212 [02:16<04:44,  2.01s/it]
train:  33%|███▎      | 71/212 [02:18<04:36,  1.96s/it]
train:  34%|███▍      | 72/212 [02:20<04:35,  1.97s/it]
train:  34%|███▍      | 73/212 [02:22<04:27,  1.93s/it]
train:  35%|███▍      | 74/212 [02:23<04:20,  1.89s/it]
train:  35%|███▌      | 75/212 [02:26<04:30,  1.98s/it]
train:  36%|███▌      | 76/212 [02:27<04:23,  1.94s/it]
train:  36%|███▋      | 77/212 [02:29<04:18,  1.91s/it]
train:  37%|███▋      | 78/212 [02:31<04:25,  1.98s/it]
train:  37%|███▋      | 79/212 [02:33<04:16,  1.93s/it]
train:  38%|███▊      | 80/212 [02:35<04:08,  1.88s/it]
train:  38%|███▊      | 81/212 [02:37<04:17,  1.96s/it]
train:  39%|███▊      | 82/212 [02:39<04:08,  1.91s/it]
train:  39%|███▉      | 83/212 [02:41<04:01,  1.87s/it]
train:  40%|███▉      | 84/212 [02:43<04:12,  1.97s/it]
train:  40%|████      | 85/212 [02:45<04:04,  1.93s/it]
train:  41%|████      | 86/212 [02:47<03:56,  1.88s/it]
train:  41%|████      | 87/212 [02:49<04:10,  2.00s/it]
train:  42%|████▏     | 88/212 [02:51<04:01,  1.95s/it]
train:  42%|████▏     | 89/212 [02:52<03:55,  1.91s/it]
train:  42%|████▏     | 90/212 [02:55<04:04,  2.00s/it]
train:  43%|████▎     | 91/212 [02:56<03:54,  1.94s/it]
train:  43%|████▎     | 92/212 [02:58<03:47,  1.90s/it]
train:  44%|████▍     | 93/212 [03:00<03:56,  1.99s/it]
train:  44%|████▍     | 94/212 [03:02<03:47,  1.93s/it]
train:  45%|████▍     | 95/212 [03:04<03:40,  1.88s/it]
train:  45%|████▌     | 96/212 [03:06<03:51,  1.99s/it]
train:  46%|████▌     | 97/212 [03:08<03:40,  1.92s/it]
train:  46%|████▌     | 98/212 [03:10<03:32,  1.86s/it]
train:  47%|████▋     | 99/212 [03:12<03:42,  1.97s/it]
train:  47%|████▋     | 100/212 [03:14<03:35,  1.92s/it]
train:  48%|████▊     | 101/212 [03:16<03:32,  1.92s/it]
train:  48%|████▊     | 102/212 [03:18<03:37,  1.98s/it]
train:  49%|████▊     | 103/212 [03:20<03:28,  1.91s/it]
train:  49%|████▉     | 104/212 [03:21<03:20,  1.86s/it]
train:  50%|████▉     | 105/212 [03:24<03:30,  1.97s/it]
train:  50%|█████     | 106/212 [03:25<03:24,  1.93s/it]
train:  50%|█████     | 107/212 [03:27<03:15,  1.86s/it]
train:  51%|█████     | 108/212 [03:29<03:26,  1.99s/it]
train:  51%|█████▏    | 109/212 [03:31<03:18,  1.93s/it]
train:  52%|█████▏    | 110/212 [03:33<03:13,  1.89s/it]
train:  52%|█████▏    | 111/212 [03:35<03:21,  1.99s/it]
train:  53%|█████▎    | 112/212 [03:37<03:11,  1.91s/it]
train:  53%|█████▎    | 113/212 [03:39<03:05,  1.88s/it]
train:  54%|█████▍    | 114/212 [03:41<03:11,  1.95s/it]
train:  54%|█████▍    | 115/212 [03:43<03:04,  1.90s/it]
train:  55%|█████▍    | 116/212 [03:44<02:59,  1.87s/it]
train:  55%|█████▌    | 117/212 [03:47<03:07,  1.97s/it]
train:  56%|█████▌    | 118/212 [03:48<02:57,  1.89s/it]
train:  56%|█████▌    | 119/212 [03:50<02:51,  1.84s/it]
train:  57%|█████▋    | 120/212 [03:52<03:00,  1.96s/it]
train:  57%|█████▋    | 121/212 [03:54<02:56,  1.94s/it]
train:  58%|█████▊    | 122/212 [03:56<02:56,  1.96s/it]
train:  58%|█████▊    | 123/212 [03:58<03:00,  2.03s/it]
train:  58%|█████▊    | 124/212 [04:00<02:53,  1.97s/it]
train:  59%|█████▉    | 125/212 [04:02<02:50,  1.96s/it]
train:  59%|█████▉    | 126/212 [04:04<02:50,  1.98s/it]
train:  60%|█████▉    | 127/212 [04:06<02:44,  1.93s/it]
train:  60%|██████    | 128/212 [04:08<02:39,  1.90s/it]
train:  61%|██████    | 129/212 [04:10<02:43,  1.97s/it]
train:  61%|██████▏   | 130/212 [04:12<02:37,  1.92s/it]
train:  62%|██████▏   | 131/212 [04:14<02:33,  1.89s/it]
train:  62%|██████▏   | 132/212 [04:16<02:38,  1.99s/it]
train:  63%|██████▎   | 133/212 [04:18<02:34,  1.95s/it]
train:  63%|██████▎   | 134/212 [04:19<02:29,  1.92s/it]
train:  64%|██████▎   | 135/212 [04:22<02:33,  1.99s/it]
train:  64%|██████▍   | 136/212 [04:24<02:28,  1.95s/it]
train:  65%|██████▍   | 137/212 [04:25<02:22,  1.90s/it]
train:  65%|██████▌   | 138/212 [04:27<02:25,  1.96s/it]
train:  66%|██████▌   | 139/212 [04:29<02:21,  1.94s/it]
train:  66%|██████▌   | 140/212 [04:31<02:15,  1.88s/it]
train:  67%|██████▋   | 141/212 [04:33<02:18,  1.95s/it]
train:  67%|██████▋   | 142/212 [04:35<02:14,  1.92s/it]
train:  67%|██████▋   | 143/212 [04:37<02:10,  1.89s/it]
train:  68%|██████▊   | 144/212 [04:39<02:17,  2.02s/it]
train:  68%|██████▊   | 145/212 [04:41<02:11,  1.97s/it]
train:  69%|██████▉   | 146/212 [04:43<02:06,  1.92s/it]
train:  69%|██████▉   | 147/212 [04:45<02:08,  1.97s/it]
train:  70%|██████▉   | 148/212 [04:47<02:02,  1.92s/it]
train:  70%|███████   | 149/212 [04:48<01:57,  1.86s/it]
train:  71%|███████   | 150/212 [04:51<02:01,  1.96s/it]
train:  71%|███████   | 151/212 [04:52<01:55,  1.90s/it]
train:  72%|███████▏  | 152/212 [04:54<01:51,  1.85s/it]
train:  72%|███████▏  | 153/212 [04:56<01:57,  1.99s/it]
train:  73%|███████▎  | 154/212 [04:58<01:51,  1.93s/it]
train:  73%|███████▎  | 155/212 [05:00<01:48,  1.90s/it]
train:  74%|███████▎  | 156/212 [05:02<01:49,  1.96s/it]
train:  74%|███████▍  | 157/212 [05:04<01:43,  1.89s/it]
train:  75%|███████▍  | 158/212 [05:06<01:39,  1.85s/it]
train:  75%|███████▌  | 159/212 [05:08<01:44,  1.97s/it]
train:  75%|███████▌  | 160/212 [05:10<01:39,  1.92s/it]
train:  76%|███████▌  | 161/212 [05:12<01:37,  1.92s/it]
train:  76%|███████▋  | 162/212 [05:14<01:39,  1.98s/it]
train:  77%|███████▋  | 163/212 [05:15<01:34,  1.93s/it]
train:  77%|███████▋  | 164/212 [05:17<01:30,  1.89s/it]
train:  78%|███████▊  | 165/212 [05:19<01:31,  1.95s/it]
train:  78%|███████▊  | 166/212 [05:21<01:28,  1.92s/it]
train:  79%|███████▉  | 167/212 [05:23<01:23,  1.85s/it]
train:  79%|███████▉  | 168/212 [05:25<01:26,  1.97s/it]
train:  80%|███████▉  | 169/212 [05:27<01:21,  1.89s/it]
train:  80%|████████  | 170/212 [05:29<01:18,  1.86s/it]
train:  81%|████████  | 171/212 [05:31<01:21,  2.00s/it]
train:  81%|████████  | 172/212 [05:33<01:18,  1.96s/it]
train:  82%|████████▏ | 173/212 [05:35<01:14,  1.90s/it]
train:  82%|████████▏ | 174/212 [05:37<01:16,  2.00s/it]
train:  83%|████████▎ | 175/212 [05:39<01:12,  1.97s/it]
train:  83%|████████▎ | 176/212 [05:41<01:11,  1.99s/it]
train:  83%|████████▎ | 177/212 [05:43<01:10,  2.02s/it]
train:  84%|████████▍ | 178/212 [05:45<01:06,  1.96s/it]
train:  84%|████████▍ | 179/212 [05:46<01:02,  1.91s/it]
train:  85%|████████▍ | 180/212 [05:49<01:02,  1.96s/it]
train:  85%|████████▌ | 181/212 [05:50<00:58,  1.90s/it]
train:  86%|████████▌ | 182/212 [05:52<00:56,  1.89s/it]
train:  86%|████████▋ | 183/212 [05:54<00:57,  1.98s/it]
train:  87%|████████▋ | 184/212 [05:56<00:54,  1.95s/it]
train:  87%|████████▋ | 185/212 [05:58<00:50,  1.89s/it]
train:  88%|████████▊ | 186/212 [06:00<00:50,  1.95s/it]
train:  88%|████████▊ | 187/212 [06:02<00:47,  1.90s/it]
train:  89%|████████▊ | 188/212 [06:04<00:45,  1.88s/it]
train:  89%|████████▉ | 189/212 [06:06<00:46,  2.01s/it]
train:  90%|████████▉ | 190/212 [06:08<00:42,  1.95s/it]
train:  90%|█████████ | 191/212 [06:10<00:39,  1.90s/it]
train:  91%|█████████ | 192/212 [06:12<00:39,  1.96s/it]
train:  91%|█████████ | 193/212 [06:14<00:36,  1.94s/it]
train:  92%|█████████▏| 194/212 [06:15<00:34,  1.91s/it]
train:  92%|█████████▏| 195/212 [06:18<00:33,  1.96s/it]
train:  92%|█████████▏| 196/212 [06:19<00:30,  1.91s/it]
train:  93%|█████████▎| 197/212 [06:21<00:28,  1.88s/it]
train:  93%|█████████▎| 198/212 [06:23<00:27,  1.99s/it]
train:  94%|█████████▍| 199/212 [06:25<00:25,  1.95s/it]
train:  94%|█████████▍| 200/212 [06:27<00:22,  1.90s/it]
train:  95%|█████████▍| 201/212 [06:29<00:21,  1.96s/it]
train:  95%|█████████▌| 202/212 [06:31<00:19,  1.92s/it]
train:  96%|█████████▌| 203/212 [06:33<00:17,  1.92s/it]
train:  96%|█████████▌| 204/212 [06:35<00:15,  2.00s/it]
train:  97%|█████████▋| 205/212 [06:37<00:13,  1.95s/it]
train:  97%|█████████▋| 206/212 [06:39<00:11,  1.92s/it]
train:  98%|█████████▊| 207/212 [06:41<00:09,  1.98s/it]
train:  98%|█████████▊| 208/212 [06:43<00:07,  1.96s/it]
train:  99%|█████████▊| 209/212 [06:45<00:05,  1.92s/it]
train:  99%|█████████▉| 210/212 [06:47<00:03,  1.98s/it]
train: 100%|█████████▉| 211/212 [06:49<00:01,  1.93s/it]
train: 100%|██████████| 212/212 [06:50<00:00,  1.88s/it]
                                                        

val:   0%|          | 0/13 [00:00<?, ?it/s]
val:   8%|▊         | 1/13 [00:00<00:07,  1.55it/s]
val:  15%|█▌        | 2/13 [00:00<00:04,  2.21it/s]
val:  23%|██▎       | 3/13 [00:01<00:03,  2.64it/s]
val:  31%|███       | 4/13 [00:01<00:03,  2.90it/s]
val:  38%|███▊      | 5/13 [00:01<00:02,  2.87it/s]
val:  46%|████▌     | 6/13 [00:02<00:02,  2.78it/s]
val:  54%|█████▍    | 7/13 [00:02<00:02,  2.87it/s]
val:  62%|██████▏   | 8/13 [00:02<00:01,  2.92it/s]
val:  69%|██████▉   | 9/13 [00:03<00:01,  3.05it/s]
val:  77%|███████▋  | 10/13 [00:03<00:00,  3.11it/s]
val:  85%|████████▍ | 11/13 [00:03<00:00,  3.14it/s]
val:  92%|█████████▏| 12/13 [00:04<00:00,  3.20it/s]
val: 100%|██████████| 13/13 [00:04<00:00,  3.52it/s]
                                                    
Epoch 4/5 | train_loss=3.0835 | val_loss=3.2194

train:   0%|          | 0/212 [00:00<?, ?it/s]
train:   0%|          | 1/212 [00:02<08:20,  2.37s/it]
train:   1%|          | 2/212 [00:04<07:08,  2.04s/it]
train:   1%|▏         | 3/212 [00:06<06:47,  1.95s/it]
train:   2%|▏         | 4/212 [00:08<06:56,  2.00s/it]
train:   2%|▏         | 5/212 [00:09<06:38,  1.93s/it]
train:   3%|▎         | 6/212 [00:11<06:27,  1.88s/it]
train:   3%|▎         | 7/212 [00:13<06:52,  2.01s/it]
train:   4%|▍         | 8/212 [00:15<06:35,  1.94s/it]
train:   4%|▍         | 9/212 [00:17<06:30,  1.93s/it]
train:   5%|▍         | 10/212 [00:19<06:44,  2.00s/it]
train:   5%|▌         | 11/212 [00:21<06:30,  1.94s/it]
train:   6%|▌         | 12/212 [00:23<06:24,  1.92s/it]
train:   6%|▌         | 13/212 [00:26<06:57,  2.10s/it]
train:   7%|▋         | 14/212 [00:28<06:51,  2.08s/it]
train:   7%|▋         | 15/212 [00:30<06:44,  2.05s/it]
train:   8%|▊         | 16/212 [00:31<06:29,  1.99s/it]
train:   8%|▊         | 17/212 [00:33<06:18,  1.94s/it]
train:   8%|▊         | 18/212 [00:35<06:10,  1.91s/it]
train:   9%|▉         | 19/212 [00:37<06:29,  2.02s/it]
train:   9%|▉         | 20/212 [00:39<06:13,  1.95s/it]
train:  10%|▉         | 21/212 [00:41<06:02,  1.90s/it]
train:  10%|█         | 22/212 [00:43<06:12,  1.96s/it]
train:  11%|█         | 23/212 [00:45<06:03,  1.92s/it]
train:  11%|█▏        | 24/212 [00:47<05:51,  1.87s/it]
train:  12%|█▏        | 25/212 [00:49<06:09,  1.98s/it]
train:  12%|█▏        | 26/212 [00:51<05:58,  1.93s/it]
train:  13%|█▎        | 27/212 [00:52<05:47,  1.88s/it]
train:  13%|█▎        | 28/212 [00:54<05:55,  1.93s/it]
train:  14%|█▎        | 29/212 [00:56<05:44,  1.88s/it]
train:  14%|█▍        | 30/212 [00:58<05:44,  1.89s/it]
train:  15%|█▍        | 31/212 [01:00<05:58,  1.98s/it]
train:  15%|█▌        | 32/212 [01:02<05:47,  1.93s/it]
train:  16%|█▌        | 33/212 [01:04<05:37,  1.89s/it]
train:  16%|█▌        | 34/212 [01:06<05:53,  1.98s/it]
train:  17%|█▋        | 35/212 [01:08<05:44,  1.95s/it]
train:  17%|█▋        | 36/212 [01:10<05:37,  1.92s/it]
train:  17%|█▋        | 37/212 [01:12<05:42,  1.96s/it]
train:  18%|█▊        | 38/212 [01:14<05:30,  1.90s/it]
train:  18%|█▊        | 39/212 [01:15<05:25,  1.88s/it]
train:  19%|█▉        | 40/212 [01:18<05:41,  1.98s/it]
train:  19%|█▉        | 41/212 [01:20<05:35,  1.96s/it]
train:  20%|█▉        | 42/212 [01:21<05:26,  1.92s/it]
train:  20%|██        | 43/212 [01:24<05:35,  1.98s/it]
train:  21%|██        | 44/212 [01:25<05:26,  1.94s/it]
train:  21%|██        | 45/212 [01:27<05:17,  1.90s/it]
train:  22%|██▏       | 46/212 [01:29<05:31,  2.00s/it]
train:  22%|██▏       | 47/212 [01:31<05:20,  1.94s/it]
train:  23%|██▎       | 48/212 [01:33<05:10,  1.89s/it]
train:  23%|██▎       | 49/212 [01:35<05:15,  1.94s/it]
train:  24%|██▎       | 50/212 [01:37<05:06,  1.89s/it]
train:  24%|██▍       | 51/212 [01:39<05:07,  1.91s/it]
train:  25%|██▍       | 52/212 [01:41<05:20,  2.00s/it]
train:  25%|██▌       | 53/212 [01:43<05:05,  1.92s/it]
train:  25%|██▌       | 54/212 [01:45<04:57,  1.88s/it]
train:  26%|██▌       | 55/212 [01:47<05:08,  1.97s/it]
train:  26%|██▋       | 56/212 [01:48<04:58,  1.91s/it]
train:  27%|██▋       | 57/212 [01:50<04:51,  1.88s/it]
train:  27%|██▋       | 58/212 [01:52<04:58,  1.94s/it]
train:  28%|██▊       | 59/212 [01:54<04:48,  1.89s/it]
train:  28%|██▊       | 60/212 [01:56<04:40,  1.84s/it]
train:  29%|██▉       | 61/212 [01:58<04:58,  1.98s/it]
train:  29%|██▉       | 62/212 [02:00<04:55,  1.97s/it]
train:  30%|██▉       | 63/212 [02:02<04:44,  1.91s/it]
train:  30%|███       | 64/212 [02:04<04:52,  1.98s/it]
train:  31%|███       | 65/212 [02:06<04:41,  1.92s/it]
train:  31%|███       | 66/212 [02:08<04:39,  1.92s/it]
train:  32%|███▏      | 67/212 [02:10<05:01,  2.08s/it]
train:  32%|███▏      | 68/212 [02:12<04:53,  2.04s/it]
train:  33%|███▎      | 69/212 [02:14<04:44,  1.99s/it]
train:  33%|███▎      | 70/212 [02:16<04:40,  1.98s/it]
train:  33%|███▎      | 71/212 [02:18<04:34,  1.95s/it]
train:  34%|███▍      | 72/212 [02:20<04:33,  1.96s/it]
train:  34%|███▍      | 73/212 [02:22<04:35,  1.98s/it]
train:  35%|███▍      | 74/212 [02:24<04:27,  1.94s/it]
train:  35%|███▌      | 75/212 [02:26<04:21,  1.91s/it]
train:  36%|███▌      | 76/212 [02:28<04:30,  1.99s/it]
train:  36%|███▋      | 77/212 [02:30<04:24,  1.96s/it]
train:  37%|███▋      | 78/212 [02:31<04:18,  1.93s/it]
train:  37%|███▋      | 79/212 [02:33<04:21,  1.97s/it]
train:  38%|███▊      | 80/212 [02:35<04:15,  1.93s/it]
train:  38%|███▊      | 81/212 [02:37<04:09,  1.90s/it]
train:  39%|███▊      | 82/212 [02:39<04:22,  2.02s/it]
train:  39%|███▉      | 83/212 [02:41<04:14,  1.97s/it]
train:  40%|███▉      | 84/212 [02:43<04:05,  1.92s/it]
train:  40%|████      | 85/212 [02:45<04:10,  1.97s/it]
train:  41%|████      | 86/212 [02:47<04:01,  1.92s/it]
train:  41%|████      | 87/212 [02:49<03:56,  1.90s/it]
train:  42%|████▏     | 88/212 [02:51<04:10,  2.02s/it]
train:  42%|████▏     | 89/212 [02:53<03:59,  1.95s/it]
train:  42%|████▏     | 90/212 [02:55<03:53,  1.92s/it]
train:  43%|████▎     | 91/212 [02:57<04:00,  1.98s/it]
train:  43%|████▎     | 92/212 [02:59<03:52,  1.94s/it]
train:  44%|████▍     | 93/212 [03:01<03:49,  1.93s/it]
train:  44%|████▍     | 94/212 [03:03<03:53,  1.97s/it]
train:  45%|████▍     | 95/212 [03:05<03:43,  1.91s/it]
train:  45%|████▌     | 96/212 [03:06<03:38,  1.88s/it]
train:  46%|████▌     | 97/212 [03:08<03:44,  1.95s/it]
train:  46%|████▌     | 98/212 [03:10<03:37,  1.91s/it]
train:  47%|████▋     | 99/212 [03:12<03:32,  1.88s/it]
train:  47%|████▋     | 100/212 [03:14<03:37,  1.94s/it]
train:  48%|████▊     | 101/212 [03:16<03:31,  1.91s/it]
train:  48%|████▊     | 102/212 [03:18<03:25,  1.87s/it]
train:  49%|████▊     | 103/212 [03:20<03:37,  2.00s/it]
train:  49%|████▉     | 104/212 [03:22<03:30,  1.95s/it]
train:  50%|████▉     | 105/212 [03:24<03:24,  1.91s/it]
train:  50%|█████     | 106/212 [03:26<03:29,  1.98s/it]
train:  50%|█████     | 107/212 [03:28<03:23,  1.94s/it]
train:  51%|█████     | 108/212 [03:30<03:19,  1.92s/it]
train:  51%|█████▏    | 109/212 [03:32<03:26,  2.01s/it]
train:  52%|█████▏    | 110/212 [03:34<03:20,  1.97s/it]
train:  52%|█████▏    | 111/212 [03:36<03:16,  1.95s/it]
train:  53%|█████▎    | 112/212 [03:38<03:26,  2.07s/it]
train:  53%|█████▎    | 113/212 [03:40<03:16,  1.99s/it]
train:  54%|█████▍    | 114/212 [03:42<03:13,  1.97s/it]
train:  54%|█████▍    | 115/212 [03:44<03:12,  1.98s/it]
train:  55%|█████▍    | 116/212 [03:45<03:04,  1.92s/it]
train:  55%|█████▌    | 117/212 [03:47<02:58,  1.87s/it]
train:  56%|█████▌    | 118/212 [03:49<03:06,  1.98s/it]
train:  56%|█████▌    | 119/212 [03:51<03:03,  1.98s/it]
train:  57%|█████▋    | 120/212 [03:53<03:02,  1.98s/it]
train:  57%|█████▋    | 121/212 [03:56<03:04,  2.03s/it]
train:  58%|█████▊    | 122/212 [03:57<03:00,  2.01s/it]
train:  58%|█████▊    | 123/212 [03:59<02:54,  1.96s/it]
train:  58%|█████▊    | 124/212 [04:01<02:54,  1.98s/it]
train:  59%|█████▉    | 125/212 [04:03<02:49,  1.95s/it]
train:  59%|█████▉    | 126/212 [04:05<02:43,  1.90s/it]
train:  60%|█████▉    | 127/212 [04:07<02:54,  2.05s/it]
train:  60%|██████    | 128/212 [04:09<02:48,  2.01s/it]
train:  61%|██████    | 129/212 [04:11<02:41,  1.95s/it]
train:  61%|██████▏   | 130/212 [04:13<02:39,  1.95s/it]
train:  62%|██████▏   | 131/212 [04:15<02:34,  1.91s/it]
train:  62%|██████▏   | 132/212 [04:17<02:31,  1.90s/it]
train:  63%|██████▎   | 133/212 [04:19<02:37,  1.99s/it]
train:  63%|██████▎   | 134/212 [04:21<02:32,  1.96s/it]
train:  64%|██████▎   | 135/212 [04:23<02:27,  1.92s/it]
train:  64%|██████▍   | 136/212 [04:25<02:29,  1.97s/it]
train:  65%|██████▍   | 137/212 [04:27<02:23,  1.92s/it]
train:  65%|██████▌   | 138/212 [04:28<02:18,  1.87s/it]
train:  66%|██████▌   | 139/212 [04:30<02:23,  1.96s/it]
train:  66%|██████▌   | 140/212 [04:32<02:17,  1.91s/it]
train:  67%|██████▋   | 141/212 [04:34<02:11,  1.86s/it]
train:  67%|██████▋   | 142/212 [04:36<02:17,  1.97s/it]
train:  67%|██████▋   | 143/212 [04:38<02:10,  1.90s/it]
train:  68%|██████▊   | 144/212 [04:40<02:08,  1.90s/it]
train:  68%|██████▊   | 145/212 [04:42<02:12,  1.98s/it]
train:  69%|██████▉   | 146/212 [04:44<02:06,  1.92s/it]
train:  69%|██████▉   | 147/212 [04:46<02:03,  1.90s/it]
train:  70%|██████▉   | 148/212 [04:48<02:07,  2.00s/it]
train:  70%|███████   | 149/212 [04:50<02:04,  1.98s/it]
train:  71%|███████   | 150/212 [04:52<02:00,  1.94s/it]
train:  71%|███████   | 151/212 [04:54<02:00,  1.98s/it]
train:  72%|███████▏  | 152/212 [04:56<01:55,  1.93s/it]
train:  72%|███████▏  | 153/212 [04:57<01:53,  1.92s/it]
train:  73%|███████▎  | 154/212 [05:00<01:57,  2.02s/it]
train:  73%|███████▎  | 155/212 [05:02<01:52,  1.98s/it]
train:  74%|███████▎  | 156/212 [05:03<01:48,  1.94s/it]
train:  74%|███████▍  | 157/212 [05:05<01:47,  1.96s/it]
train:  75%|███████▍  | 158/212 [05:07<01:42,  1.90s/it]
train:  75%|███████▌  | 159/212 [05:09<01:41,  1.92s/it]
train:  75%|███████▌  | 160/212 [05:11<01:42,  1.97s/it]
train:  76%|███████▌  | 161/212 [05:13<01:37,  1.91s/it]
train:  76%|███████▋  | 162/212 [05:15<01:34,  1.89s/it]
train:  77%|███████▋  | 163/212 [05:17<01:37,  2.00s/it]
train:  77%|███████▋  | 164/212 [05:19<01:34,  1.97s/it]
train:  78%|███████▊  | 165/212 [05:21<01:30,  1.92s/it]
train:  78%|███████▊  | 166/212 [05:23<01:31,  1.98s/it]
train:  79%|███████▉  | 167/212 [05:25<01:27,  1.95s/it]
train:  79%|███████▉  | 168/212 [05:27<01:23,  1.91s/it]
train:  80%|███████▉  | 169/212 [05:29<01:25,  1.99s/it]
train:  80%|████████  | 170/212 [05:31<01:20,  1.92s/it]
train:  81%|████████  | 171/212 [05:32<01:17,  1.90s/it]
train:  81%|████████  | 172/212 [05:35<01:18,  1.97s/it]
train:  82%|████████▏ | 173/212 [05:37<01:16,  1.97s/it]
train:  82%|████████▏ | 174/212 [05:39<01:15,  1.98s/it]
train:  83%|████████▎ | 175/212 [05:41<01:15,  2.05s/it]
train:  83%|████████▎ | 176/212 [05:43<01:11,  2.00s/it]
train:  83%|████████▎ | 177/212 [05:44<01:08,  1.94s/it]
train:  84%|████████▍ | 178/212 [05:46<01:05,  1.93s/it]
train:  84%|████████▍ | 179/212 [05:48<01:02,  1.90s/it]
train:  85%|████████▍ | 180/212 [05:50<01:01,  1.92s/it]
train:  85%|████████▌ | 181/212 [05:52<01:01,  1.99s/it]
train:  86%|████████▌ | 182/212 [05:54<00:59,  1.97s/it]
train:  86%|████████▋ | 183/212 [05:56<00:56,  1.96s/it]
train:  87%|████████▋ | 184/212 [05:58<00:56,  2.00s/it]
train:  87%|████████▋ | 185/212 [06:00<00:53,  1.99s/it]
train:  88%|████████▊ | 186/212 [06:02<00:50,  1.95s/it]
train:  88%|████████▊ | 187/212 [06:04<00:49,  1.99s/it]
train:  89%|████████▊ | 188/212 [06:06<00:46,  1.94s/it]
train:  89%|████████▉ | 189/212 [06:08<00:44,  1.92s/it]
train:  90%|████████▉ | 190/212 [06:10<00:43,  1.99s/it]
train:  90%|█████████ | 191/212 [06:12<00:40,  1.94s/it]
train:  91%|█████████ | 192/212 [06:14<00:37,  1.89s/it]
train:  91%|█████████ | 193/212 [06:16<00:37,  1.95s/it]
train:  92%|█████████▏| 194/212 [06:17<00:34,  1.90s/it]
train:  92%|█████████▏| 195/212 [06:19<00:32,  1.92s/it]
train:  92%|█████████▏| 196/212 [06:22<00:31,  1.99s/it]
train:  93%|█████████▎| 197/212 [06:23<00:29,  1.94s/it]
train:  93%|█████████▎| 198/212 [06:25<00:26,  1.90s/it]
train:  94%|█████████▍| 199/212 [06:27<00:25,  1.98s/it]
train:  94%|█████████▍| 200/212 [06:29<00:23,  1.95s/it]
train:  95%|█████████▍| 201/212 [06:31<00:20,  1.91s/it]
train:  95%|█████████▌| 202/212 [06:33<00:19,  1.96s/it]
train:  96%|█████████▌| 203/212 [06:35<00:17,  1.91s/it]
train:  96%|█████████▌| 204/212 [06:37<00:14,  1.87s/it]
train:  97%|█████████▋| 205/212 [06:39<00:13,  1.99s/it]
train:  97%|█████████▋| 206/212 [06:41<00:11,  1.95s/it]
train:  98%|█████████▊| 207/212 [06:43<00:09,  1.91s/it]
train:  98%|█████████▊| 208/212 [06:45<00:07,  1.96s/it]
train:  99%|█████████▊| 209/212 [06:47<00:05,  1.91s/it]
train:  99%|█████████▉| 210/212 [06:48<00:03,  1.88s/it]
train: 100%|█████████▉| 211/212 [06:51<00:01,  1.98s/it]
train: 100%|██████████| 212/212 [06:52<00:00,  1.93s/it]
                                                        

val:   0%|          | 0/13 [00:00<?, ?it/s]
val:   8%|▊         | 1/13 [00:00<00:03,  3.13it/s]
val:  15%|█▌        | 2/13 [00:00<00:03,  3.09it/s]
val:  23%|██▎       | 3/13 [00:00<00:03,  3.12it/s]
val:  31%|███       | 4/13 [00:01<00:02,  3.09it/s]
val:  38%|███▊      | 5/13 [00:01<00:02,  3.15it/s]
val:  46%|████▌     | 6/13 [00:02<00:03,  2.04it/s]
val:  54%|█████▍    | 7/13 [00:02<00:02,  2.32it/s]
val:  62%|██████▏   | 8/13 [00:03<00:01,  2.55it/s]
val:  69%|██████▉   | 9/13 [00:03<00:01,  2.72it/s]
val:  77%|███████▋  | 10/13 [00:03<00:01,  2.86it/s]
val:  85%|████████▍ | 11/13 [00:03<00:00,  3.00it/s]
val:  92%|█████████▏| 12/13 [00:04<00:00,  3.06it/s]
val: 100%|██████████| 13/13 [00:04<00:00,  3.35it/s]
                                                    
Epoch 5/5 | train_loss=3.0996 | val_loss=3.2170
Checkpoints saved to outputs/unify_cinc_full24_cpu
