Device: cpu | mode: leave_one_out | unify: False

train:   0%|          | 0/212 [00:00<?, ?it/s]
train:   0%|          | 1/212 [00:05<19:34,  5.57s/it]
train:   1%|          | 2/212 [00:07<11:47,  3.37s/it]
train:   1%|▏         | 3/212 [00:09<09:39,  2.77s/it]
train:   2%|▏         | 4/212 [00:11<08:54,  2.57s/it]
train:   2%|▏         | 5/212 [00:13<07:51,  2.28s/it]
train:   3%|▎         | 6/212 [00:15<07:07,  2.07s/it]
train:   3%|▎         | 7/212 [00:17<07:32,  2.21s/it]
train:   4%|▍         | 8/212 [00:19<06:58,  2.05s/it]
train:   4%|▍         | 9/212 [00:21<06:33,  1.94s/it]
train:   5%|▍         | 10/212 [00:23<06:43,  2.00s/it]
train:   5%|▌         | 11/212 [00:24<06:26,  1.93s/it]
train:   6%|▌         | 12/212 [00:26<06:30,  1.95s/it]
train:   6%|▌         | 13/212 [00:29<06:59,  2.11s/it]
train:   7%|▋         | 14/212 [00:31<06:35,  2.00s/it]
train:   7%|▋         | 15/212 [00:32<06:14,  1.90s/it]
train:   8%|▊         | 16/212 [00:35<06:38,  2.03s/it]
train:   8%|▊         | 17/212 [00:37<06:31,  2.01s/it]
train:   8%|▊         | 18/212 [00:38<06:20,  1.96s/it]
train:   9%|▉         | 19/212 [00:40<06:14,  1.94s/it]
train:   9%|▉         | 20/212 [00:42<05:56,  1.86s/it]
train:  10%|▉         | 21/212 [00:44<05:46,  1.81s/it]
train:  10%|█         | 22/212 [00:46<06:20,  2.00s/it]
train:  11%|█         | 23/212 [00:48<06:17,  2.00s/it]
train:  11%|█▏        | 24/212 [00:50<06:10,  1.97s/it]
train:  12%|█▏        | 25/212 [00:52<06:18,  2.02s/it]
train:  12%|█▏        | 26/212 [00:54<06:05,  1.96s/it]
train:  13%|█▎        | 27/212 [00:56<05:55,  1.92s/it]
train:  13%|█▎        | 28/212 [00:58<06:03,  1.98s/it]
train:  14%|█▎        | 29/212 [01:00<05:51,  1.92s/it]
train:  14%|█▍        | 30/212 [01:02<05:41,  1.88s/it]
train:  15%|█▍        | 31/212 [01:04<06:03,  2.01s/it]
train:  15%|█▌        | 32/212 [01:06<06:00,  2.00s/it]
train:  16%|█▌        | 33/212 [01:08<05:49,  1.95s/it]
train:  16%|█▌        | 34/212 [01:10<05:53,  1.98s/it]
train:  17%|█▋        | 35/212 [01:12<05:42,  1.94s/it]
train:  17%|█▋        | 36/212 [01:13<05:35,  1.90s/it]
train:  17%|█▋        | 37/212 [01:16<05:44,  1.97s/it]
train:  18%|█▊        | 38/212 [01:17<05:32,  1.91s/it]
train:  18%|█▊        | 39/212 [01:19<05:25,  1.88s/it]
train:  19%|█▉        | 40/212 [01:21<05:41,  1.98s/it]
train:  19%|█▉        | 41/212 [01:23<05:39,  1.98s/it]
train:  20%|█▉        | 42/212 [01:25<05:30,  1.95s/it]
train:  20%|██        | 43/212 [01:27<05:34,  1.98s/it]
train:  21%|██        | 44/212 [01:29<05:23,  1.93s/it]
train:  21%|██        | 45/212 [01:31<05:14,  1.88s/it]
train:  22%|██▏       | 46/212 [01:33<05:32,  2.00s/it]
train:  22%|██▏       | 47/212 [01:35<05:21,  1.95s/it]
train:  23%|██▎       | 48/212 [01:37<05:13,  1.91s/it]
train:  23%|██▎       | 49/212 [01:39<05:18,  1.96s/it]
train:  24%|██▎       | 50/212 [01:41<05:13,  1.94s/it]
train:  24%|██▍       | 51/212 [01:43<05:05,  1.90s/it]
train:  25%|██▍       | 52/212 [01:45<05:15,  1.97s/it]
train:  25%|██▌       | 53/212 [01:46<05:01,  1.90s/it]
train:  25%|██▌       | 54/212 [01:48<04:55,  1.87s/it]
train:  26%|██▌       | 55/212 [01:51<05:20,  2.04s/it]
train:  26%|██▋       | 56/212 [01:52<05:05,  1.96s/it]
train:  27%|██▋       | 57/212 [01:54<04:57,  1.92s/it]
train:  27%|██▋       | 58/212 [01:56<05:03,  1.97s/it]
train:  28%|██▊       | 59/212 [01:58<04:57,  1.94s/it]
train:  28%|██▊       | 60/212 [02:00<04:50,  1.91s/it]
train:  29%|██▉       | 61/212 [02:02<04:57,  1.97s/it]
train:  29%|██▉       | 62/212 [02:04<04:47,  1.92s/it]
train:  30%|██▉       | 63/212 [02:06<04:37,  1.86s/it]
train:  30%|███       | 64/212 [02:08<04:58,  2.02s/it]
train:  31%|███       | 65/212 [02:10<04:45,  1.94s/it]
train:  31%|███       | 66/212 [02:12<04:36,  1.89s/it]
train:  32%|███▏      | 67/212 [02:14<04:48,  1.99s/it]
train:  32%|███▏      | 68/212 [02:16<04:35,  1.91s/it]
train:  33%|███▎      | 69/212 [02:17<04:31,  1.90s/it]
train:  33%|███▎      | 70/212 [02:20<04:42,  1.99s/it]
train:  33%|███▎      | 71/212 [02:21<04:34,  1.94s/it]
train:  34%|███▍      | 72/212 [02:23<04:29,  1.93s/it]
train:  34%|███▍      | 73/212 [02:26<04:46,  2.06s/it]
train:  35%|███▍      | 74/212 [02:28<04:41,  2.04s/it]
train:  35%|███▌      | 75/212 [02:30<04:32,  1.99s/it]
train:  36%|███▌      | 76/212 [02:32<04:30,  1.99s/it]
train:  36%|███▋      | 77/212 [02:33<04:26,  1.97s/it]
train:  37%|███▋      | 78/212 [02:35<04:22,  1.96s/it]
train:  37%|███▋      | 79/212 [02:38<04:26,  2.00s/it]
train:  38%|███▊      | 80/212 [02:39<04:17,  1.95s/it]
train:  38%|███▊      | 81/212 [02:41<04:09,  1.91s/it]
train:  39%|███▊      | 82/212 [02:44<04:37,  2.14s/it]
train:  39%|███▉      | 83/212 [02:46<04:22,  2.04s/it]
train:  40%|███▉      | 84/212 [02:47<04:10,  1.96s/it]
train:  40%|████      | 85/212 [02:49<04:06,  1.94s/it]
train:  41%|████      | 86/212 [02:51<03:58,  1.89s/it]
train:  41%|████      | 87/212 [02:53<03:57,  1.90s/it]
train:  42%|████▏     | 88/212 [02:55<04:07,  2.00s/it]
train:  42%|████▏     | 89/212 [02:57<04:02,  1.97s/it]
train:  42%|████▏     | 90/212 [02:59<03:57,  1.94s/it]
train:  43%|████▎     | 91/212 [03:01<03:57,  1.96s/it]
train:  43%|████▎     | 92/212 [03:03<03:55,  1.96s/it]
train:  44%|████▍     | 93/212 [03:05<03:48,  1.92s/it]
train:  44%|████▍     | 94/212 [03:07<03:57,  2.02s/it]
train:  45%|████▍     | 95/212 [03:09<03:48,  1.95s/it]
train:  45%|████▌     | 96/212 [03:11<03:47,  1.96s/it]
train:  46%|████▌     | 97/212 [03:13<03:52,  2.02s/it]
train:  46%|████▌     | 98/212 [03:15<03:41,  1.94s/it]
train:  47%|████▋     | 99/212 [03:16<03:30,  1.86s/it]
train:  47%|████▋     | 100/212 [03:19<03:42,  1.99s/it]
train:  48%|████▊     | 101/212 [03:21<03:36,  1.95s/it]
train:  48%|████▊     | 102/212 [03:22<03:32,  1.93s/it]
train:  49%|████▊     | 103/212 [03:25<03:37,  2.00s/it]
train:  49%|████▉     | 104/212 [03:26<03:29,  1.94s/it]
train:  50%|████▉     | 105/212 [03:28<03:24,  1.91s/it]
train:  50%|█████     | 106/212 [03:31<03:35,  2.03s/it]
train:  50%|█████     | 107/212 [03:32<03:28,  1.99s/it]
train:  51%|█████     | 108/212 [03:34<03:18,  1.91s/it]
train:  51%|█████▏    | 109/212 [03:36<03:22,  1.96s/it]
train:  52%|█████▏    | 110/212 [03:38<03:20,  1.96s/it]
train:  52%|█████▏    | 111/212 [03:40<03:15,  1.93s/it]
train:  53%|█████▎    | 112/212 [03:42<03:18,  1.98s/it]
train:  53%|█████▎    | 113/212 [03:44<03:12,  1.94s/it]
train:  54%|█████▍    | 114/212 [03:46<03:07,  1.92s/it]
train:  54%|█████▍    | 115/212 [03:48<03:19,  2.06s/it]
train:  55%|█████▍    | 116/212 [03:50<03:13,  2.01s/it]
train:  55%|█████▌    | 117/212 [03:52<03:05,  1.96s/it]
train:  56%|█████▌    | 118/212 [03:54<03:07,  1.99s/it]
train:  56%|█████▌    | 119/212 [03:56<03:05,  1.99s/it]
train:  57%|█████▋    | 120/212 [03:58<03:03,  1.99s/it]
train:  57%|█████▋    | 121/212 [04:00<03:02,  2.01s/it]
train:  58%|█████▊    | 122/212 [04:02<02:55,  1.96s/it]
train:  58%|█████▊    | 123/212 [04:04<02:52,  1.94s/it]
train:  58%|█████▊    | 124/212 [04:06<03:01,  2.06s/it]
train:  59%|█████▉    | 125/212 [04:08<02:48,  1.94s/it]
train:  59%|█████▉    | 126/212 [04:10<02:39,  1.85s/it]
train:  60%|█████▉    | 127/212 [04:12<02:47,  1.97s/it]
train:  60%|██████    | 128/212 [04:14<02:40,  1.92s/it]
train:  61%|██████    | 129/212 [04:15<02:38,  1.91s/it]
train:  61%|██████▏   | 130/212 [04:18<02:43,  2.00s/it]
train:  62%|██████▏   | 131/212 [04:19<02:35,  1.92s/it]
train:  62%|██████▏   | 132/212 [04:21<02:30,  1.88s/it]
train:  63%|██████▎   | 133/212 [04:23<02:37,  1.99s/it]
train:  63%|██████▎   | 134/212 [04:25<02:29,  1.92s/it]
train:  64%|██████▎   | 135/212 [04:27<02:22,  1.84s/it]
train:  64%|██████▍   | 136/212 [04:29<02:30,  1.98s/it]
train:  65%|██████▍   | 137/212 [04:31<02:24,  1.92s/it]
train:  65%|██████▌   | 138/212 [04:33<02:23,  1.94s/it]
train:  66%|██████▌   | 139/212 [04:35<02:32,  2.08s/it]
train:  66%|██████▌   | 140/212 [04:37<02:24,  2.01s/it]
train:  67%|██████▋   | 141/212 [04:39<02:18,  1.95s/it]
train:  67%|██████▋   | 142/212 [04:41<02:19,  1.99s/it]
train:  67%|██████▋   | 143/212 [04:43<02:16,  1.98s/it]
train:  68%|██████▊   | 144/212 [04:45<02:11,  1.93s/it]
train:  68%|██████▊   | 145/212 [04:47<02:12,  1.97s/it]
train:  69%|██████▉   | 146/212 [04:49<02:07,  1.93s/it]
train:  69%|██████▉   | 147/212 [04:50<02:01,  1.88s/it]
train:  70%|██████▉   | 148/212 [04:53<02:09,  2.02s/it]
train:  70%|███████   | 149/212 [04:55<02:04,  1.97s/it]
train:  71%|███████   | 150/212 [04:56<01:59,  1.92s/it]
train:  71%|███████   | 151/212 [04:59<02:01,  1.99s/it]
train:  72%|███████▏  | 152/212 [05:01<01:57,  1.95s/it]
train:  72%|███████▏  | 153/212 [05:02<01:54,  1.93s/it]
train:  73%|███████▎  | 154/212 [05:05<01:56,  2.01s/it]
train:  73%|███████▎  | 155/212 [05:06<01:51,  1.95s/it]
train:  74%|███████▎  | 156/212 [05:08<01:50,  1.97s/it]
train:  74%|███████▍  | 157/212 [05:11<01:53,  2.07s/it]
train:  75%|███████▍  | 158/212 [05:12<01:47,  1.98s/it]
train:  75%|███████▌  | 159/212 [05:14<01:42,  1.93s/it]
train:  75%|███████▌  | 160/212 [05:17<01:44,  2.02s/it]
train:  76%|███████▌  | 161/212 [05:18<01:39,  1.95s/it]
train:  76%|███████▋  | 162/212 [05:20<01:35,  1.92s/it]
train:  77%|███████▋  | 163/212 [05:23<01:40,  2.06s/it]
train:  77%|███████▋  | 164/212 [05:25<01:38,  2.06s/it]
train:  78%|███████▊  | 165/212 [05:27<01:35,  2.03s/it]
train:  78%|███████▊  | 166/212 [05:28<01:30,  1.97s/it]
train:  79%|███████▉  | 167/212 [05:30<01:27,  1.95s/it]
train:  79%|███████▉  | 168/212 [05:32<01:23,  1.91s/it]
train:  80%|███████▉  | 169/212 [05:34<01:25,  1.99s/it]
train:  80%|████████  | 170/212 [05:36<01:20,  1.92s/it]
train:  81%|████████  | 171/212 [05:38<01:17,  1.88s/it]
train:  81%|████████  | 172/212 [05:40<01:20,  2.01s/it]
train:  82%|████████▏ | 173/212 [05:42<01:15,  1.94s/it]
train:  82%|████████▏ | 174/212 [05:44<01:13,  1.94s/it]
train:  83%|████████▎ | 175/212 [05:46<01:13,  1.98s/it]
train:  83%|████████▎ | 176/212 [05:48<01:08,  1.91s/it]
train:  83%|████████▎ | 177/212 [05:49<01:04,  1.84s/it]
train:  84%|████████▍ | 178/212 [05:52<01:07,  2.00s/it]
train:  84%|████████▍ | 179/212 [05:54<01:05,  2.00s/it]
train:  85%|████████▍ | 180/212 [05:56<01:02,  1.95s/it]
train:  85%|████████▌ | 181/212 [05:58<01:02,  2.02s/it]
train:  86%|████████▌ | 182/212 [06:00<00:59,  1.98s/it]
train:  86%|████████▋ | 183/212 [06:02<00:57,  1.97s/it]
train:  87%|████████▋ | 184/212 [06:04<00:56,  2.02s/it]
train:  87%|████████▋ | 185/212 [06:06<00:53,  2.00s/it]
train:  88%|████████▊ | 186/212 [06:08<00:51,  1.96s/it]
train:  88%|████████▊ | 187/212 [06:10<00:50,  2.02s/it]
train:  89%|████████▊ | 188/212 [06:12<00:47,  1.96s/it]
train:  89%|████████▉ | 189/212 [06:13<00:44,  1.93s/it]
train:  90%|████████▉ | 190/212 [06:15<00:43,  1.97s/it]
train:  90%|█████████ | 191/212 [06:17<00:40,  1.94s/it]
train:  91%|█████████ | 192/212 [06:19<00:38,  1.92s/it]
train:  91%|█████████ | 193/212 [06:21<00:38,  2.02s/it]
train:  92%|█████████▏| 194/212 [06:23<00:35,  1.97s/it]
train:  92%|█████████▏| 195/212 [06:25<00:32,  1.92s/it]
train:  92%|█████████▏| 196/212 [06:27<00:31,  2.00s/it]
train:  93%|█████████▎| 197/212 [06:29<00:29,  1.94s/it]
train:  93%|█████████▎| 198/212 [06:31<00:27,  1.97s/it]
train:  94%|█████████▍| 199/212 [06:33<00:26,  2.01s/it]
train:  94%|█████████▍| 200/212 [06:35<00:23,  1.93s/it]
train:  95%|█████████▍| 201/212 [06:37<00:20,  1.90s/it]
train:  95%|█████████▌| 202/212 [06:39<00:20,  2.00s/it]
train:  96%|█████████▌| 203/212 [06:41<00:17,  1.98s/it]
train:  96%|█████████▌| 204/212 [06:43<00:15,  1.93s/it]
train:  97%|█████████▋| 205/212 [06:45<00:14,  2.05s/it]
train:  97%|█████████▋| 206/212 [06:47<00:12,  2.05s/it]
train:  98%|█████████▊| 207/212 [06:49<00:10,  2.02s/it]
train:  98%|█████████▊| 208/212 [06:51<00:08,  2.10s/it]
train:  99%|█████████▊| 209/212 [06:53<00:06,  2.07s/it]
train:  99%|█████████▉| 210/212 [06:55<00:04,  2.00s/it]
train: 100%|█████████▉| 211/212 [06:57<00:02,  2.00s/it]
train: 100%|██████████| 212/212 [06:59<00:00,  1.99s/it]
                                                        

val:   0%|          | 0/13 [00:00<?, ?it/s]
val:   8%|▊         | 1/13 [00:00<00:03,  3.03it/s]
val:  15%|█▌        | 2/13 [00:00<00:03,  3.23it/s]
val:  23%|██▎       | 3/13 [00:00<00:03,  3.17it/s]
val:  31%|███       | 4/13 [00:01<00:02,  3.21it/s]
val:  38%|███▊      | 5/13 [00:01<00:02,  3.12it/s]
val:  46%|████▌     | 6/13 [00:02<00:03,  2.06it/s]
val:  54%|█████▍    | 7/13 [00:02<00:02,  2.31it/s]
val:  62%|██████▏   | 8/13 [00:03<00:01,  2.59it/s]
val:  69%|██████▉   | 9/13 [00:03<00:01,  2.70it/s]
val:  77%|███████▋  | 10/13 [00:03<00:01,  2.86it/s]
val:  85%|████████▍ | 11/13 [00:03<00:00,  2.93it/s]
val:  92%|█████████▏| 12/13 [00:04<00:00,  3.07it/s]
val: 100%|██████████| 13/13 [00:04<00:00,  3.30it/s]
                                                    
Epoch 1/5 | train_loss=2.0781 | val_loss=2.0517

train:   0%|          | 0/212 [00:00<?, ?it/s]
train:   0%|          | 1/212 [00:02<07:24,  2.10s/it]
train:   1%|          | 2/212 [00:03<06:34,  1.88s/it]
train:   1%|▏         | 3/212 [00:05<06:13,  1.79s/it]
train:   2%|▏         | 4/212 [00:07<06:56,  2.00s/it]
train:   2%|▏         | 5/212 [00:09<06:31,  1.89s/it]
train:   3%|▎         | 6/212 [00:11<06:23,  1.86s/it]
train:   3%|▎         | 7/212 [00:13<06:52,  2.01s/it]
train:   4%|▍         | 8/212 [00:15<06:32,  1.92s/it]
train:   4%|▍         | 9/212 [00:17<06:18,  1.87s/it]
train:   5%|▍         | 10/212 [00:19<06:44,  2.00s/it]
train:   5%|▌         | 11/212 [00:21<06:26,  1.93s/it]
train:   6%|▌         | 12/212 [00:22<06:12,  1.86s/it]
train:   6%|▌         | 13/212 [00:25<06:30,  1.96s/it]
train:   7%|▋         | 14/212 [00:26<06:14,  1.89s/it]
train:   7%|▋         | 15/212 [00:28<06:12,  1.89s/it]
train:   8%|▊         | 16/212 [00:30<06:26,  1.97s/it]
train:   8%|▊         | 17/212 [00:32<06:05,  1.88s/it]
train:   8%|▊         | 18/212 [00:34<05:51,  1.81s/it]
train:   9%|▉         | 19/212 [00:35<05:42,  1.78s/it]
train:   9%|▉         | 20/212 [00:37<05:40,  1.77s/it]
train:  10%|▉         | 21/212 [00:39<05:37,  1.77s/it]
train:  10%|█         | 22/212 [00:41<05:31,  1.74s/it]
train:  11%|█         | 23/212 [00:42<05:33,  1.76s/it]
train:  11%|█▏        | 24/212 [00:44<05:30,  1.76s/it]
train:  12%|█▏        | 25/212 [00:46<05:28,  1.76s/it]
train:  12%|█▏        | 26/212 [00:48<05:58,  1.93s/it]
train:  13%|█▎        | 27/212 [00:50<05:43,  1.86s/it]
train:  13%|█▎        | 28/212 [00:52<05:34,  1.82s/it]
train:  14%|█▎        | 29/212 [00:54<06:02,  1.98s/it]
train:  14%|█▍        | 30/212 [00:56<05:46,  1.91s/it]
train:  15%|█▍        | 31/212 [00:58<05:39,  1.88s/it]
train:  15%|█▌        | 32/212 [01:00<05:55,  1.98s/it]
train:  16%|█▌        | 33/212 [01:01<05:36,  1.88s/it]
train:  16%|█▌        | 34/212 [01:03<05:27,  1.84s/it]
train:  17%|█▋        | 35/212 [01:05<05:22,  1.82s/it]
train:  17%|█▋        | 36/212 [01:07<05:29,  1.87s/it]
train:  17%|█▋        | 37/212 [01:09<05:24,  1.86s/it]
train:  18%|█▊        | 38/212 [01:11<05:17,  1.83s/it]
train:  18%|█▊        | 39/212 [01:12<05:11,  1.80s/it]
train:  19%|█▉        | 40/212 [01:14<05:06,  1.78s/it]
train:  19%|█▉        | 41/212 [01:16<05:05,  1.79s/it]
train:  20%|█▉        | 42/212 [01:18<05:14,  1.85s/it]
train:  20%|██        | 43/212 [01:19<05:05,  1.81s/it]
train:  21%|██        | 44/212 [01:21<04:59,  1.78s/it]
train:  21%|██        | 45/212 [01:24<05:23,  1.94s/it]
train:  22%|██▏       | 46/212 [01:25<05:14,  1.90s/it]
train:  22%|██▏       | 47/212 [01:27<05:01,  1.83s/it]
train:  23%|██▎       | 48/212 [01:29<05:19,  1.95s/it]
train:  23%|██▎       | 49/212 [01:31<05:06,  1.88s/it]
train:  24%|██▎       | 50/212 [01:33<04:55,  1.83s/it]
train:  24%|██▍       | 51/212 [01:35<04:55,  1.84s/it]
train:  25%|██▍       | 52/212 [01:36<04:52,  1.83s/it]
train:  25%|██▌       | 53/212 [01:38<04:45,  1.80s/it]
train:  25%|██▌       | 54/212 [01:40<04:39,  1.77s/it]
train:  26%|██▌       | 55/212 [01:42<04:37,  1.77s/it]
train:  26%|██▋       | 56/212 [01:43<04:32,  1.75s/it]
train:  27%|██▋       | 57/212 [01:45<04:31,  1.75s/it]
train:  27%|██▋       | 58/212 [01:47<04:48,  1.87s/it]
train:  28%|██▊       | 59/212 [01:49<04:39,  1.83s/it]
train:  28%|██▊       | 60/212 [01:51<04:32,  1.80s/it]
train:  29%|██▉       | 61/212 [01:53<04:58,  1.97s/it]
train:  29%|██▉       | 62/212 [01:55<04:45,  1.90s/it]
train:  30%|██▉       | 63/212 [01:56<04:35,  1.85s/it]
train:  30%|███       | 64/212 [01:59<04:53,  1.98s/it]
train:  31%|███       | 65/212 [02:01<04:44,  1.93s/it]
train:  31%|███       | 66/212 [02:02<04:31,  1.86s/it]
train:  32%|███▏      | 67/212 [02:05<04:49,  2.00s/it]
train:  32%|███▏      | 68/212 [02:06<04:38,  1.93s/it]
train:  33%|███▎      | 69/212 [02:08<04:27,  1.87s/it]
train:  33%|███▎      | 70/212 [02:10<04:49,  2.04s/it]
train:  33%|███▎      | 71/212 [02:12<04:34,  1.95s/it]
train:  34%|███▍      | 72/212 [02:14<04:25,  1.90s/it]
train:  34%|███▍      | 73/212 [02:16<04:35,  1.98s/it]
train:  35%|███▍      | 74/212 [02:18<04:24,  1.92s/it]
train:  35%|███▌      | 75/212 [02:20<04:21,  1.91s/it]
train:  36%|███▌      | 76/212 [02:22<04:31,  2.00s/it]
train:  36%|███▋      | 77/212 [02:24<04:20,  1.93s/it]
train:  37%|███▋      | 78/212 [02:26<04:10,  1.87s/it]
train:  37%|███▋      | 79/212 [02:28<04:30,  2.03s/it]
train:  38%|███▊      | 80/212 [02:30<04:19,  1.97s/it]
train:  38%|███▊      | 81/212 [02:32<04:14,  1.94s/it]
train:  39%|███▊      | 82/212 [02:34<04:24,  2.03s/it]
train:  39%|███▉      | 83/212 [02:36<04:13,  1.97s/it]
train:  40%|███▉      | 84/212 [02:38<04:08,  1.94s/it]
train:  40%|████      | 85/212 [02:40<04:09,  1.97s/it]
train:  41%|████      | 86/212 [02:41<03:58,  1.89s/it]
train:  41%|████      | 87/212 [02:43<03:49,  1.84s/it]
train:  42%|████▏     | 88/212 [02:45<03:44,  1.81s/it]
train:  42%|████▏     | 89/212 [02:47<03:42,  1.81s/it]
train:  42%|████▏     | 90/212 [02:48<03:38,  1.79s/it]
train:  43%|████▎     | 91/212 [02:50<03:34,  1.77s/it]
train:  43%|████▎     | 92/212 [02:52<03:31,  1.76s/it]
train:  44%|████▍     | 93/212 [02:54<03:27,  1.74s/it]
train:  44%|████▍     | 94/212 [02:55<03:22,  1.72s/it]
train:  45%|████▍     | 95/212 [02:57<03:38,  1.87s/it]
train:  45%|████▌     | 96/212 [02:59<03:31,  1.82s/it]
train:  46%|████▌     | 97/212 [03:01<03:24,  1.77s/it]
train:  46%|████▌     | 98/212 [03:03<03:31,  1.86s/it]
train:  47%|████▋     | 99/212 [03:05<03:25,  1.82s/it]
train:  47%|████▋     | 100/212 [03:06<03:22,  1.81s/it]
train:  48%|████▊     | 101/212 [03:08<03:16,  1.77s/it]
train:  48%|████▊     | 102/212 [03:10<03:11,  1.74s/it]
train:  49%|████▊     | 103/212 [03:11<03:08,  1.73s/it]
train:  49%|████▉     | 104/212 [03:13<03:06,  1.73s/it]
train:  50%|████▉     | 105/212 [03:15<03:17,  1.85s/it]
train:  50%|█████     | 106/212 [03:17<03:10,  1.80s/it]
train:  50%|█████     | 107/212 [03:19<03:05,  1.77s/it]
train:  51%|█████     | 108/212 [03:20<03:02,  1.76s/it]
train:  51%|█████▏    | 109/212 [03:22<02:58,  1.73s/it]
train:  52%|█████▏    | 110/212 [03:24<02:56,  1.73s/it]
train:  52%|█████▏    | 111/212 [03:26<02:55,  1.74s/it]
train:  53%|█████▎    | 112/212 [03:27<02:53,  1.73s/it]
train:  53%|█████▎    | 113/212 [03:29<02:51,  1.73s/it]
train:  54%|█████▍    | 114/212 [03:31<02:49,  1.73s/it]
train:  54%|█████▍    | 115/212 [03:32<02:49,  1.74s/it]
train:  55%|█████▍    | 116/212 [03:34<02:47,  1.75s/it]
train:  55%|█████▌    | 117/212 [03:36<02:43,  1.72s/it]
train:  56%|█████▌    | 118/212 [03:38<02:42,  1.73s/it]
train:  56%|█████▌    | 119/212 [03:39<02:41,  1.73s/it]
train:  57%|█████▋    | 120/212 [03:41<02:39,  1.73s/it]
train:  57%|█████▋    | 121/212 [03:43<02:39,  1.76s/it]
train:  58%|█████▊    | 122/212 [03:45<02:51,  1.91s/it]
train:  58%|█████▊    | 123/212 [03:47<02:47,  1.88s/it]
train:  58%|█████▊    | 124/212 [03:49<02:42,  1.85s/it]
train:  59%|█████▉    | 125/212 [03:51<02:52,  1.98s/it]
train:  59%|█████▉    | 126/212 [03:53<02:45,  1.92s/it]
train:  60%|█████▉    | 127/212 [03:55<02:43,  1.92s/it]
train:  60%|██████    | 128/212 [03:57<02:46,  1.98s/it]
train:  61%|██████    | 129/212 [03:59<02:41,  1.95s/it]
train:  61%|██████▏   | 130/212 [04:01<02:37,  1.92s/it]
train:  62%|██████▏   | 131/212 [04:03<02:43,  2.02s/it]
train:  62%|██████▏   | 132/212 [04:05<02:38,  1.98s/it]
train:  63%|██████▎   | 133/212 [04:07<02:33,  1.94s/it]
train:  63%|██████▎   | 134/212 [04:09<02:35,  1.99s/it]
train:  64%|██████▎   | 135/212 [04:11<02:29,  1.94s/it]
train:  64%|██████▍   | 136/212 [04:12<02:23,  1.89s/it]
train:  65%|██████▍   | 137/212 [04:15<02:29,  2.00s/it]
train:  65%|██████▌   | 138/212 [04:16<02:24,  1.96s/it]
train:  66%|██████▌   | 139/212 [04:18<02:19,  1.91s/it]
train:  66%|██████▌   | 140/212 [04:20<02:23,  2.00s/it]
train:  67%|██████▋   | 141/212 [04:22<02:17,  1.94s/it]
train:  67%|██████▋   | 142/212 [04:24<02:13,  1.90s/it]
train:  67%|██████▋   | 143/212 [04:26<02:18,  2.01s/it]
train:  68%|██████▊   | 144/212 [04:28<02:09,  1.90s/it]
train:  68%|██████▊   | 145/212 [04:30<02:03,  1.85s/it]
train:  69%|██████▉   | 146/212 [04:32<02:11,  1.99s/it]
train:  69%|██████▉   | 147/212 [04:34<02:05,  1.93s/it]
train:  70%|██████▉   | 148/212 [04:35<01:59,  1.87s/it]
train:  70%|███████   | 149/212 [04:38<02:04,  1.97s/it]
train:  71%|███████   | 150/212 [04:39<01:57,  1.90s/it]
train:  71%|███████   | 151/212 [04:41<01:52,  1.85s/it]
train:  72%|███████▏  | 152/212 [04:44<02:00,  2.01s/it]
train:  72%|███████▏  | 153/212 [04:45<01:54,  1.93s/it]
train:  73%|███████▎  | 154/212 [04:47<01:49,  1.89s/it]
train:  73%|███████▎  | 155/212 [04:49<01:53,  1.99s/it]
train:  74%|███████▎  | 156/212 [04:51<01:47,  1.91s/it]
train:  74%|███████▍  | 157/212 [04:53<01:43,  1.89s/it]
train:  75%|███████▍  | 158/212 [04:55<01:47,  1.99s/it]
train:  75%|███████▌  | 159/212 [04:57<01:41,  1.91s/it]
train:  75%|███████▌  | 160/212 [04:59<01:36,  1.85s/it]
train:  76%|███████▌  | 161/212 [05:01<01:41,  1.98s/it]
train:  76%|███████▋  | 162/212 [05:03<01:35,  1.91s/it]
train:  77%|███████▋  | 163/212 [05:04<01:31,  1.86s/it]
train:  77%|███████▋  | 164/212 [05:07<01:35,  1.99s/it]
train:  78%|███████▊  | 165/212 [05:08<01:29,  1.90s/it]
train:  78%|███████▊  | 166/212 [05:10<01:24,  1.84s/it]
train:  79%|███████▉  | 167/212 [05:12<01:22,  1.84s/it]
train:  79%|███████▉  | 168/212 [05:14<01:19,  1.81s/it]
train:  80%|███████▉  | 169/212 [05:15<01:17,  1.81s/it]
train:  80%|████████  | 170/212 [05:17<01:15,  1.80s/it]
train:  81%|████████  | 171/212 [05:19<01:13,  1.80s/it]
train:  81%|████████  | 172/212 [05:21<01:14,  1.86s/it]
train:  82%|████████▏ | 173/212 [05:23<01:12,  1.85s/it]
train:  82%|████████▏ | 174/212 [05:25<01:14,  1.95s/it]
train:  83%|████████▎ | 175/212 [05:27<01:12,  1.96s/it]
train:  83%|████████▎ | 176/212 [05:29<01:09,  1.92s/it]
train:  83%|████████▎ | 177/212 [05:31<01:06,  1.90s/it]
train:  84%|████████▍ | 178/212 [05:32<01:01,  1.80s/it]
train:  84%|████████▍ | 179/212 [05:34<00:56,  1.72s/it]
train:  85%|████████▍ | 180/212 [05:35<00:53,  1.67s/it]
train:  85%|████████▌ | 181/212 [05:37<00:51,  1.65s/it]
train:  86%|████████▌ | 182/212 [05:39<00:49,  1.65s/it]
train:  86%|████████▋ | 183/212 [05:40<00:47,  1.62s/it]
train:  87%|████████▋ | 184/212 [05:42<00:47,  1.70s/it]
train:  87%|████████▋ | 185/212 [05:44<00:44,  1.65s/it]
train:  88%|████████▊ | 186/212 [05:45<00:42,  1.62s/it]
train:  88%|████████▊ | 187/212 [05:47<00:40,  1.62s/it]
train:  89%|████████▊ | 188/212 [05:48<00:39,  1.63s/it]
train:  89%|████████▉ | 189/212 [05:50<00:36,  1.60s/it]
train:  90%|████████▉ | 190/212 [05:51<00:35,  1.60s/it]
train:  90%|█████████ | 191/212 [05:53<00:35,  1.71s/it]
train:  91%|█████████ | 192/212 [05:55<00:33,  1.68s/it]
train:  91%|█████████ | 193/212 [05:57<00:31,  1.67s/it]
train:  92%|█████████▏| 194/212 [05:58<00:29,  1.65s/it]
train:  92%|█████████▏| 195/212 [06:00<00:27,  1.62s/it]
train:  92%|█████████▏| 196/212 [06:01<00:25,  1.61s/it]
train:  93%|█████████▎| 197/212 [06:03<00:24,  1.60s/it]
train:  93%|█████████▎| 198/212 [06:05<00:23,  1.69s/it]
train:  94%|█████████▍| 199/212 [06:07<00:21,  1.66s/it]
train:  94%|█████████▍| 200/212 [06:08<00:19,  1.64s/it]
train:  95%|█████████▍| 201/212 [06:10<00:17,  1.63s/it]
train:  95%|█████████▌| 202/212 [06:11<00:16,  1.62s/it]
train:  96%|█████████▌| 203/212 [06:13<00:14,  1.64s/it]
train:  96%|█████████▌| 204/212 [06:15<00:12,  1.62s/it]
train:  97%|█████████▋| 205/212 [06:17<00:12,  1.75s/it]
train:  97%|█████████▋| 206/212 [06:18<00:10,  1.69s/it]
train:  98%|█████████▊| 207/212 [06:20<00:08,  1.65s/it]
train:  98%|█████████▊| 208/212 [06:21<00:06,  1.64s/it]
train:  99%|█████████▊| 209/212 [06:23<00:04,  1.65s/it]
train:  99%|█████████▉| 210/212 [06:25<00:03,  1.66s/it]
train: 100%|█████████▉| 211/212 [06:26<00:01,  1.64s/it]
train: 100%|██████████| 212/212 [06:28<00:00,  1.72s/it]
                                                        

val:   0%|          | 0/13 [00:00<?, ?it/s]
val:   8%|▊         | 1/13 [00:00<00:03,  3.51it/s]
val:  15%|█▌        | 2/13 [00:00<00:03,  3.49it/s]
val:  23%|██▎       | 3/13 [00:00<00:02,  3.52it/s]
val:  31%|███       | 4/13 [00:01<00:02,  3.50it/s]
val:  38%|███▊      | 5/13 [00:01<00:02,  3.60it/s]
val:  46%|████▌     | 6/13 [00:01<00:01,  3.60it/s]
val:  54%|█████▍    | 7/13 [00:01<00:01,  3.65it/s]
val:  62%|██████▏   | 8/13 [00:02<00:01,  3.67it/s]
val:  69%|██████▉   | 9/13 [00:02<00:01,  3.54it/s]
val:  77%|███████▋  | 10/13 [00:02<00:00,  3.45it/s]
val:  85%|████████▍ | 11/13 [00:03<00:00,  3.36it/s]
val:  92%|█████████▏| 12/13 [00:03<00:00,  3.40it/s]
val: 100%|██████████| 13/13 [00:03<00:00,  3.82it/s]
                                                    
Epoch 2/5 | train_loss=2.0776 | val_loss=2.0517

train:   0%|          | 0/212 [00:00<?, ?it/s]
train:   0%|          | 1/212 [00:01<05:51,  1.66s/it]
train:   1%|          | 2/212 [00:03<05:45,  1.65s/it]
train:   1%|▏         | 3/212 [00:05<06:01,  1.73s/it]
train:   2%|▏         | 4/212 [00:06<05:42,  1.65s/it]
train:   2%|▏         | 5/212 [00:08<05:30,  1.60s/it]
train:   3%|▎         | 6/212 [00:09<05:23,  1.57s/it]
train:   3%|▎         | 7/212 [00:11<05:19,  1.56s/it]
train:   4%|▍         | 8/212 [00:12<05:16,  1.55s/it]
train:   4%|▍         | 9/212 [00:14<05:17,  1.57s/it]
train:   5%|▍         | 10/212 [00:16<05:31,  1.64s/it]
train:   5%|▌         | 11/212 [00:17<05:25,  1.62s/it]
train:   6%|▌         | 12/212 [00:19<05:23,  1.62s/it]
train:   6%|▌         | 13/212 [00:20<05:24,  1.63s/it]
train:   7%|▋         | 14/212 [00:22<05:20,  1.62s/it]
train:   7%|▋         | 15/212 [00:24<05:19,  1.62s/it]
train:   8%|▊         | 16/212 [00:25<05:14,  1.61s/it]
train:   8%|▊         | 17/212 [00:27<05:10,  1.59s/it]
train:   8%|▊         | 18/212 [00:28<05:05,  1.57s/it]
train:   9%|▉         | 19/212 [00:30<05:02,  1.57s/it]
train:   9%|▉         | 20/212 [00:31<05:00,  1.57s/it]
train:  10%|▉         | 21/212 [00:33<05:01,  1.58s/it]
train:  10%|█         | 22/212 [00:35<04:57,  1.57s/it]
train:  11%|█         | 23/212 [00:36<04:54,  1.56s/it]
train:  11%|█▏        | 24/212 [00:38<04:51,  1.55s/it]
train:  12%|█▏        | 25/212 [00:39<04:48,  1.54s/it]
train:  12%|█▏        | 26/212 [00:41<04:50,  1.56s/it]
train:  13%|█▎        | 27/212 [00:42<04:47,  1.55s/it]
train:  13%|█▎        | 28/212 [00:44<04:56,  1.61s/it]
train:  14%|█▎        | 29/212 [00:46<04:57,  1.62s/it]
train:  14%|█▍        | 30/212 [00:47<04:52,  1.61s/it]
train:  15%|█▍        | 31/212 [00:49<04:50,  1.61s/it]
train:  15%|█▌        | 32/212 [00:51<04:57,  1.65s/it]
train:  16%|█▌        | 33/212 [00:53<05:07,  1.72s/it]
train:  16%|█▌        | 34/212 [00:54<05:13,  1.76s/it]
train:  17%|█▋        | 35/212 [00:56<05:18,  1.80s/it]
train:  17%|█▋        | 36/212 [00:58<05:17,  1.80s/it]
train:  17%|█▋        | 37/212 [01:00<05:28,  1.88s/it]
train:  18%|█▊        | 38/212 [01:02<05:27,  1.88s/it]
train:  18%|█▊        | 39/212 [01:04<05:14,  1.82s/it]
train:  19%|█▉        | 40/212 [01:05<04:57,  1.73s/it]
train:  19%|█▉        | 41/212 [01:07<04:46,  1.68s/it]
train:  20%|█▉        | 42/212 [01:08<04:39,  1.65s/it]
train:  20%|██        | 43/212 [01:10<04:37,  1.64s/it]
train:  21%|██        | 44/212 [01:12<04:34,  1.63s/it]
train:  21%|██        | 45/212 [01:13<04:42,  1.69s/it]
train:  22%|██▏       | 46/212 [01:15<04:35,  1.66s/it]
train:  22%|██▏       | 47/212 [01:17<04:28,  1.63s/it]
train:  23%|██▎       | 48/212 [01:18<04:27,  1.63s/it]
train:  23%|██▎       | 49/212 [01:20<04:23,  1.62s/it]
train:  24%|██▎       | 50/212 [01:21<04:18,  1.60s/it]
train:  24%|██▍       | 51/212 [01:23<04:14,  1.58s/it]
train:  25%|██▍       | 52/212 [01:25<04:13,  1.59s/it]
train:  25%|██▌       | 53/212 [01:26<04:13,  1.60s/it]
train:  25%|██▌       | 54/212 [01:28<04:22,  1.66s/it]
train:  26%|██▌       | 55/212 [01:30<04:16,  1.63s/it]
train:  26%|██▋       | 56/212 [01:31<04:09,  1.60s/it]
train:  27%|██▋       | 57/212 [01:33<04:05,  1.59s/it]
train:  27%|██▋       | 58/212 [01:34<04:13,  1.65s/it]
train:  28%|██▊       | 59/212 [01:36<04:30,  1.77s/it]
train:  28%|██▊       | 60/212 [01:38<04:22,  1.72s/it]
train:  29%|██▉       | 61/212 [01:40<04:16,  1.70s/it]
train:  29%|██▉       | 62/212 [01:41<04:15,  1.70s/it]
train:  30%|██▉       | 63/212 [01:43<04:11,  1.69s/it]
train:  30%|███       | 64/212 [01:45<04:06,  1.67s/it]
train:  31%|███       | 65/212 [01:46<04:05,  1.67s/it]
train:  31%|███       | 66/212 [01:48<04:13,  1.73s/it]
train:  32%|███▏      | 67/212 [01:50<04:08,  1.71s/it]
train:  32%|███▏      | 68/212 [01:52<04:09,  1.73s/it]
train:  33%|███▎      | 69/212 [01:53<04:08,  1.74s/it]
train:  33%|███▎      | 70/212 [01:55<04:04,  1.72s/it]
train:  33%|███▎      | 71/212 [01:57<03:59,  1.70s/it]
train:  34%|███▍      | 72/212 [01:58<03:58,  1.70s/it]
train:  34%|███▍      | 73/212 [02:00<03:58,  1.72s/it]
train:  35%|███▍      | 74/212 [02:02<03:59,  1.74s/it]
train:  35%|███▌      | 75/212 [02:04<03:56,  1.73s/it]
train:  36%|███▌      | 76/212 [02:06<04:13,  1.86s/it]
train:  36%|███▋      | 77/212 [02:08<04:06,  1.82s/it]
train:  37%|███▋      | 78/212 [02:09<04:03,  1.82s/it]
train:  37%|███▋      | 79/212 [02:12<04:17,  1.93s/it]
train:  38%|███▊      | 80/212 [02:13<04:04,  1.85s/it]
train:  38%|███▊      | 81/212 [02:15<03:57,  1.81s/it]
train:  39%|███▊      | 82/212 [02:17<03:49,  1.76s/it]
train:  39%|███▉      | 83/212 [02:18<03:43,  1.73s/it]
train:  40%|███▉      | 84/212 [02:20<03:40,  1.73s/it]
train:  40%|████      | 85/212 [02:22<03:38,  1.72s/it]
train:  41%|████      | 86/212 [02:24<03:38,  1.73s/it]
train:  41%|████      | 87/212 [02:25<03:35,  1.72s/it]
train:  42%|████▏     | 88/212 [02:27<03:31,  1.71s/it]
train:  42%|████▏     | 89/212 [02:29<03:31,  1.72s/it]
train:  42%|████▏     | 90/212 [02:30<03:28,  1.71s/it]
train:  43%|████▎     | 91/212 [02:32<03:26,  1.70s/it]
train:  43%|████▎     | 92/212 [02:34<03:24,  1.70s/it]
train:  44%|████▍     | 93/212 [02:35<03:23,  1.71s/it]
train:  44%|████▍     | 94/212 [02:37<03:20,  1.70s/it]
train:  45%|████▍     | 95/212 [02:39<03:17,  1.69s/it]
train:  45%|████▌     | 96/212 [02:40<03:15,  1.68s/it]
train:  46%|████▌     | 97/212 [02:42<03:10,  1.66s/it]
train:  46%|████▌     | 98/212 [02:44<03:07,  1.65s/it]
train:  47%|████▋     | 99/212 [02:45<03:07,  1.66s/it]
train:  47%|████▋     | 100/212 [02:47<03:18,  1.77s/it]
train:  48%|████▊     | 101/212 [02:49<03:14,  1.75s/it]
train:  48%|████▊     | 102/212 [02:51<03:11,  1.74s/it]
train:  49%|████▊     | 103/212 [02:53<03:09,  1.74s/it]
train:  49%|████▉     | 104/212 [02:54<03:06,  1.72s/it]
train:  50%|████▉     | 105/212 [02:56<03:04,  1.72s/it]
train:  50%|█████     | 106/212 [02:58<03:04,  1.74s/it]
train:  50%|█████     | 107/212 [02:59<03:01,  1.73s/it]
train:  51%|█████     | 108/212 [03:01<02:58,  1.71s/it]
train:  51%|█████▏    | 109/212 [03:03<02:55,  1.70s/it]
train:  52%|█████▏    | 110/212 [03:05<03:04,  1.81s/it]
train:  52%|█████▏    | 111/212 [03:07<03:03,  1.82s/it]
train:  53%|█████▎    | 112/212 [03:08<02:57,  1.77s/it]
train:  53%|█████▎    | 113/212 [03:11<03:12,  1.94s/it]
train:  54%|█████▍    | 114/212 [03:13<03:07,  1.91s/it]
train:  54%|█████▍    | 115/212 [03:14<03:02,  1.88s/it]
train:  55%|█████▍    | 116/212 [03:17<03:14,  2.03s/it]
train:  55%|█████▌    | 117/212 [03:18<03:04,  1.94s/it]
train:  56%|█████▌    | 118/212 [03:20<02:55,  1.86s/it]
train:  56%|█████▌    | 119/212 [03:22<03:01,  1.96s/it]
train:  57%|█████▋    | 120/212 [03:24<02:54,  1.89s/it]
train:  57%|█████▋    | 121/212 [03:26<02:49,  1.87s/it]
train:  58%|█████▊    | 122/212 [03:28<02:58,  1.98s/it]
train:  58%|█████▊    | 123/212 [03:30<02:48,  1.89s/it]
train:  58%|█████▊    | 124/212 [03:31<02:40,  1.83s/it]
train:  59%|█████▉    | 125/212 [03:33<02:34,  1.78s/it]
train:  59%|█████▉    | 126/212 [03:35<02:31,  1.76s/it]
train:  60%|█████▉    | 127/212 [03:37<02:27,  1.73s/it]
train:  60%|██████    | 128/212 [03:38<02:26,  1.74s/it]
train:  61%|██████    | 129/212 [03:40<02:23,  1.73s/it]
train:  61%|██████▏   | 130/212 [03:42<02:21,  1.73s/it]
train:  62%|██████▏   | 131/212 [03:43<02:19,  1.72s/it]
train:  62%|██████▏   | 132/212 [03:46<02:29,  1.87s/it]
train:  63%|██████▎   | 133/212 [03:47<02:22,  1.80s/it]
train:  63%|██████▎   | 134/212 [03:49<02:17,  1.77s/it]
train:  64%|██████▎   | 135/212 [03:51<02:16,  1.77s/it]
train:  64%|██████▍   | 136/212 [03:52<02:13,  1.76s/it]
train:  65%|██████▍   | 137/212 [03:54<02:11,  1.76s/it]
train:  65%|██████▌   | 138/212 [03:56<02:07,  1.73s/it]
train:  66%|██████▌   | 139/212 [03:58<02:07,  1.74s/it]
train:  66%|██████▌   | 140/212 [03:59<02:05,  1.75s/it]
train:  67%|██████▋   | 141/212 [04:01<02:03,  1.74s/it]
train:  67%|██████▋   | 142/212 [04:03<02:13,  1.91s/it]
train:  67%|██████▋   | 143/212 [04:05<02:07,  1.84s/it]
train:  68%|██████▊   | 144/212 [04:07<02:02,  1.81s/it]
train:  68%|██████▊   | 145/212 [04:09<02:02,  1.83s/it]
train:  69%|██████▉   | 146/212 [04:10<01:58,  1.79s/it]
train:  69%|██████▉   | 147/212 [04:12<01:54,  1.76s/it]
train:  70%|██████▉   | 148/212 [04:14<01:52,  1.76s/it]
train:  70%|███████   | 149/212 [04:16<01:51,  1.76s/it]
train:  71%|███████   | 150/212 [04:17<01:48,  1.76s/it]
train:  71%|███████   | 151/212 [04:19<01:47,  1.76s/it]
train:  72%|███████▏  | 152/212 [04:21<01:51,  1.85s/it]
train:  72%|███████▏  | 153/212 [04:23<01:47,  1.83s/it]
train:  73%|███████▎  | 154/212 [04:25<01:43,  1.79s/it]
train:  73%|███████▎  | 155/212 [04:27<01:49,  1.91s/it]
train:  74%|███████▎  | 156/212 [04:29<01:45,  1.88s/it]
train:  74%|███████▍  | 157/212 [04:30<01:40,  1.82s/it]
train:  75%|███████▍  | 158/212 [04:33<01:45,  1.95s/it]
train:  75%|███████▌  | 159/212 [04:34<01:40,  1.89s/it]
train:  75%|███████▌  | 160/212 [04:36<01:36,  1.85s/it]
train:  76%|███████▌  | 161/212 [04:39<01:42,  2.00s/it]
train:  76%|███████▋  | 162/212 [04:40<01:36,  1.93s/it]
train:  77%|███████▋  | 163/212 [04:42<01:31,  1.87s/it]
train:  77%|███████▋  | 164/212 [04:44<01:34,  1.96s/it]
train:  78%|███████▊  | 165/212 [04:46<01:28,  1.88s/it]
train:  78%|███████▊  | 166/212 [04:48<01:25,  1.86s/it]
train:  79%|███████▉  | 167/212 [04:50<01:29,  1.98s/it]
train:  79%|███████▉  | 168/212 [04:52<01:23,  1.90s/it]
train:  80%|███████▉  | 169/212 [04:53<01:20,  1.88s/it]
train:  80%|████████  | 170/212 [04:56<01:27,  2.07s/it]
train:  81%|████████  | 171/212 [04:58<01:23,  2.03s/it]
train:  81%|████████  | 172/212 [05:00<01:19,  1.98s/it]
train:  82%|████████▏ | 173/212 [05:02<01:16,  1.97s/it]
train:  82%|████████▏ | 174/212 [05:04<01:12,  1.92s/it]
train:  83%|████████▎ | 175/212 [05:05<01:09,  1.87s/it]
train:  83%|████████▎ | 176/212 [05:07<01:10,  1.96s/it]
train:  83%|████████▎ | 177/212 [05:09<01:05,  1.88s/it]
train:  84%|████████▍ | 178/212 [05:11<01:02,  1.83s/it]
train:  84%|████████▍ | 179/212 [05:13<01:00,  1.83s/it]
train:  85%|████████▍ | 180/212 [05:14<00:57,  1.80s/it]
train:  85%|████████▌ | 181/212 [05:16<00:55,  1.78s/it]
train:  86%|████████▌ | 182/212 [05:18<00:53,  1.77s/it]
train:  86%|████████▋ | 183/212 [05:20<00:50,  1.75s/it]
train:  87%|████████▋ | 184/212 [05:21<00:48,  1.74s/it]
train:  87%|████████▋ | 185/212 [05:23<00:47,  1.75s/it]
train:  88%|████████▊ | 186/212 [05:25<00:48,  1.85s/it]
train:  88%|████████▊ | 187/212 [05:27<00:45,  1.81s/it]
train:  89%|████████▊ | 188/212 [05:29<00:42,  1.76s/it]
train:  89%|████████▉ | 189/212 [05:30<00:40,  1.74s/it]
train:  90%|████████▉ | 190/212 [05:32<00:38,  1.76s/it]
train:  90%|█████████ | 191/212 [05:34<00:36,  1.74s/it]
train:  91%|█████████ | 192/212 [05:36<00:35,  1.76s/it]
train:  91%|█████████ | 193/212 [05:37<00:33,  1.75s/it]
train:  92%|█████████▏| 194/212 [05:39<00:31,  1.73s/it]
train:  92%|█████████▏| 195/212 [05:41<00:29,  1.73s/it]
train:  92%|█████████▏| 196/212 [05:43<00:29,  1.86s/it]
train:  93%|█████████▎| 197/212 [05:45<00:27,  1.82s/it]
train:  93%|█████████▎| 198/212 [05:46<00:24,  1.78s/it]
train:  94%|█████████▍| 199/212 [05:48<00:22,  1.76s/it]
train:  94%|█████████▍| 200/212 [05:50<00:21,  1.75s/it]
train:  95%|█████████▍| 201/212 [05:51<00:18,  1.73s/it]
train:  95%|█████████▌| 202/212 [05:53<00:17,  1.74s/it]
train:  96%|█████████▌| 203/212 [05:55<00:15,  1.72s/it]
train:  96%|█████████▌| 204/212 [05:57<00:13,  1.71s/it]
train:  97%|█████████▋| 205/212 [05:58<00:12,  1.75s/it]
train:  97%|█████████▋| 206/212 [06:00<00:11,  1.85s/it]
train:  98%|█████████▊| 207/212 [06:02<00:09,  1.82s/it]
train:  98%|█████████▊| 208/212 [06:04<00:07,  1.78s/it]
train:  99%|█████████▊| 209/212 [06:06<00:05,  1.77s/it]
train:  99%|█████████▉| 210/212 [06:07<00:03,  1.76s/it]
train: 100%|█████████▉| 211/212 [06:09<00:01,  1.75s/it]
train: 100%|██████████| 212/212 [06:11<00:00,  1.73s/it]
                                                        

val:   0%|          | 0/13 [00:00<?, ?it/s]
val:   8%|▊         | 1/13 [00:00<00:03,  3.39it/s]
val:  15%|█▌        | 2/13 [00:00<00:03,  3.49it/s]
val:  23%|██▎       | 3/13 [00:00<00:02,  3.41it/s]
val:  31%|███       | 4/13 [00:01<00:02,  3.41it/s]
val:  38%|███▊      | 5/13 [00:01<00:02,  3.42it/s]
val:  46%|████▌     | 6/13 [00:01<00:02,  3.37it/s]
val:  54%|█████▍    | 7/13 [00:02<00:01,  3.40it/s]
val:  62%|██████▏   | 8/13 [00:02<00:01,  3.43it/s]
val:  69%|██████▉   | 9/13 [00:02<00:01,  3.47it/s]
val:  77%|███████▋  | 10/13 [00:02<00:00,  3.43it/s]
val:  85%|████████▍ | 11/13 [00:03<00:00,  3.45it/s]
val:  92%|█████████▏| 12/13 [00:03<00:00,  3.47it/s]
val: 100%|██████████| 13/13 [00:03<00:00,  3.77it/s]
                                                    
Epoch 3/5 | train_loss=2.0772 | val_loss=2.0517

train:   0%|          | 0/212 [00:00<?, ?it/s]
train:   0%|          | 1/212 [00:02<07:56,  2.26s/it]
train:   1%|          | 2/212 [00:03<06:43,  1.92s/it]
train:   1%|▏         | 3/212 [00:05<06:24,  1.84s/it]
train:   2%|▏         | 4/212 [00:08<07:02,  2.03s/it]
train:   2%|▏         | 5/212 [00:09<06:55,  2.01s/it]
train:   3%|▎         | 6/212 [00:11<06:34,  1.91s/it]
train:   3%|▎         | 7/212 [00:13<06:38,  1.95s/it]
train:   4%|▍         | 8/212 [00:15<06:27,  1.90s/it]
train:   4%|▍         | 9/212 [00:17<06:07,  1.81s/it]
train:   5%|▍         | 10/212 [00:18<05:59,  1.78s/it]
train:   5%|▌         | 11/212 [00:20<05:52,  1.75s/it]
train:   6%|▌         | 12/212 [00:22<05:48,  1.74s/it]
train:   6%|▌         | 13/212 [00:24<05:58,  1.80s/it]
train:   7%|▋         | 14/212 [00:26<06:17,  1.91s/it]
train:   7%|▋         | 15/212 [00:28<06:12,  1.89s/it]
train:   8%|▊         | 16/212 [00:29<06:03,  1.85s/it]
train:   8%|▊         | 17/212 [00:31<06:07,  1.89s/it]
train:   8%|▊         | 18/212 [00:33<05:56,  1.84s/it]
train:   9%|▉         | 19/212 [00:35<05:52,  1.83s/it]
train:   9%|▉         | 20/212 [00:37<06:17,  1.97s/it]
train:  10%|▉         | 21/212 [00:39<06:01,  1.89s/it]
train:  10%|█         | 22/212 [00:41<05:50,  1.85s/it]
train:  11%|█         | 23/212 [00:43<06:16,  1.99s/it]
train:  11%|█▏        | 24/212 [00:45<05:57,  1.90s/it]
train:  12%|█▏        | 25/212 [00:46<05:45,  1.85s/it]
train:  12%|█▏        | 26/212 [00:49<06:02,  1.95s/it]
train:  13%|█▎        | 27/212 [00:50<05:50,  1.90s/it]
train:  13%|█▎        | 28/212 [00:52<05:44,  1.87s/it]
train:  14%|█▎        | 29/212 [00:54<06:01,  1.97s/it]
train:  14%|█▍        | 30/212 [00:56<05:44,  1.89s/it]
train:  15%|█▍        | 31/212 [00:58<05:32,  1.84s/it]
train:  15%|█▌        | 32/212 [01:00<05:53,  1.96s/it]
train:  16%|█▌        | 33/212 [01:02<05:42,  1.91s/it]
train:  16%|█▌        | 34/212 [01:04<05:28,  1.85s/it]
train:  17%|█▋        | 35/212 [01:06<05:44,  1.95s/it]
train:  17%|█▋        | 36/212 [01:07<05:29,  1.87s/it]
train:  17%|█▋        | 37/212 [01:09<05:19,  1.82s/it]
train:  18%|█▊        | 38/212 [01:11<05:15,  1.82s/it]
train:  18%|█▊        | 39/212 [01:13<05:09,  1.79s/it]
train:  19%|█▉        | 40/212 [01:14<05:01,  1.75s/it]
train:  19%|█▉        | 41/212 [01:16<04:58,  1.75s/it]
train:  20%|█▉        | 42/212 [01:18<04:53,  1.73s/it]
train:  20%|██        | 43/212 [01:20<04:57,  1.76s/it]
train:  21%|██        | 44/212 [01:21<04:55,  1.76s/it]
train:  21%|██        | 45/212 [01:24<05:13,  1.88s/it]
train:  22%|██▏       | 46/212 [01:25<05:04,  1.83s/it]
train:  22%|██▏       | 47/212 [01:27<04:57,  1.80s/it]
train:  23%|██▎       | 48/212 [01:29<05:24,  1.98s/it]
train:  23%|██▎       | 49/212 [01:31<05:13,  1.92s/it]
train:  24%|██▎       | 50/212 [01:33<05:01,  1.86s/it]
train:  24%|██▍       | 51/212 [01:35<05:13,  1.95s/it]
train:  25%|██▍       | 52/212 [01:37<04:59,  1.87s/it]
train:  25%|██▌       | 53/212 [01:39<04:54,  1.86s/it]
train:  25%|██▌       | 54/212 [01:41<05:10,  1.97s/it]
train:  26%|██▌       | 55/212 [01:43<04:57,  1.89s/it]
train:  26%|██▋       | 56/212 [01:44<04:48,  1.85s/it]
train:  27%|██▋       | 57/212 [01:47<05:05,  1.97s/it]
train:  27%|██▋       | 58/212 [01:48<04:59,  1.94s/it]
train:  28%|██▊       | 59/212 [01:50<04:48,  1.89s/it]
train:  28%|██▊       | 60/212 [01:52<05:02,  1.99s/it]
train:  29%|██▉       | 61/212 [01:54<04:49,  1.92s/it]
train:  29%|██▉       | 62/212 [01:56<04:42,  1.88s/it]
train:  30%|██▉       | 63/212 [01:58<04:56,  1.99s/it]
train:  30%|███       | 64/212 [02:00<04:44,  1.92s/it]
train:  31%|███       | 65/212 [02:02<04:33,  1.86s/it]
train:  31%|███       | 66/212 [02:04<04:47,  1.97s/it]
train:  32%|███▏      | 67/212 [02:06<04:33,  1.89s/it]
train:  32%|███▏      | 68/212 [02:07<04:32,  1.89s/it]
train:  33%|███▎      | 69/212 [02:10<04:51,  2.04s/it]
train:  33%|███▎      | 70/212 [02:12<04:41,  1.98s/it]
train:  33%|███▎      | 71/212 [02:14<04:33,  1.94s/it]
train:  34%|███▍      | 72/212 [02:16<04:40,  2.00s/it]
train:  34%|███▍      | 73/212 [02:17<04:26,  1.92s/it]
train:  35%|███▍      | 74/212 [02:19<04:15,  1.85s/it]
train:  35%|███▌      | 75/212 [02:21<04:30,  1.97s/it]
train:  36%|███▌      | 76/212 [02:23<04:21,  1.92s/it]
train:  36%|███▋      | 77/212 [02:25<04:09,  1.85s/it]
train:  37%|███▋      | 78/212 [02:27<04:02,  1.81s/it]
train:  37%|███▋      | 79/212 [02:28<03:54,  1.76s/it]
train:  38%|███▊      | 80/212 [02:30<03:51,  1.75s/it]
train:  38%|███▊      | 81/212 [02:32<03:58,  1.82s/it]
train:  39%|███▊      | 82/212 [02:34<03:52,  1.79s/it]
train:  39%|███▉      | 83/212 [02:35<03:46,  1.76s/it]
train:  40%|███▉      | 84/212 [02:37<03:42,  1.74s/it]
train:  40%|████      | 85/212 [02:39<03:57,  1.87s/it]
train:  41%|████      | 86/212 [02:41<03:50,  1.83s/it]
train:  41%|████      | 87/212 [02:43<03:44,  1.79s/it]
train:  42%|████▏     | 88/212 [02:44<03:37,  1.75s/it]
train:  42%|████▏     | 89/212 [02:46<03:33,  1.74s/it]
train:  42%|████▏     | 90/212 [02:48<03:29,  1.72s/it]
train:  43%|████▎     | 91/212 [02:49<03:29,  1.73s/it]
train:  43%|████▎     | 92/212 [02:51<03:29,  1.75s/it]
train:  44%|████▍     | 93/212 [02:53<03:27,  1.75s/it]
train:  44%|████▍     | 94/212 [02:55<03:25,  1.74s/it]
train:  45%|████▍     | 95/212 [02:57<03:41,  1.89s/it]
train:  45%|████▌     | 96/212 [02:59<03:33,  1.84s/it]
train:  46%|████▌     | 97/212 [03:00<03:30,  1.83s/it]
train:  46%|████▌     | 98/212 [03:03<03:37,  1.91s/it]
train:  47%|████▋     | 99/212 [03:04<03:27,  1.84s/it]
train:  47%|████▋     | 100/212 [03:06<03:21,  1.80s/it]
train:  48%|████▊     | 101/212 [03:08<03:15,  1.76s/it]
train:  48%|████▊     | 102/212 [03:09<03:13,  1.76s/it]
train:  49%|████▊     | 103/212 [03:11<03:09,  1.74s/it]
train:  49%|████▉     | 104/212 [03:13<03:07,  1.73s/it]
train:  50%|████▉     | 105/212 [03:15<03:05,  1.73s/it]
train:  50%|█████     | 106/212 [03:16<03:02,  1.72s/it]
train:  50%|█████     | 107/212 [03:18<02:59,  1.71s/it]
train:  51%|█████     | 108/212 [03:20<03:01,  1.74s/it]
train:  51%|█████▏    | 109/212 [03:21<02:58,  1.73s/it]
train:  52%|█████▏    | 110/212 [03:23<02:55,  1.72s/it]
train:  52%|█████▏    | 111/212 [03:25<02:53,  1.71s/it]
train:  53%|█████▎    | 112/212 [03:26<02:50,  1.70s/it]
train:  53%|█████▎    | 113/212 [03:28<02:49,  1.71s/it]
train:  54%|█████▍    | 114/212 [03:30<02:48,  1.72s/it]
train:  54%|█████▍    | 115/212 [03:32<02:59,  1.85s/it]
train:  55%|█████▍    | 116/212 [03:34<02:54,  1.81s/it]
train:  55%|█████▌    | 117/212 [03:36<02:50,  1.79s/it]
train:  56%|█████▌    | 118/212 [03:38<03:02,  1.94s/it]
train:  56%|█████▌    | 119/212 [03:40<02:57,  1.91s/it]
train:  57%|█████▋    | 120/212 [03:42<02:52,  1.88s/it]
train:  57%|█████▋    | 121/212 [03:44<03:00,  1.99s/it]
train:  58%|█████▊    | 122/212 [03:45<02:51,  1.90s/it]
train:  58%|█████▊    | 123/212 [03:47<02:46,  1.87s/it]
train:  58%|█████▊    | 124/212 [03:50<02:54,  1.98s/it]
train:  59%|█████▉    | 125/212 [03:51<02:48,  1.94s/it]
train:  59%|█████▉    | 126/212 [03:53<02:44,  1.91s/it]
train:  60%|█████▉    | 127/212 [03:56<02:55,  2.06s/it]
train:  60%|██████    | 128/212 [03:57<02:46,  1.99s/it]
train:  61%|██████    | 129/212 [03:59<02:38,  1.91s/it]
train:  61%|██████▏   | 130/212 [04:01<02:39,  1.95s/it]
train:  62%|██████▏   | 131/212 [04:03<02:32,  1.88s/it]
train:  62%|██████▏   | 132/212 [04:05<02:29,  1.87s/it]
train:  63%|██████▎   | 133/212 [04:07<02:34,  1.96s/it]
train:  63%|██████▎   | 134/212 [04:09<02:26,  1.88s/it]
train:  64%|██████▎   | 135/212 [04:10<02:20,  1.82s/it]
train:  64%|██████▍   | 136/212 [04:12<02:16,  1.80s/it]
train:  65%|██████▍   | 137/212 [04:14<02:15,  1.80s/it]
train:  65%|██████▌   | 138/212 [04:16<02:11,  1.78s/it]
train:  66%|██████▌   | 139/212 [04:17<02:08,  1.76s/it]
train:  66%|██████▌   | 140/212 [04:19<02:05,  1.75s/it]
train:  67%|██████▋   | 141/212 [04:21<02:03,  1.74s/it]
train:  67%|██████▋   | 142/212 [04:22<02:00,  1.73s/it]
train:  67%|██████▋   | 143/212 [04:25<02:10,  1.90s/it]
train:  68%|██████▊   | 144/212 [04:26<02:04,  1.84s/it]
train:  68%|██████▊   | 145/212 [04:28<02:00,  1.79s/it]
train:  69%|██████▉   | 146/212 [04:30<01:55,  1.75s/it]
train:  69%|██████▉   | 147/212 [04:31<01:52,  1.73s/it]
train:  70%|██████▉   | 148/212 [04:33<01:51,  1.74s/it]
train:  70%|███████   | 149/212 [04:35<01:49,  1.74s/it]
train:  71%|███████   | 150/212 [04:37<01:48,  1.75s/it]
train:  71%|███████   | 151/212 [04:38<01:45,  1.73s/it]
train:  72%|███████▏  | 152/212 [04:40<01:43,  1.73s/it]
train:  72%|███████▏  | 153/212 [04:42<01:51,  1.90s/it]
train:  73%|███████▎  | 154/212 [04:44<01:46,  1.83s/it]
train:  73%|███████▎  | 155/212 [04:46<01:41,  1.79s/it]
train:  74%|███████▎  | 156/212 [04:48<01:46,  1.91s/it]
train:  74%|███████▍  | 157/212 [04:50<01:41,  1.85s/it]
train:  75%|███████▍  | 158/212 [04:51<01:39,  1.83s/it]
train:  75%|███████▌  | 159/212 [04:54<01:43,  1.96s/it]
train:  75%|███████▌  | 160/212 [04:55<01:36,  1.86s/it]
train:  76%|███████▌  | 161/212 [04:57<01:31,  1.80s/it]
train:  76%|███████▋  | 162/212 [04:59<01:28,  1.78s/it]
train:  77%|███████▋  | 163/212 [05:01<01:27,  1.78s/it]
train:  77%|███████▋  | 164/212 [05:02<01:24,  1.75s/it]
train:  78%|███████▊  | 165/212 [05:04<01:21,  1.73s/it]
train:  78%|███████▊  | 166/212 [05:06<01:20,  1.76s/it]
train:  79%|███████▉  | 167/212 [05:07<01:19,  1.76s/it]
train:  79%|███████▉  | 168/212 [05:09<01:18,  1.79s/it]
train:  80%|███████▉  | 169/212 [05:12<01:22,  1.91s/it]
train:  80%|████████  | 170/212 [05:13<01:17,  1.84s/it]
train:  81%|████████  | 171/212 [05:15<01:13,  1.80s/it]
train:  81%|████████  | 172/212 [05:17<01:16,  1.92s/it]
train:  82%|████████▏ | 173/212 [05:19<01:12,  1.87s/it]
train:  82%|████████▏ | 174/212 [05:20<01:08,  1.79s/it]
train:  83%|████████▎ | 175/212 [05:22<01:04,  1.75s/it]
train:  83%|████████▎ | 176/212 [05:24<01:02,  1.73s/it]
train:  83%|████████▎ | 177/212 [05:26<01:00,  1.72s/it]
train:  84%|████████▍ | 178/212 [05:27<00:58,  1.71s/it]
train:  84%|████████▍ | 179/212 [05:29<00:57,  1.75s/it]
train:  85%|████████▍ | 180/212 [05:31<00:55,  1.74s/it]
train:  85%|████████▌ | 181/212 [05:32<00:52,  1.71s/it]
train:  86%|████████▌ | 182/212 [05:34<00:51,  1.71s/it]
train:  86%|████████▋ | 183/212 [05:36<00:49,  1.71s/it]
train:  87%|████████▋ | 184/212 [05:38<00:50,  1.80s/it]
train:  87%|████████▋ | 185/212 [05:40<00:49,  1.83s/it]
train:  88%|████████▊ | 186/212 [05:41<00:47,  1.81s/it]
train:  88%|████████▊ | 187/212 [05:43<00:44,  1.79s/it]
train:  89%|████████▊ | 188/212 [05:45<00:42,  1.75s/it]
train:  89%|████████▉ | 189/212 [05:47<00:42,  1.84s/it]
train:  90%|████████▉ | 190/212 [05:49<00:39,  1.79s/it]
train:  90%|█████████ | 191/212 [05:50<00:37,  1.78s/it]
train:  91%|█████████ | 192/212 [05:53<00:38,  1.94s/it]
train:  91%|█████████ | 193/212 [05:54<00:35,  1.88s/it]
train:  92%|█████████▏| 194/212 [05:56<00:32,  1.83s/it]
train:  92%|█████████▏| 195/212 [05:58<00:33,  1.95s/it]
train:  92%|█████████▏| 196/212 [06:00<00:30,  1.89s/it]
train:  93%|█████████▎| 197/212 [06:02<00:28,  1.87s/it]
train:  93%|█████████▎| 198/212 [06:04<00:27,  1.95s/it]
train:  94%|█████████▍| 199/212 [06:06<00:24,  1.88s/it]
train:  94%|█████████▍| 200/212 [06:07<00:21,  1.82s/it]
train:  95%|█████████▍| 201/212 [06:09<00:19,  1.78s/it]
train:  95%|█████████▌| 202/212 [06:11<00:17,  1.78s/it]
train:  96%|█████████▌| 203/212 [06:13<00:15,  1.77s/it]
train:  96%|█████████▌| 204/212 [06:14<00:14,  1.76s/it]
train:  97%|█████████▋| 205/212 [06:16<00:12,  1.74s/it]
train:  97%|█████████▋| 206/212 [06:18<00:10,  1.74s/it]
train:  98%|█████████▊| 207/212 [06:20<00:08,  1.78s/it]
train:  98%|█████████▊| 208/212 [06:22<00:07,  1.90s/it]
train:  99%|█████████▊| 209/212 [06:24<00:05,  1.85s/it]
train:  99%|█████████▉| 210/212 [06:25<00:03,  1.81s/it]
train: 100%|█████████▉| 211/212 [06:28<00:01,  1.92s/it]
train: 100%|██████████| 212/212 [06:29<00:00,  1.87s/it]
                                                        

val:   0%|          | 0/13 [00:00<?, ?it/s]
val:   8%|▊         | 1/13 [00:00<00:03,  3.27it/s]
val:  15%|█▌        | 2/13 [00:00<00:03,  3.43it/s]
val:  23%|██▎       | 3/13 [00:00<00:02,  3.49it/s]
val:  31%|███       | 4/13 [00:01<00:02,  3.38it/s]
val:  38%|███▊      | 5/13 [00:01<00:02,  3.42it/s]
val:  46%|████▌     | 6/13 [00:01<00:02,  3.45it/s]
val:  54%|█████▍    | 7/13 [00:02<00:02,  2.08it/s]
val:  62%|██████▏   | 8/13 [00:02<00:02,  2.36it/s]
val:  69%|██████▉   | 9/13 [00:03<00:01,  2.60it/s]
val:  77%|███████▋  | 10/13 [00:03<00:01,  2.82it/s]
val:  85%|████████▍ | 11/13 [00:03<00:00,  3.02it/s]
val:  92%|█████████▏| 12/13 [00:04<00:00,  3.12it/s]
val: 100%|██████████| 13/13 [00:04<00:00,  3.54it/s]
                                                    
Epoch 4/5 | train_loss=2.0770 | val_loss=2.0517

train:   0%|          | 0/212 [00:00<?, ?it/s]
train:   0%|          | 1/212 [00:01<06:07,  1.74s/it]
train:   1%|          | 2/212 [00:03<06:12,  1.77s/it]
train:   1%|▏         | 3/212 [00:05<06:09,  1.77s/it]
train:   2%|▏         | 4/212 [00:07<06:06,  1.76s/it]
train:   2%|▏         | 5/212 [00:08<06:03,  1.76s/it]
train:   3%|▎         | 6/212 [00:10<06:00,  1.75s/it]
train:   3%|▎         | 7/212 [00:12<06:04,  1.78s/it]
train:   4%|▍         | 8/212 [00:14<05:59,  1.76s/it]
train:   4%|▍         | 9/212 [00:16<06:21,  1.88s/it]
train:   5%|▍         | 10/212 [00:17<06:08,  1.82s/it]
train:   5%|▌         | 11/212 [00:19<05:54,  1.76s/it]
train:   6%|▌         | 12/212 [00:21<05:51,  1.76s/it]
train:   6%|▌         | 13/212 [00:22<05:45,  1.73s/it]
train:   7%|▋         | 14/212 [00:24<05:40,  1.72s/it]
train:   7%|▋         | 15/212 [00:26<05:38,  1.72s/it]
train:   8%|▊         | 16/212 [00:28<05:47,  1.77s/it]
train:   8%|▊         | 17/212 [00:29<05:40,  1.75s/it]
train:   8%|▊         | 18/212 [00:31<05:39,  1.75s/it]
train:   9%|▉         | 19/212 [00:33<06:04,  1.89s/it]
train:   9%|▉         | 20/212 [00:35<05:53,  1.84s/it]
train:  10%|▉         | 21/212 [00:37<05:44,  1.81s/it]
train:  10%|█         | 22/212 [00:39<06:13,  1.97s/it]
train:  11%|█         | 23/212 [00:41<05:56,  1.89s/it]
train:  11%|█▏        | 24/212 [00:43<05:44,  1.83s/it]
train:  12%|█▏        | 25/212 [00:45<06:16,  2.02s/it]
train:  12%|█▏        | 26/212 [00:47<06:02,  1.95s/it]
train:  13%|█▎        | 27/212 [00:49<05:53,  1.91s/it]
train:  13%|█▎        | 28/212 [00:51<06:05,  1.99s/it]
train:  14%|█▎        | 29/212 [00:53<05:47,  1.90s/it]
train:  14%|█▍        | 30/212 [00:54<05:32,  1.83s/it]
train:  15%|█▍        | 31/212 [00:56<05:25,  1.80s/it]
train:  15%|█▌        | 32/212 [00:58<05:24,  1.80s/it]
train:  16%|█▌        | 33/212 [00:59<05:16,  1.77s/it]
train:  16%|█▌        | 34/212 [01:01<05:11,  1.75s/it]
train:  17%|█▋        | 35/212 [01:03<05:08,  1.74s/it]
train:  17%|█▋        | 36/212 [01:05<05:01,  1.71s/it]
train:  17%|█▋        | 37/212 [01:06<05:05,  1.75s/it]
train:  18%|█▊        | 38/212 [01:09<05:30,  1.90s/it]
train:  18%|█▊        | 39/212 [01:10<05:23,  1.87s/it]
train:  19%|█▉        | 40/212 [01:12<05:17,  1.84s/it]
train:  19%|█▉        | 41/212 [01:14<05:34,  1.96s/it]
train:  20%|█▉        | 42/212 [01:16<05:25,  1.91s/it]
train:  20%|██        | 43/212 [01:18<05:14,  1.86s/it]
train:  21%|██        | 44/212 [01:20<05:28,  1.96s/it]
train:  21%|██        | 45/212 [01:22<05:12,  1.87s/it]
train:  22%|██▏       | 46/212 [01:24<05:03,  1.83s/it]
train:  22%|██▏       | 47/212 [01:25<05:05,  1.85s/it]
train:  23%|██▎       | 48/212 [01:27<04:56,  1.81s/it]
train:  23%|██▎       | 49/212 [01:29<04:50,  1.78s/it]
train:  24%|██▎       | 50/212 [01:31<04:45,  1.76s/it]
train:  24%|██▍       | 51/212 [01:32<04:40,  1.74s/it]
train:  25%|██▍       | 52/212 [01:34<04:41,  1.76s/it]
train:  25%|██▌       | 53/212 [01:36<04:38,  1.75s/it]
train:  25%|██▌       | 54/212 [01:38<04:49,  1.83s/it]
train:  26%|██▌       | 55/212 [01:40<04:43,  1.80s/it]
train:  26%|██▋       | 56/212 [01:41<04:36,  1.77s/it]
train:  27%|██▋       | 57/212 [01:44<05:01,  1.95s/it]
train:  27%|██▋       | 58/212 [01:45<04:50,  1.89s/it]
train:  28%|██▊       | 59/212 [01:47<04:38,  1.82s/it]
train:  28%|██▊       | 60/212 [01:49<04:51,  1.92s/it]
train:  29%|██▉       | 61/212 [01:51<04:40,  1.85s/it]
train:  29%|██▉       | 62/212 [01:53<04:34,  1.83s/it]
train:  30%|██▉       | 63/212 [01:55<04:51,  1.96s/it]
train:  30%|███       | 64/212 [01:57<04:40,  1.90s/it]
train:  31%|███       | 65/212 [01:58<04:31,  1.85s/it]
train:  31%|███       | 66/212 [02:01<04:52,  2.00s/it]
train:  32%|███▏      | 67/212 [02:02<04:36,  1.91s/it]
train:  32%|███▏      | 68/212 [02:04<04:24,  1.84s/it]
train:  33%|███▎      | 69/212 [02:06<04:17,  1.80s/it]
train:  33%|███▎      | 70/212 [02:08<04:19,  1.83s/it]
train:  33%|███▎      | 71/212 [02:09<04:13,  1.80s/it]
train:  34%|███▍      | 72/212 [02:11<04:11,  1.80s/it]
train:  34%|███▍      | 73/212 [02:13<04:05,  1.77s/it]
train:  35%|███▍      | 74/212 [02:15<03:59,  1.74s/it]
train:  35%|███▌      | 75/212 [02:16<04:00,  1.76s/it]
train:  36%|███▌      | 76/212 [02:19<04:13,  1.86s/it]
train:  36%|███▋      | 77/212 [02:20<04:03,  1.80s/it]
train:  37%|███▋      | 78/212 [02:22<03:58,  1.78s/it]
train:  37%|███▋      | 79/212 [02:24<03:56,  1.78s/it]
train:  38%|███▊      | 80/212 [02:25<03:54,  1.77s/it]
train:  38%|███▊      | 81/212 [02:27<03:52,  1.77s/it]
train:  39%|███▊      | 82/212 [02:29<03:53,  1.80s/it]
train:  39%|███▉      | 83/212 [02:31<03:52,  1.80s/it]
train:  40%|███▉      | 84/212 [02:33<03:55,  1.84s/it]
train:  40%|████      | 85/212 [02:35<03:50,  1.81s/it]
train:  41%|████      | 86/212 [02:37<03:53,  1.85s/it]
train:  41%|████      | 87/212 [02:38<03:46,  1.81s/it]
train:  42%|████▏     | 88/212 [02:40<03:38,  1.77s/it]
train:  42%|████▏     | 89/212 [02:42<03:39,  1.79s/it]
train:  42%|████▏     | 90/212 [02:43<03:35,  1.77s/it]
train:  43%|████▎     | 91/212 [02:45<03:31,  1.75s/it]
train:  43%|████▎     | 92/212 [02:47<03:31,  1.76s/it]
train:  44%|████▍     | 93/212 [02:49<03:26,  1.74s/it]
train:  44%|████▍     | 94/212 [02:50<03:26,  1.75s/it]
train:  45%|████▍     | 95/212 [02:52<03:22,  1.73s/it]
train:  45%|████▌     | 96/212 [02:54<03:34,  1.85s/it]
train:  46%|████▌     | 97/212 [02:56<03:27,  1.80s/it]
train:  46%|████▌     | 98/212 [02:58<03:21,  1.77s/it]
train:  47%|████▋     | 99/212 [02:59<03:22,  1.79s/it]
train:  47%|████▋     | 100/212 [03:01<03:17,  1.77s/it]
train:  48%|████▊     | 101/212 [03:03<03:15,  1.76s/it]
train:  48%|████▊     | 102/212 [03:05<03:13,  1.76s/it]
train:  49%|████▊     | 103/212 [03:06<03:11,  1.76s/it]
train:  49%|████▉     | 104/212 [03:08<03:13,  1.79s/it]
train:  50%|████▉     | 105/212 [03:10<03:10,  1.78s/it]
train:  50%|█████     | 106/212 [03:12<03:14,  1.83s/it]
train:  50%|█████     | 107/212 [03:14<03:07,  1.79s/it]
train:  51%|█████     | 108/212 [03:15<03:03,  1.76s/it]
train:  51%|█████▏    | 109/212 [03:17<03:03,  1.79s/it]
train:  52%|█████▏    | 110/212 [03:19<03:01,  1.78s/it]
train:  52%|█████▏    | 111/212 [03:21<02:57,  1.76s/it]
train:  53%|█████▎    | 112/212 [03:22<02:54,  1.75s/it]
train:  53%|█████▎    | 113/212 [03:24<02:53,  1.75s/it]
train:  54%|█████▍    | 114/212 [03:26<02:49,  1.73s/it]
train:  54%|█████▍    | 115/212 [03:28<02:46,  1.72s/it]
train:  55%|█████▍    | 116/212 [03:30<02:56,  1.84s/it]
train:  55%|█████▌    | 117/212 [03:32<02:55,  1.84s/it]
train:  56%|█████▌    | 118/212 [03:33<02:51,  1.83s/it]
train:  56%|█████▌    | 119/212 [03:36<03:06,  2.01s/it]
train:  57%|█████▋    | 120/212 [03:38<03:00,  1.96s/it]
train:  57%|█████▋    | 121/212 [03:39<02:52,  1.90s/it]
train:  58%|█████▊    | 122/212 [03:41<02:52,  1.92s/it]
train:  58%|█████▊    | 123/212 [03:43<02:46,  1.88s/it]
train:  58%|█████▊    | 124/212 [03:45<02:40,  1.83s/it]
train:  59%|█████▉    | 125/212 [03:47<02:49,  1.95s/it]
train:  59%|█████▉    | 126/212 [03:49<02:41,  1.88s/it]
train:  60%|█████▉    | 127/212 [03:50<02:34,  1.82s/it]
train:  60%|██████    | 128/212 [03:52<02:29,  1.78s/it]
train:  61%|██████    | 129/212 [03:54<02:25,  1.75s/it]
train:  61%|██████▏   | 130/212 [03:55<02:21,  1.72s/it]
train:  62%|██████▏   | 131/212 [03:57<02:20,  1.73s/it]
train:  62%|██████▏   | 132/212 [03:59<02:17,  1.72s/it]
train:  63%|██████▎   | 133/212 [04:01<02:14,  1.70s/it]
train:  63%|██████▎   | 134/212 [04:02<02:12,  1.70s/it]
train:  64%|██████▎   | 135/212 [04:04<02:11,  1.70s/it]
train:  64%|██████▍   | 136/212 [04:06<02:12,  1.74s/it]
train:  65%|██████▍   | 137/212 [04:08<02:10,  1.74s/it]
train:  65%|██████▌   | 138/212 [04:09<02:09,  1.74s/it]
train:  66%|██████▌   | 139/212 [04:11<02:05,  1.72s/it]
train:  66%|██████▌   | 140/212 [04:13<02:07,  1.77s/it]
train:  67%|██████▋   | 141/212 [04:15<02:07,  1.79s/it]
train:  67%|██████▋   | 142/212 [04:17<02:12,  1.89s/it]
train:  67%|██████▋   | 143/212 [04:19<02:07,  1.85s/it]
train:  68%|██████▊   | 144/212 [04:20<02:01,  1.79s/it]
train:  68%|██████▊   | 145/212 [04:23<02:10,  1.95s/it]
train:  69%|██████▉   | 146/212 [04:24<02:03,  1.87s/it]
train:  69%|██████▉   | 147/212 [04:26<01:56,  1.79s/it]
train:  70%|██████▉   | 148/212 [04:28<01:53,  1.78s/it]
train:  70%|███████   | 149/212 [04:29<01:51,  1.77s/it]
train:  71%|███████   | 150/212 [04:31<01:49,  1.76s/it]
train:  71%|███████   | 151/212 [04:33<01:45,  1.73s/it]
train:  72%|███████▏  | 152/212 [04:34<01:42,  1.71s/it]
train:  72%|███████▏  | 153/212 [04:36<01:39,  1.68s/it]
train:  73%|███████▎  | 154/212 [04:38<01:37,  1.69s/it]
train:  73%|███████▎  | 155/212 [04:39<01:37,  1.71s/it]
train:  74%|███████▎  | 156/212 [04:41<01:37,  1.73s/it]
train:  74%|███████▍  | 157/212 [04:43<01:34,  1.73s/it]
train:  75%|███████▍  | 158/212 [04:45<01:33,  1.73s/it]
train:  75%|███████▌  | 159/212 [04:46<01:30,  1.71s/it]
train:  75%|███████▌  | 160/212 [04:48<01:28,  1.71s/it]
train:  76%|███████▌  | 161/212 [04:50<01:27,  1.72s/it]
train:  76%|███████▋  | 162/212 [04:52<01:32,  1.84s/it]
train:  77%|███████▋  | 163/212 [04:54<01:28,  1.80s/it]
train:  77%|███████▋  | 164/212 [04:55<01:24,  1.77s/it]
train:  78%|███████▊  | 165/212 [04:57<01:22,  1.75s/it]
train:  78%|███████▊  | 166/212 [04:59<01:20,  1.74s/it]
train:  79%|███████▉  | 167/212 [05:01<01:18,  1.74s/it]
train:  79%|███████▉  | 168/212 [05:02<01:16,  1.73s/it]
train:  80%|███████▉  | 169/212 [05:04<01:13,  1.71s/it]
train:  80%|████████  | 170/212 [05:06<01:11,  1.71s/it]
train:  81%|████████  | 171/212 [05:07<01:09,  1.70s/it]
train:  81%|████████  | 172/212 [05:10<01:14,  1.86s/it]
train:  82%|████████▏ | 173/212 [05:11<01:09,  1.79s/it]
train:  82%|████████▏ | 174/212 [05:13<01:06,  1.74s/it]
train:  83%|████████▎ | 175/212 [05:14<01:03,  1.70s/it]
train:  83%|████████▎ | 176/212 [05:16<01:00,  1.69s/it]
train:  83%|████████▎ | 177/212 [05:18<00:59,  1.69s/it]
train:  84%|████████▍ | 178/212 [05:19<00:57,  1.69s/it]
train:  84%|████████▍ | 179/212 [05:21<00:58,  1.77s/it]
train:  85%|████████▍ | 180/212 [05:23<00:56,  1.75s/it]
train:  85%|████████▌ | 181/212 [05:25<00:54,  1.75s/it]
train:  86%|████████▌ | 182/212 [05:27<00:52,  1.76s/it]
train:  86%|████████▋ | 183/212 [05:28<00:50,  1.75s/it]
train:  87%|████████▋ | 184/212 [05:30<00:48,  1.73s/it]
train:  87%|████████▋ | 185/212 [05:32<00:46,  1.71s/it]
train:  88%|████████▊ | 186/212 [05:33<00:43,  1.68s/it]
train:  88%|████████▊ | 187/212 [05:35<00:41,  1.66s/it]
train:  89%|████████▊ | 188/212 [05:37<00:40,  1.68s/it]
train:  89%|████████▉ | 189/212 [05:38<00:38,  1.69s/it]
train:  90%|████████▉ | 190/212 [05:40<00:37,  1.69s/it]
train:  90%|█████████ | 191/212 [05:42<00:35,  1.68s/it]
train:  91%|█████████ | 192/212 [05:43<00:33,  1.68s/it]
train:  91%|█████████ | 193/212 [05:45<00:32,  1.71s/it]
train:  92%|█████████▏| 194/212 [05:47<00:30,  1.70s/it]
train:  92%|█████████▏| 195/212 [05:49<00:28,  1.69s/it]
train:  92%|█████████▏| 196/212 [05:50<00:27,  1.71s/it]
train:  93%|█████████▎| 197/212 [05:52<00:25,  1.71s/it]
train:  93%|█████████▎| 198/212 [05:54<00:24,  1.72s/it]
train:  94%|█████████▍| 199/212 [05:55<00:22,  1.71s/it]
train:  94%|█████████▍| 200/212 [05:57<00:21,  1.76s/it]
train:  95%|█████████▍| 201/212 [05:59<00:19,  1.78s/it]
train:  95%|█████████▌| 202/212 [06:01<00:17,  1.79s/it]
train:  96%|█████████▌| 203/212 [06:03<00:17,  1.91s/it]
train:  96%|█████████▌| 204/212 [06:05<00:14,  1.85s/it]
train:  97%|█████████▋| 205/212 [06:06<00:12,  1.79s/it]
train:  97%|█████████▋| 206/212 [06:08<00:10,  1.77s/it]
train:  98%|█████████▊| 207/212 [06:10<00:08,  1.76s/it]
train:  98%|█████████▊| 208/212 [06:12<00:06,  1.73s/it]
train:  99%|█████████▊| 209/212 [06:13<00:05,  1.73s/it]
train:  99%|█████████▉| 210/212 [06:15<00:03,  1.72s/it]
train: 100%|█████████▉| 211/212 [06:17<00:01,  1.70s/it]
train: 100%|██████████| 212/212 [06:18<00:00,  1.67s/it]
                                                        

val:   0%|          | 0/13 [00:00<?, ?it/s]
val:   8%|▊         | 1/13 [00:00<00:03,  3.13it/s]
val:  15%|█▌        | 2/13 [00:01<00:06,  1.62it/s]
val:  23%|██▎       | 3/13 [00:01<00:04,  2.11it/s]
val:  31%|███       | 4/13 [00:01<00:03,  2.43it/s]
val:  38%|███▊      | 5/13 [00:02<00:02,  2.70it/s]
val:  46%|████▌     | 6/13 [00:02<00:02,  2.81it/s]
val:  54%|█████▍    | 7/13 [00:02<00:02,  2.86it/s]
val:  62%|██████▏   | 8/13 [00:03<00:01,  2.96it/s]
val:  69%|██████▉   | 9/13 [00:03<00:01,  3.05it/s]
val:  77%|███████▋  | 10/13 [00:03<00:00,  3.14it/s]
val:  85%|████████▍ | 11/13 [00:03<00:00,  3.19it/s]
val:  92%|█████████▏| 12/13 [00:04<00:00,  3.27it/s]
val: 100%|██████████| 13/13 [00:04<00:00,  3.67it/s]
                                                    
Epoch 5/5 | train_loss=2.0761 | val_loss=2.0517
Early stopping: no val improvement for 3 epoch(s)
Checkpoints saved to outputs/pretrain_cinc_full24_cpu
